[0.012s] Invoking command in '/home/jestin/Desktop/Project2/build/drive_pkg': CMAKE_PREFIX_PATH=/opt/ros/humble /usr/bin/cmake /home/jestin/Desktop/Project2/src/drive_pkg -DCMAKE_INSTALL_PREFIX=/home/jestin/Desktop/Project2/install/drive_pkg
[0.165s] -- The C compiler identification is GNU 11.4.0
[0.291s] -- The CXX compiler identification is GNU 11.4.0
[0.300s] -- Detecting C compiler ABI info
[0.362s] -- Detecting C compiler ABI info - done
[0.367s] -- Check for working C compiler: /usr/bin/cc - skipped
[0.368s] -- Detecting C compile features
[0.368s] -- Detecting C compile features - done
[0.372s] -- Detecting CXX compiler ABI info
[0.436s] -- Detecting CXX compiler ABI info - done
[0.442s] -- Check for working CXX compiler: /usr/bin/c++ - skipped
[0.442s] -- Detecting CXX compile features
[0.442s] -- Detecting CXX compile features - done
[0.447s] -- Found ament_cmake: 1.3.10 (/opt/ros/humble/share/ament_cmake/cmake)
[0.563s] -- Found Python3: /usr/bin/python3 (found version "3.10.12") found components: Interpreter 
[0.654s] -- Found ament_lint_auto: 0.12.11 (/opt/ros/humble/share/ament_lint_auto/cmake)
[0.724s] -- Added test 'lint_cmake' to check CMake code style
[0.725s] -- Added test 'xmllint' to check XML markup files
[0.727s] -- Configuring done
[0.728s] -- Generating done
[0.729s] -- Build files have been written to: /home/jestin/Desktop/Project2/build/drive_pkg
[0.733s] Invoked command in '/home/jestin/Desktop/Project2/build/drive_pkg' returned '0': CMAKE_PREFIX_PATH=/opt/ros/humble /usr/bin/cmake /home/jestin/Desktop/Project2/src/drive_pkg -DCMAKE_INSTALL_PREFIX=/home/jestin/Desktop/Project2/install/drive_pkg
[0.733s] Invoking command in '/home/jestin/Desktop/Project2/build/drive_pkg': CMAKE_PREFIX_PATH=/opt/ros/humble /usr/bin/cmake --build /home/jestin/Desktop/Project2/build/drive_pkg -- -j8 -l8
[0.760s] Invoked command in '/home/jestin/Desktop/Project2/build/drive_pkg' returned '0': CMAKE_PREFIX_PATH=/opt/ros/humble /usr/bin/cmake --build /home/jestin/Desktop/Project2/build/drive_pkg -- -j8 -l8
[0.781s] Invoking command in '/home/jestin/Desktop/Project2/build/drive_pkg': CMAKE_PREFIX_PATH=/opt/ros/humble /usr/bin/cmake --install /home/jestin/Desktop/Project2/build/drive_pkg
[0.786s] -- Install configuration: ""
[0.786s] -- Installing: /home/jestin/Desktop/Project2/install/drive_pkg/share/ament_index/resource_index/package_run_dependencies/drive_pkg
[0.786s] -- Installing: /home/jestin/Desktop/Project2/install/drive_pkg/share/ament_index/resource_index/parent_prefix_path/drive_pkg
[0.786s] -- Installing: /home/jestin/Desktop/Project2/install/drive_pkg/share/drive_pkg/environment/ament_prefix_path.sh
[0.787s] -- Installing: /home/jestin/Desktop/Project2/install/drive_pkg/share/drive_pkg/environment/ament_prefix_path.dsv
[0.787s] -- Installing: /home/jestin/Desktop/Project2/install/drive_pkg/share/drive_pkg/environment/path.sh
[0.787s] -- Installing: /home/jestin/Desktop/Project2/install/drive_pkg/share/drive_pkg/environment/path.dsv
[0.787s] -- Installing: /home/jestin/Desktop/Project2/install/drive_pkg/share/drive_pkg/local_setup.bash
[0.787s] -- Installing: /home/jestin/Desktop/Project2/install/drive_pkg/share/drive_pkg/local_setup.sh
[0.787s] -- Installing: /home/jestin/Desktop/Project2/install/drive_pkg/share/drive_pkg/local_setup.zsh
[0.787s] -- Installing: /home/jestin/Desktop/Project2/install/drive_pkg/share/drive_pkg/local_setup.dsv
[0.787s] -- Installing: /home/jestin/Desktop/Project2/install/drive_pkg/share/drive_pkg/package.dsv
[0.788s] -- Installing: /home/jestin/Desktop/Project2/install/drive_pkg/share/ament_index/resource_index/packages/drive_pkg
[0.788s] -- Installing: /home/jestin/Desktop/Project2/install/drive_pkg/share/drive_pkg/cmake/drive_pkgConfig.cmake
[0.788s] -- Installing: /home/jestin/Desktop/Project2/install/drive_pkg/share/drive_pkg/cmake/drive_pkgConfig-version.cmake
[0.788s] -- Installing: /home/jestin/Desktop/Project2/install/drive_pkg/share/drive_pkg/package.xml
[0.789s] Invoked command in '/home/jestin/Desktop/Project2/build/drive_pkg' returned '0': CMAKE_PREFIX_PATH=/opt/ros/humble /usr/bin/cmake --install /home/jestin/Desktop/Project2/build/drive_pkg
