[0.088s] DEBUG:colcon:Command line arguments: ['/usr/bin/colcon', 'build', '--packages-select', 'project2']
[0.088s] DEBUG:colcon:Parsed command line arguments: Namespace(log_base=None, log_level=None, verb_name='build', build_base='build', install_base='install', merge_install=False, symlink_install=False, test_result_base=None, continue_on_error=False, executor='parallel', parallel_workers=8, event_handlers=None, ignore_user_meta=False, metas=['./colcon.meta'], base_paths=['.'], packages_ignore=None, packages_ignore_regex=None, paths=None, packages_up_to=None, packages_up_to_regex=None, packages_above=None, packages_above_and_dependencies=None, packages_above_depth=None, packages_select_by_dep=None, packages_skip_by_dep=None, packages_skip_up_to=None, packages_select_build_failed=False, packages_skip_build_finished=False, packages_select_test_failures=False, packages_skip_test_passed=False, packages_select=['project2'], packages_skip=None, packages_select_regex=None, packages_skip_regex=None, packages_start=None, packages_end=None, allow_overriding=[], cmake_args=None, cmake_target=None, cmake_target_skip_unavailable=False, cmake_clean_cache=False, cmake_clean_first=False, cmake_force_configure=False, ament_cmake_args=None, catkin_cmake_args=None, catkin_skip_building_tests=False, mixin_files=None, mixin=None, verb_parser=<colcon_mixin.mixin.mixin_argument.MixinArgumentDecorator object at 0x74f43edef250>, verb_extension=<colcon_core.verb.build.BuildVerb object at 0x74f43eeef8e0>, main=<bound method BuildVerb.main of <colcon_core.verb.build.BuildVerb object at 0x74f43eeef8e0>>, mixin_verb=('build',))
[0.220s] Level 1:colcon.colcon_core.package_discovery:discover_packages(colcon_meta) check parameters
[0.220s] Level 1:colcon.colcon_core.package_discovery:discover_packages(recursive) check parameters
[0.220s] Level 1:colcon.colcon_core.package_discovery:discover_packages(ignore) check parameters
[0.220s] Level 1:colcon.colcon_core.package_discovery:discover_packages(path) check parameters
[0.220s] Level 1:colcon.colcon_core.package_discovery:discover_packages(colcon_meta) discover
[0.220s] Level 1:colcon.colcon_core.package_discovery:discover_packages(recursive) discover
[0.220s] INFO:colcon.colcon_core.package_discovery:Crawling recursively for packages in '/home/jestin/SegFault/tb_ws'
[0.220s] Level 1:colcon.colcon_core.package_identification:_identify(.) by extensions ['ignore', 'ignore_ament_install']
[0.220s] Level 1:colcon.colcon_core.package_identification:_identify(.) by extension 'ignore'
[0.220s] Level 1:colcon.colcon_core.package_identification:_identify(.) by extension 'ignore_ament_install'
[0.220s] Level 1:colcon.colcon_core.package_identification:_identify(.) by extensions ['colcon_pkg']
[0.220s] Level 1:colcon.colcon_core.package_identification:_identify(.) by extension 'colcon_pkg'
[0.220s] Level 1:colcon.colcon_core.package_identification:_identify(.) by extensions ['colcon_meta']
[0.220s] Level 1:colcon.colcon_core.package_identification:_identify(.) by extension 'colcon_meta'
[0.220s] Level 1:colcon.colcon_core.package_identification:_identify(.) by extensions ['ros']
[0.221s] Level 1:colcon.colcon_core.package_identification:_identify(.) by extension 'ros'
[0.229s] Level 1:colcon.colcon_core.package_identification:_identify(.) by extensions ['cmake', 'python']
[0.229s] Level 1:colcon.colcon_core.package_identification:_identify(.) by extension 'cmake'
[0.229s] Level 1:colcon.colcon_core.package_identification:_identify(.) by extension 'python'
[0.229s] Level 1:colcon.colcon_core.package_identification:_identify(.) by extensions ['python_setup_py']
[0.229s] Level 1:colcon.colcon_core.package_identification:_identify(.) by extension 'python_setup_py'
[0.229s] Level 1:colcon.colcon_core.package_identification:_identify(build) by extensions ['ignore', 'ignore_ament_install']
[0.229s] Level 1:colcon.colcon_core.package_identification:_identify(build) by extension 'ignore'
[0.229s] Level 1:colcon.colcon_core.package_identification:_identify(build) ignored
[0.229s] Level 1:colcon.colcon_core.package_identification:_identify(install) by extensions ['ignore', 'ignore_ament_install']
[0.229s] Level 1:colcon.colcon_core.package_identification:_identify(install) by extension 'ignore'
[0.229s] Level 1:colcon.colcon_core.package_identification:_identify(install) ignored
[0.229s] Level 1:colcon.colcon_core.package_identification:_identify(log) by extensions ['ignore', 'ignore_ament_install']
[0.229s] Level 1:colcon.colcon_core.package_identification:_identify(log) by extension 'ignore'
[0.229s] Level 1:colcon.colcon_core.package_identification:_identify(log) ignored
[0.229s] Level 1:colcon.colcon_core.package_identification:_identify(src) by extensions ['ignore', 'ignore_ament_install']
[0.229s] Level 1:colcon.colcon_core.package_identification:_identify(src) by extension 'ignore'
[0.229s] Level 1:colcon.colcon_core.package_identification:_identify(src) by extension 'ignore_ament_install'
[0.229s] Level 1:colcon.colcon_core.package_identification:_identify(src) by extensions ['colcon_pkg']
[0.229s] Level 1:colcon.colcon_core.package_identification:_identify(src) by extension 'colcon_pkg'
[0.230s] Level 1:colcon.colcon_core.package_identification:_identify(src) by extensions ['colcon_meta']
[0.230s] Level 1:colcon.colcon_core.package_identification:_identify(src) by extension 'colcon_meta'
[0.230s] Level 1:colcon.colcon_core.package_identification:_identify(src) by extensions ['ros']
[0.230s] Level 1:colcon.colcon_core.package_identification:_identify(src) by extension 'ros'
[0.230s] Level 1:colcon.colcon_core.package_identification:_identify(src) by extensions ['cmake', 'python']
[0.230s] Level 1:colcon.colcon_core.package_identification:_identify(src) by extension 'cmake'
[0.230s] Level 1:colcon.colcon_core.package_identification:_identify(src) by extension 'python'
[0.230s] Level 1:colcon.colcon_core.package_identification:_identify(src) by extensions ['python_setup_py']
[0.230s] Level 1:colcon.colcon_core.package_identification:_identify(src) by extension 'python_setup_py'
[0.230s] Level 1:colcon.colcon_core.package_identification:_identify(src/project2) by extensions ['ignore', 'ignore_ament_install']
[0.230s] Level 1:colcon.colcon_core.package_identification:_identify(src/project2) by extension 'ignore'
[0.230s] Level 1:colcon.colcon_core.package_identification:_identify(src/project2) by extension 'ignore_ament_install'
[0.230s] Level 1:colcon.colcon_core.package_identification:_identify(src/project2) by extensions ['colcon_pkg']
[0.230s] Level 1:colcon.colcon_core.package_identification:_identify(src/project2) by extension 'colcon_pkg'
[0.230s] Level 1:colcon.colcon_core.package_identification:_identify(src/project2) by extensions ['colcon_meta']
[0.230s] Level 1:colcon.colcon_core.package_identification:_identify(src/project2) by extension 'colcon_meta'
[0.230s] Level 1:colcon.colcon_core.package_identification:_identify(src/project2) by extensions ['ros']
[0.230s] Level 1:colcon.colcon_core.package_identification:_identify(src/project2) by extension 'ros'
[0.232s] DEBUG:colcon.colcon_core.package_identification:Package 'src/project2' with type 'ros.ament_cmake' and name 'project2'
[0.232s] Level 1:colcon.colcon_core.package_discovery:discover_packages(recursive) using defaults
[0.232s] Level 1:colcon.colcon_core.package_discovery:discover_packages(ignore) discover
[0.232s] Level 1:colcon.colcon_core.package_discovery:discover_packages(ignore) using defaults
[0.232s] Level 1:colcon.colcon_core.package_discovery:discover_packages(path) discover
[0.232s] Level 1:colcon.colcon_core.package_discovery:discover_packages(path) using defaults
[0.257s] Level 1:colcon.colcon_core.package_discovery:discover_packages(prefix_path) check parameters
[0.257s] Level 1:colcon.colcon_core.package_discovery:discover_packages(prefix_path) discover
[0.260s] DEBUG:colcon.colcon_installed_package_information.package_discovery:Found 1 installed packages in /home/jestin/SegFault/tb_ws/install
[0.261s] DEBUG:colcon.colcon_installed_package_information.package_discovery:Found 476 installed packages in /opt/ros/humble
[0.263s] Level 1:colcon.colcon_core.package_discovery:discover_packages(prefix_path) using defaults
[0.301s] Level 5:colcon.colcon_core.verb:set package 'project2' build argument 'cmake_args' from command line to 'None'
[0.301s] Level 5:colcon.colcon_core.verb:set package 'project2' build argument 'cmake_target' from command line to 'None'
[0.301s] Level 5:colcon.colcon_core.verb:set package 'project2' build argument 'cmake_target_skip_unavailable' from command line to 'False'
[0.301s] Level 5:colcon.colcon_core.verb:set package 'project2' build argument 'cmake_clean_cache' from command line to 'False'
[0.301s] Level 5:colcon.colcon_core.verb:set package 'project2' build argument 'cmake_clean_first' from command line to 'False'
[0.301s] Level 5:colcon.colcon_core.verb:set package 'project2' build argument 'cmake_force_configure' from command line to 'False'
[0.301s] Level 5:colcon.colcon_core.verb:set package 'project2' build argument 'ament_cmake_args' from command line to 'None'
[0.301s] Level 5:colcon.colcon_core.verb:set package 'project2' build argument 'catkin_cmake_args' from command line to 'None'
[0.301s] Level 5:colcon.colcon_core.verb:set package 'project2' build argument 'catkin_skip_building_tests' from command line to 'False'
[0.301s] DEBUG:colcon.colcon_core.verb:Building package 'project2' with the following arguments: {'ament_cmake_args': None, 'build_base': '/home/jestin/SegFault/tb_ws/build/project2', 'catkin_cmake_args': None, 'catkin_skip_building_tests': False, 'cmake_args': None, 'cmake_clean_cache': False, 'cmake_clean_first': False, 'cmake_force_configure': False, 'cmake_target': None, 'cmake_target_skip_unavailable': False, 'install_base': '/home/jestin/SegFault/tb_ws/install/project2', 'merge_install': False, 'path': '/home/jestin/SegFault/tb_ws/src/project2', 'symlink_install': False, 'test_result_base': None}
[0.302s] INFO:colcon.colcon_core.executor:Executing jobs using 'parallel' executor
[0.302s] DEBUG:colcon.colcon_parallel_executor.executor.parallel:run_until_complete
[0.303s] INFO:colcon.colcon_ros.task.ament_cmake.build:Building ROS package in '/home/jestin/SegFault/tb_ws/src/project2' with build type 'ament_cmake'
[0.303s] INFO:colcon.colcon_cmake.task.cmake.build:Building CMake package in '/home/jestin/SegFault/tb_ws/src/project2'
[0.306s] INFO:colcon.colcon_core.plugin_system:Skipping extension 'colcon_core.shell.bat': Not used on non-Windows systems
[0.306s] INFO:colcon.colcon_core.shell:Skip shell extension 'powershell' for command environment: Not usable outside of PowerShell
[0.306s] DEBUG:colcon.colcon_core.shell:Skip shell extension 'dsv' for command environment
[0.314s] DEBUG:colcon.colcon_core.event_handler.log_command:Invoking command in '/home/jestin/SegFault/tb_ws/build/project2': CMAKE_PREFIX_PATH=${CMAKE_PREFIX_PATH}:/opt/ros/humble /usr/bin/cmake --build /home/jestin/SegFault/tb_ws/build/project2 -- -j8 -l8
[8.210s] DEBUG:colcon.colcon_core.event_handler.log_command:Invoked command in '/home/jestin/SegFault/tb_ws/build/project2' returned '0': CMAKE_PREFIX_PATH=${CMAKE_PREFIX_PATH}:/opt/ros/humble /usr/bin/cmake --build /home/jestin/SegFault/tb_ws/build/project2 -- -j8 -l8
[8.239s] DEBUG:colcon.colcon_core.event_handler.log_command:Invoking command in '/home/jestin/SegFault/tb_ws/build/project2': CMAKE_PREFIX_PATH=${CMAKE_PREFIX_PATH}:/opt/ros/humble /usr/bin/cmake --install /home/jestin/SegFault/tb_ws/build/project2
[8.252s] Level 1:colcon.colcon_core.environment:create_environment_scripts_only(project2)
[8.253s] DEBUG:colcon.colcon_core.event_handler.log_command:Invoked command in '/home/jestin/SegFault/tb_ws/build/project2' returned '0': CMAKE_PREFIX_PATH=${CMAKE_PREFIX_PATH}:/opt/ros/humble /usr/bin/cmake --install /home/jestin/SegFault/tb_ws/build/project2
[8.254s] Level 1:colcon.colcon_core.environment:checking '/home/jestin/SegFault/tb_ws/install/project2' for CMake module files
[8.254s] Level 1:colcon.colcon_core.environment:checking '/home/jestin/SegFault/tb_ws/install/project2' for CMake config files
[8.255s] Level 1:colcon.colcon_core.shell:create_environment_hook('project2', 'cmake_prefix_path')
[8.255s] INFO:colcon.colcon_core.shell:Creating environment hook '/home/jestin/SegFault/tb_ws/install/project2/share/project2/hook/cmake_prefix_path.ps1'
[8.256s] INFO:colcon.colcon_core.shell:Creating environment descriptor '/home/jestin/SegFault/tb_ws/install/project2/share/project2/hook/cmake_prefix_path.dsv'
[8.256s] INFO:colcon.colcon_core.shell:Creating environment hook '/home/jestin/SegFault/tb_ws/install/project2/share/project2/hook/cmake_prefix_path.sh'
[8.257s] Level 1:colcon.colcon_core.environment:checking '/home/jestin/SegFault/tb_ws/install/project2/lib'
[8.257s] Level 1:colcon.colcon_core.environment:checking '/home/jestin/SegFault/tb_ws/install/project2/bin'
[8.257s] Level 1:colcon.colcon_core.environment:checking '/home/jestin/SegFault/tb_ws/install/project2/lib/pkgconfig/project2.pc'
[8.257s] Level 1:colcon.colcon_core.environment:checking '/home/jestin/SegFault/tb_ws/install/project2/lib/python3.10/site-packages'
[8.257s] Level 1:colcon.colcon_core.environment:checking '/home/jestin/SegFault/tb_ws/install/project2/bin'
[8.258s] INFO:colcon.colcon_core.shell:Creating package script '/home/jestin/SegFault/tb_ws/install/project2/share/project2/package.ps1'
[8.258s] INFO:colcon.colcon_core.shell:Creating package descriptor '/home/jestin/SegFault/tb_ws/install/project2/share/project2/package.dsv'
[8.259s] INFO:colcon.colcon_core.shell:Creating package script '/home/jestin/SegFault/tb_ws/install/project2/share/project2/package.sh'
[8.260s] INFO:colcon.colcon_core.shell:Creating package script '/home/jestin/SegFault/tb_ws/install/project2/share/project2/package.bash'
[8.260s] INFO:colcon.colcon_core.shell:Creating package script '/home/jestin/SegFault/tb_ws/install/project2/share/project2/package.zsh'
[8.260s] Level 1:colcon.colcon_core.environment:create_file_with_runtime_dependencies(/home/jestin/SegFault/tb_ws/install/project2/share/colcon-core/packages/project2)
[8.283s] Level 1:colcon.colcon_core.environment:create_environment_scripts_only(project2)
[8.283s] Level 1:colcon.colcon_core.environment:checking '/home/jestin/SegFault/tb_ws/install/project2' for CMake module files
[8.283s] Level 1:colcon.colcon_core.environment:checking '/home/jestin/SegFault/tb_ws/install/project2' for CMake config files
[8.283s] Level 1:colcon.colcon_core.shell:create_environment_hook('project2', 'cmake_prefix_path')
[8.284s] INFO:colcon.colcon_core.shell:Creating environment hook '/home/jestin/SegFault/tb_ws/install/project2/share/project2/hook/cmake_prefix_path.ps1'
[8.284s] INFO:colcon.colcon_core.shell:Creating environment descriptor '/home/jestin/SegFault/tb_ws/install/project2/share/project2/hook/cmake_prefix_path.dsv'
[8.284s] INFO:colcon.colcon_core.shell:Creating environment hook '/home/jestin/SegFault/tb_ws/install/project2/share/project2/hook/cmake_prefix_path.sh'
[8.285s] Level 1:colcon.colcon_core.environment:checking '/home/jestin/SegFault/tb_ws/install/project2/lib'
[8.285s] Level 1:colcon.colcon_core.environment:checking '/home/jestin/SegFault/tb_ws/install/project2/bin'
[8.285s] Level 1:colcon.colcon_core.environment:checking '/home/jestin/SegFault/tb_ws/install/project2/lib/pkgconfig/project2.pc'
[8.285s] Level 1:colcon.colcon_core.environment:checking '/home/jestin/SegFault/tb_ws/install/project2/lib/python3.10/site-packages'
[8.285s] Level 1:colcon.colcon_core.environment:checking '/home/jestin/SegFault/tb_ws/install/project2/bin'
[8.285s] INFO:colcon.colcon_core.shell:Creating package script '/home/jestin/SegFault/tb_ws/install/project2/share/project2/package.ps1'
[8.285s] INFO:colcon.colcon_core.shell:Creating package descriptor '/home/jestin/SegFault/tb_ws/install/project2/share/project2/package.dsv'
[8.286s] INFO:colcon.colcon_core.shell:Creating package script '/home/jestin/SegFault/tb_ws/install/project2/share/project2/package.sh'
[8.286s] INFO:colcon.colcon_core.shell:Creating package script '/home/jestin/SegFault/tb_ws/install/project2/share/project2/package.bash'
[8.286s] INFO:colcon.colcon_core.shell:Creating package script '/home/jestin/SegFault/tb_ws/install/project2/share/project2/package.zsh'
[8.286s] Level 1:colcon.colcon_core.environment:create_file_with_runtime_dependencies(/home/jestin/SegFault/tb_ws/install/project2/share/colcon-core/packages/project2)
[8.287s] DEBUG:colcon.colcon_parallel_executor.executor.parallel:closing loop
[8.287s] DEBUG:colcon.colcon_parallel_executor.executor.parallel:loop closed
[8.287s] DEBUG:colcon.colcon_parallel_executor.executor.parallel:run_until_complete finished with '0'
[8.287s] DEBUG:colcon.colcon_core.event_reactor:joining thread
[8.290s] INFO:colcon.colcon_core.plugin_system:Skipping extension 'colcon_notification.desktop_notification.terminal_notifier': Not used on non-Darwin systems
[8.291s] INFO:colcon.colcon_core.plugin_system:Skipping extension 'colcon_notification.desktop_notification.win32': Not used on non-Windows systems
[8.291s] INFO:colcon.colcon_notification.desktop_notification:Sending desktop notification using 'notify2'
[8.305s] DEBUG:colcon.colcon_core.event_reactor:joined thread
[8.306s] INFO:colcon.colcon_core.shell:Creating prefix script '/home/jestin/SegFault/tb_ws/install/local_setup.ps1'
[8.307s] INFO:colcon.colcon_core.shell:Creating prefix util module '/home/jestin/SegFault/tb_ws/install/_local_setup_util_ps1.py'
[8.308s] INFO:colcon.colcon_core.shell:Creating prefix chain script '/home/jestin/SegFault/tb_ws/install/setup.ps1'
[8.308s] INFO:colcon.colcon_core.shell:Creating prefix script '/home/jestin/SegFault/tb_ws/install/local_setup.sh'
[8.309s] INFO:colcon.colcon_core.shell:Creating prefix util module '/home/jestin/SegFault/tb_ws/install/_local_setup_util_sh.py'
[8.309s] INFO:colcon.colcon_core.shell:Creating prefix chain script '/home/jestin/SegFault/tb_ws/install/setup.sh'
[8.311s] INFO:colcon.colcon_core.shell:Creating prefix script '/home/jestin/SegFault/tb_ws/install/local_setup.bash'
[8.311s] INFO:colcon.colcon_core.shell:Creating prefix chain script '/home/jestin/SegFault/tb_ws/install/setup.bash'
[8.312s] INFO:colcon.colcon_core.shell:Creating prefix script '/home/jestin/SegFault/tb_ws/install/local_setup.zsh'
[8.312s] INFO:colcon.colcon_core.shell:Creating prefix chain script '/home/jestin/SegFault/tb_ws/install/setup.zsh'
