[35m[1mConsolidate compiler generated dependencies of target project2[0m
[ 50%] [32mBuilding CXX object CMakeFiles/project2.dir/src/TBmain.cpp.o[0m
[100%] [32m[1mLinking CXX executable project2[0m
[100%] Built target project2
-- Install configuration: ""
-- Installing: /home/jestin/SegFault/tb_ws/install/project2/lib/project2/project2
-- Set runtime path of "/home/jestin/SegFault/tb_ws/install/project2/lib/project2/project2" to ""
-- Up-to-date: /home/jestin/SegFault/tb_ws/install/project2/share/project2//launch
-- Up-to-date: /home/jestin/SegFault/tb_ws/install/project2/share/project2//models
-- Up-to-date: /home/jestin/SegFault/tb_ws/install/project2/share/project2//models/turtlebot3_burger
-- Up-to-date: /home/jestin/SegFault/tb_ws/install/project2/share/project2//models/turtlebot3_burger/model.config
-- Up-to-date: /home/jestin/SegFault/tb_ws/install/project2/share/project2//models/turtlebot3_burger/model.sdf
-- Up-to-date: /home/jestin/SegFault/tb_ws/install/project2/share/project2//models/turtlebot3_burger/model-1_4.sdf
-- Up-to-date: /home/jestin/SegFault/tb_ws/install/project2/share/project2//rviz
-- Up-to-date: /home/jestin/SegFault/tb_ws/install/project2/share/project2//urdf
-- Up-to-date: /home/jestin/SegFault/tb_ws/install/project2/share/project2//worlds
-- Up-to-date: /home/jestin/SegFault/tb_ws/install/project2/include/
-- Installing: /home/jestin/SegFault/tb_ws/install/project2/include//TBmain.hpp
-- Up-to-date: /home/jestin/SegFault/tb_ws/install/project2/share/ament_index/resource_index/package_run_dependencies/project2
-- Up-to-date: /home/jestin/SegFault/tb_ws/install/project2/share/ament_index/resource_index/parent_prefix_path/project2
-- Up-to-date: /home/jestin/SegFault/tb_ws/install/project2/share/project2/environment/ament_prefix_path.sh
-- Up-to-date: /home/jestin/SegFault/tb_ws/install/project2/share/project2/environment/ament_prefix_path.dsv
-- Up-to-date: /home/jestin/SegFault/tb_ws/install/project2/share/project2/environment/path.sh
-- Up-to-date: /home/jestin/SegFault/tb_ws/install/project2/share/project2/environment/path.dsv
-- Up-to-date: /home/jestin/SegFault/tb_ws/install/project2/share/project2/local_setup.bash
-- Up-to-date: /home/jestin/SegFault/tb_ws/install/project2/share/project2/local_setup.sh
-- Up-to-date: /home/jestin/SegFault/tb_ws/install/project2/share/project2/local_setup.zsh
-- Up-to-date: /home/jestin/SegFault/tb_ws/install/project2/share/project2/local_setup.dsv
-- Installing: /home/jestin/SegFault/tb_ws/install/project2/share/project2/package.dsv
-- Up-to-date: /home/jestin/SegFault/tb_ws/install/project2/share/ament_index/resource_index/packages/project2
-- Up-to-date: /home/jestin/SegFault/tb_ws/install/project2/share/project2/cmake/ament_cmake_export_include_directories-extras.cmake
-- Up-to-date: /home/jestin/SegFault/tb_ws/install/project2/share/project2/cmake/ament_cmake_export_dependencies-extras.cmake
-- Up-to-date: /home/jestin/SegFault/tb_ws/install/project2/share/project2/cmake/project2Config.cmake
-- Up-to-date: /home/jestin/SegFault/tb_ws/install/project2/share/project2/cmake/project2Config-version.cmake
-- Up-to-date: /home/jestin/SegFault/tb_ws/install/project2/share/project2/package.xml
