[1.156s] DEBUG:colcon:Command line arguments: ['/usr/bin/colcon', 'build', '--packages-select', 'my_package']
[1.157s] DEBUG:colcon:Parsed command line arguments: Namespace(log_base=None, log_level=None, verb_name='build', build_base='build', install_base='install', merge_install=False, symlink_install=False, test_result_base=None, continue_on_error=False, executor='parallel', parallel_workers=4, event_handlers=None, ignore_user_meta=False, metas=['./colcon.meta'], base_paths=['.'], packages_ignore=None, packages_ignore_regex=None, paths=None, packages_up_to=None, packages_up_to_regex=None, packages_above=None, packages_above_and_dependencies=None, packages_above_depth=None, packages_select_by_dep=None, packages_skip_by_dep=None, packages_skip_up_to=None, packages_select_build_failed=False, packages_skip_build_finished=False, packages_select_test_failures=False, packages_skip_test_passed=False, packages_select=['my_package'], packages_skip=None, packages_select_regex=None, packages_skip_regex=None, packages_start=None, packages_end=None, allow_overriding=[], cmake_args=None, cmake_target=None, cmake_target_skip_unavailable=False, cmake_clean_cache=False, cmake_clean_first=False, cmake_force_configure=False, ament_cmake_args=None, catkin_cmake_args=None, catkin_skip_building_tests=False, mixin_files=None, mixin=None, verb_parser=<colcon_mixin.mixin.mixin_argument.MixinArgumentDecorator object at 0xffffabaf9090>, verb_extension=<colcon_core.verb.build.BuildVerb object at 0xffffabc457b0>, main=<bound method BuildVerb.main of <colcon_core.verb.build.BuildVerb object at 0xffffabc457b0>>, mixin_verb=('build',))
[4.036s] Level 1:colcon.colcon_core.package_discovery:discover_packages(colcon_meta) check parameters
[4.038s] Level 1:colcon.colcon_core.package_discovery:discover_packages(recursive) check parameters
[4.038s] Level 1:colcon.colcon_core.package_discovery:discover_packages(ignore) check parameters
[4.039s] Level 1:colcon.colcon_core.package_discovery:discover_packages(path) check parameters
[4.039s] Level 1:colcon.colcon_core.package_discovery:discover_packages(colcon_meta) discover
[4.040s] Level 1:colcon.colcon_core.package_discovery:discover_packages(recursive) discover
[4.040s] INFO:colcon.colcon_core.package_discovery:Crawling recursively for packages in '/home/ubuntu/ros2_ws'
[4.042s] Level 1:colcon.colcon_core.package_identification:_identify(.) by extensions ['ignore', 'ignore_ament_install']
[4.044s] Level 1:colcon.colcon_core.package_identification:_identify(.) by extension 'ignore'
[4.045s] Level 1:colcon.colcon_core.package_identification:_identify(.) by extension 'ignore_ament_install'
[4.046s] Level 1:colcon.colcon_core.package_identification:_identify(.) by extensions ['colcon_pkg']
[4.047s] Level 1:colcon.colcon_core.package_identification:_identify(.) by extension 'colcon_pkg'
[4.047s] Level 1:colcon.colcon_core.package_identification:_identify(.) by extensions ['colcon_meta']
[4.048s] Level 1:colcon.colcon_core.package_identification:_identify(.) by extension 'colcon_meta'
[4.048s] Level 1:colcon.colcon_core.package_identification:_identify(.) by extensions ['ros']
[4.048s] Level 1:colcon.colcon_core.package_identification:_identify(.) by extension 'ros'
[4.166s] Level 1:colcon.colcon_core.package_identification:_identify(.) by extensions ['cmake', 'python']
[4.166s] Level 1:colcon.colcon_core.package_identification:_identify(.) by extension 'cmake'
[4.167s] Level 1:colcon.colcon_core.package_identification:_identify(.) by extension 'python'
[4.167s] Level 1:colcon.colcon_core.package_identification:_identify(.) by extensions ['python_setup_py']
[4.168s] Level 1:colcon.colcon_core.package_identification:_identify(.) by extension 'python_setup_py'
[4.169s] Level 1:colcon.colcon_core.package_identification:_identify(build) by extensions ['ignore', 'ignore_ament_install']
[4.170s] Level 1:colcon.colcon_core.package_identification:_identify(build) by extension 'ignore'
[4.171s] Level 1:colcon.colcon_core.package_identification:_identify(build) ignored
[4.172s] Level 1:colcon.colcon_core.package_identification:_identify(install) by extensions ['ignore', 'ignore_ament_install']
[4.174s] Level 1:colcon.colcon_core.package_identification:_identify(install) by extension 'ignore'
[4.174s] Level 1:colcon.colcon_core.package_identification:_identify(install) ignored
[4.175s] Level 1:colcon.colcon_core.package_identification:_identify(log) by extensions ['ignore', 'ignore_ament_install']
[4.177s] Level 1:colcon.colcon_core.package_identification:_identify(log) by extension 'ignore'
[4.178s] Level 1:colcon.colcon_core.package_identification:_identify(log) ignored
[4.179s] Level 1:colcon.colcon_core.package_identification:_identify(src) by extensions ['ignore', 'ignore_ament_install']
[4.180s] Level 1:colcon.colcon_core.package_identification:_identify(src) by extension 'ignore'
[4.181s] Level 1:colcon.colcon_core.package_identification:_identify(src) by extension 'ignore_ament_install'
[4.182s] Level 1:colcon.colcon_core.package_identification:_identify(src) by extensions ['colcon_pkg']
[4.183s] Level 1:colcon.colcon_core.package_identification:_identify(src) by extension 'colcon_pkg'
[4.183s] Level 1:colcon.colcon_core.package_identification:_identify(src) by extensions ['colcon_meta']
[4.184s] Level 1:colcon.colcon_core.package_identification:_identify(src) by extension 'colcon_meta'
[4.184s] Level 1:colcon.colcon_core.package_identification:_identify(src) by extensions ['ros']
[4.185s] Level 1:colcon.colcon_core.package_identification:_identify(src) by extension 'ros'
[4.186s] Level 1:colcon.colcon_core.package_identification:_identify(src) by extensions ['cmake', 'python']
[4.186s] Level 1:colcon.colcon_core.package_identification:_identify(src) by extension 'cmake'
[4.187s] Level 1:colcon.colcon_core.package_identification:_identify(src) by extension 'python'
[4.188s] Level 1:colcon.colcon_core.package_identification:_identify(src) by extensions ['python_setup_py']
[4.188s] Level 1:colcon.colcon_core.package_identification:_identify(src) by extension 'python_setup_py'
[4.190s] Level 1:colcon.colcon_core.package_identification:_identify(src/camera_ros) by extensions ['ignore', 'ignore_ament_install']
[4.191s] Level 1:colcon.colcon_core.package_identification:_identify(src/camera_ros) by extension 'ignore'
[4.191s] Level 1:colcon.colcon_core.package_identification:_identify(src/camera_ros) by extension 'ignore_ament_install'
[4.192s] Level 1:colcon.colcon_core.package_identification:_identify(src/camera_ros) by extensions ['colcon_pkg']
[4.193s] Level 1:colcon.colcon_core.package_identification:_identify(src/camera_ros) by extension 'colcon_pkg'
[4.193s] Level 1:colcon.colcon_core.package_identification:_identify(src/camera_ros) by extensions ['colcon_meta']
[4.194s] Level 1:colcon.colcon_core.package_identification:_identify(src/camera_ros) by extension 'colcon_meta'
[4.195s] Level 1:colcon.colcon_core.package_identification:_identify(src/camera_ros) by extensions ['ros']
[4.195s] Level 1:colcon.colcon_core.package_identification:_identify(src/camera_ros) by extension 'ros'
[4.236s] DEBUG:colcon.colcon_core.package_identification:Package 'src/camera_ros' with type 'ros.ament_cmake' and name 'camera_ros'
[4.238s] Level 1:colcon.colcon_core.package_identification:_identify(src/my_package) by extensions ['ignore', 'ignore_ament_install']
[4.239s] Level 1:colcon.colcon_core.package_identification:_identify(src/my_package) by extension 'ignore'
[4.240s] Level 1:colcon.colcon_core.package_identification:_identify(src/my_package) by extension 'ignore_ament_install'
[4.241s] Level 1:colcon.colcon_core.package_identification:_identify(src/my_package) by extensions ['colcon_pkg']
[4.242s] Level 1:colcon.colcon_core.package_identification:_identify(src/my_package) by extension 'colcon_pkg'
[4.242s] Level 1:colcon.colcon_core.package_identification:_identify(src/my_package) by extensions ['colcon_meta']
[4.243s] Level 1:colcon.colcon_core.package_identification:_identify(src/my_package) by extension 'colcon_meta'
[4.243s] Level 1:colcon.colcon_core.package_identification:_identify(src/my_package) by extensions ['ros']
[4.244s] Level 1:colcon.colcon_core.package_identification:_identify(src/my_package) by extension 'ros'
[4.249s] DEBUG:colcon.colcon_core.package_identification:Package 'src/my_package' with type 'ros.ament_python' and name 'my_package'
[4.250s] Level 1:colcon.colcon_core.package_identification:_identify(src/samplepackage_turtlebot) by extensions ['ignore', 'ignore_ament_install']
[4.252s] Level 1:colcon.colcon_core.package_identification:_identify(src/samplepackage_turtlebot) by extension 'ignore'
[4.253s] Level 1:colcon.colcon_core.package_identification:_identify(src/samplepackage_turtlebot) by extension 'ignore_ament_install'
[4.254s] Level 1:colcon.colcon_core.package_identification:_identify(src/samplepackage_turtlebot) by extensions ['colcon_pkg']
[4.254s] Level 1:colcon.colcon_core.package_identification:_identify(src/samplepackage_turtlebot) by extension 'colcon_pkg'
[4.255s] Level 1:colcon.colcon_core.package_identification:_identify(src/samplepackage_turtlebot) by extensions ['colcon_meta']
[4.255s] Level 1:colcon.colcon_core.package_identification:_identify(src/samplepackage_turtlebot) by extension 'colcon_meta'
[4.256s] Level 1:colcon.colcon_core.package_identification:_identify(src/samplepackage_turtlebot) by extensions ['ros']
[4.257s] Level 1:colcon.colcon_core.package_identification:_identify(src/samplepackage_turtlebot) by extension 'ros'
[4.265s] DEBUG:colcon.colcon_core.package_identification:Package 'src/samplepackage_turtlebot' with type 'ros.ament_cmake' and name 'samplepackage_turtlebot'
[4.267s] Level 1:colcon.colcon_core.package_identification:_identify(src/self_test) by extensions ['ignore', 'ignore_ament_install']
[4.268s] Level 1:colcon.colcon_core.package_identification:_identify(src/self_test) by extension 'ignore'
[4.269s] Level 1:colcon.colcon_core.package_identification:_identify(src/self_test) by extension 'ignore_ament_install'
[4.270s] Level 1:colcon.colcon_core.package_identification:_identify(src/self_test) by extensions ['colcon_pkg']
[4.270s] Level 1:colcon.colcon_core.package_identification:_identify(src/self_test) by extension 'colcon_pkg'
[4.271s] Level 1:colcon.colcon_core.package_identification:_identify(src/self_test) by extensions ['colcon_meta']
[4.271s] Level 1:colcon.colcon_core.package_identification:_identify(src/self_test) by extension 'colcon_meta'
[4.272s] Level 1:colcon.colcon_core.package_identification:_identify(src/self_test) by extensions ['ros']
[4.272s] Level 1:colcon.colcon_core.package_identification:_identify(src/self_test) by extension 'ros'
[4.281s] DEBUG:colcon.colcon_core.package_identification:Failed to parse potential ROS package manifest in'src/self_test': Error(s) in package 'src/self_test/package.xml':
The manifest contains invalid XML:
mismatched tag: line 23, column 2
[4.282s] Level 1:colcon.colcon_core.package_identification:_identify(src/self_test) by extensions ['cmake', 'python']
[4.283s] Level 1:colcon.colcon_core.package_identification:_identify(src/self_test) by extension 'cmake'
[4.283s] Level 1:colcon.colcon_core.package_identification:_identify(src/self_test) by extension 'python'
[4.285s] DEBUG:colcon.colcon_core.package_identification:Python package in 'src/self_test' passes arguments to the setup() function which requires a different identification extension than 'python'
[4.286s] Level 1:colcon.colcon_core.package_identification:_identify(src/self_test) by extensions ['python_setup_py']
[4.286s] Level 1:colcon.colcon_core.package_identification:_identify(src/self_test) by extension 'python_setup_py'
[7.044s] DEBUG:colcon.colcon_core.package_identification:Package 'src/self_test' with type 'python' and name 'self_test'
[7.045s] Level 1:colcon.colcon_core.package_identification:_identify(src/turtlebot_test) by extensions ['ignore', 'ignore_ament_install']
[7.046s] Level 1:colcon.colcon_core.package_identification:_identify(src/turtlebot_test) by extension 'ignore'
[7.047s] Level 1:colcon.colcon_core.package_identification:_identify(src/turtlebot_test) by extension 'ignore_ament_install'
[7.048s] Level 1:colcon.colcon_core.package_identification:_identify(src/turtlebot_test) by extensions ['colcon_pkg']
[7.049s] Level 1:colcon.colcon_core.package_identification:_identify(src/turtlebot_test) by extension 'colcon_pkg'
[7.049s] Level 1:colcon.colcon_core.package_identification:_identify(src/turtlebot_test) by extensions ['colcon_meta']
[7.050s] Level 1:colcon.colcon_core.package_identification:_identify(src/turtlebot_test) by extension 'colcon_meta'
[7.050s] Level 1:colcon.colcon_core.package_identification:_identify(src/turtlebot_test) by extensions ['ros']
[7.051s] Level 1:colcon.colcon_core.package_identification:_identify(src/turtlebot_test) by extension 'ros'
[7.059s] DEBUG:colcon.colcon_core.package_identification:Failed to parse potential ROS package manifest in'src/turtlebot_test': Error(s) in package 'src/turtlebot_test/package.xml':
The manifest contains invalid XML:
mismatched tag: line 23, column 2
[7.060s] Level 1:colcon.colcon_core.package_identification:_identify(src/turtlebot_test) by extensions ['cmake', 'python']
[7.061s] Level 1:colcon.colcon_core.package_identification:_identify(src/turtlebot_test) by extension 'cmake'
[7.061s] Level 1:colcon.colcon_core.package_identification:_identify(src/turtlebot_test) by extension 'python'
[7.067s] DEBUG:colcon.colcon_core.package_identification:Python package in 'src/turtlebot_test' passes arguments to the setup() function which requires a different identification extension than 'python'
[7.067s] Level 1:colcon.colcon_core.package_identification:_identify(src/turtlebot_test) by extensions ['python_setup_py']
[7.068s] Level 1:colcon.colcon_core.package_identification:_identify(src/turtlebot_test) by extension 'python_setup_py'
[10.220s] DEBUG:colcon.colcon_core.package_identification:Package 'src/turtlebot_test' with type 'python' and name 'turtlebot_test'
[10.221s] Level 1:colcon.colcon_core.package_discovery:discover_packages(recursive) using defaults
[10.222s] Level 1:colcon.colcon_core.package_discovery:discover_packages(ignore) discover
[10.222s] Level 1:colcon.colcon_core.package_discovery:discover_packages(ignore) using defaults
[10.223s] Level 1:colcon.colcon_core.package_discovery:discover_packages(path) discover
[10.223s] Level 1:colcon.colcon_core.package_discovery:discover_packages(path) using defaults
[10.564s] INFO:colcon.colcon_core.package_selection:Skipping not selected package 'camera_ros' in 'src/camera_ros'
[10.565s] INFO:colcon.colcon_core.package_selection:Skipping not selected package 'samplepackage_turtlebot' in 'src/samplepackage_turtlebot'
[10.565s] INFO:colcon.colcon_core.package_selection:Skipping not selected package 'self_test' in 'src/self_test'
[10.566s] INFO:colcon.colcon_core.package_selection:Skipping not selected package 'turtlebot_test' in 'src/turtlebot_test'
[10.574s] Level 1:colcon.colcon_core.package_discovery:discover_packages(prefix_path) check parameters
[10.574s] Level 1:colcon.colcon_core.package_discovery:discover_packages(prefix_path) discover
[10.617s] DEBUG:colcon.colcon_installed_package_information.package_discovery:Found 4 installed packages in /home/ubuntu/ros2_ws/install
[10.625s] DEBUG:colcon.colcon_installed_package_information.package_discovery:Found 7 installed packages in /home/ubuntu/turtlebot3_ws/install
[10.653s] DEBUG:colcon.colcon_installed_package_information.package_discovery:Found 259 installed packages in /opt/ros/humble
[10.678s] Level 1:colcon.colcon_core.package_discovery:discover_packages(prefix_path) using defaults
[11.314s] Level 5:colcon.colcon_core.verb:set package 'my_package' build argument 'cmake_args' from command line to 'None'
[11.314s] Level 5:colcon.colcon_core.verb:set package 'my_package' build argument 'cmake_target' from command line to 'None'
[11.315s] Level 5:colcon.colcon_core.verb:set package 'my_package' build argument 'cmake_target_skip_unavailable' from command line to 'False'
[11.315s] Level 5:colcon.colcon_core.verb:set package 'my_package' build argument 'cmake_clean_cache' from command line to 'False'
[11.315s] Level 5:colcon.colcon_core.verb:set package 'my_package' build argument 'cmake_clean_first' from command line to 'False'
[11.316s] Level 5:colcon.colcon_core.verb:set package 'my_package' build argument 'cmake_force_configure' from command line to 'False'
[11.316s] Level 5:colcon.colcon_core.verb:set package 'my_package' build argument 'ament_cmake_args' from command line to 'None'
[11.316s] Level 5:colcon.colcon_core.verb:set package 'my_package' build argument 'catkin_cmake_args' from command line to 'None'
[11.316s] Level 5:colcon.colcon_core.verb:set package 'my_package' build argument 'catkin_skip_building_tests' from command line to 'False'
[11.317s] DEBUG:colcon.colcon_core.verb:Building package 'my_package' with the following arguments: {'ament_cmake_args': None, 'build_base': '/home/ubuntu/ros2_ws/build/my_package', 'catkin_cmake_args': None, 'catkin_skip_building_tests': False, 'cmake_args': None, 'cmake_clean_cache': False, 'cmake_clean_first': False, 'cmake_force_configure': False, 'cmake_target': None, 'cmake_target_skip_unavailable': False, 'install_base': '/home/ubuntu/ros2_ws/install/my_package', 'merge_install': False, 'path': '/home/ubuntu/ros2_ws/src/my_package', 'symlink_install': False, 'test_result_base': None}
[11.318s] INFO:colcon.colcon_core.executor:Executing jobs using 'parallel' executor
[11.326s] DEBUG:colcon.colcon_parallel_executor.executor.parallel:run_until_complete
[11.328s] INFO:colcon.colcon_ros.task.ament_python.build:Building ROS package in '/home/ubuntu/ros2_ws/src/my_package' with build type 'ament_python'
[11.330s] Level 1:colcon.colcon_core.shell:create_environment_hook('my_package', 'ament_prefix_path')
[11.372s] INFO:colcon.colcon_core.plugin_system:Skipping extension 'colcon_core.shell.bat': Not used on non-Windows systems
[11.375s] INFO:colcon.colcon_core.shell:Creating environment hook '/home/ubuntu/ros2_ws/install/my_package/share/my_package/hook/ament_prefix_path.ps1'
[11.383s] INFO:colcon.colcon_core.shell:Creating environment descriptor '/home/ubuntu/ros2_ws/install/my_package/share/my_package/hook/ament_prefix_path.dsv'
[11.387s] INFO:colcon.colcon_core.shell:Creating environment hook '/home/ubuntu/ros2_ws/install/my_package/share/my_package/hook/ament_prefix_path.sh'
[11.394s] INFO:colcon.colcon_core.shell:Skip shell extension 'powershell' for command environment: Not usable outside of PowerShell
[11.395s] DEBUG:colcon.colcon_core.shell:Skip shell extension 'dsv' for command environment
[14.409s] INFO:colcon.colcon_core.task.python.build:Building Python package in '/home/ubuntu/ros2_ws/src/my_package'
[14.412s] INFO:colcon.colcon_core.shell:Skip shell extension 'powershell' for command environment: Not usable outside of PowerShell
[14.412s] DEBUG:colcon.colcon_core.shell:Skip shell extension 'dsv' for command environment
[19.589s] DEBUG:colcon.colcon_core.event_handler.log_command:Invoking command in '/home/ubuntu/ros2_ws/src/my_package': PYTHONPATH=/home/ubuntu/ros2_ws/build/my_package/prefix_override:/home/ubuntu/ros2_ws/install/my_package/lib/python3.10/site-packages:${PYTHONPATH} /usr/bin/python3 -W ignore:setup.py install is deprecated setup.py egg_info --egg-base ../../build/my_package build --build-base /home/ubuntu/ros2_ws/build/my_package/build install --record /home/ubuntu/ros2_ws/build/my_package/install.log --single-version-externally-managed install_data
[22.907s] DEBUG:colcon.colcon_core.event_handler.log_command:Invoked command in '/home/ubuntu/ros2_ws/src/my_package' returned '0': PYTHONPATH=/home/ubuntu/ros2_ws/build/my_package/prefix_override:/home/ubuntu/ros2_ws/install/my_package/lib/python3.10/site-packages:${PYTHONPATH} /usr/bin/python3 -W ignore:setup.py install is deprecated setup.py egg_info --egg-base ../../build/my_package build --build-base /home/ubuntu/ros2_ws/build/my_package/build install --record /home/ubuntu/ros2_ws/build/my_package/install.log --single-version-externally-managed install_data
[22.964s] Level 1:colcon.colcon_core.environment:checking '/home/ubuntu/ros2_ws/install/my_package' for CMake module files
[22.969s] Level 1:colcon.colcon_core.environment:checking '/home/ubuntu/ros2_ws/install/my_package' for CMake config files
[22.979s] Level 1:colcon.colcon_core.environment:checking '/home/ubuntu/ros2_ws/install/my_package/lib'
[22.981s] Level 1:colcon.colcon_core.environment:checking '/home/ubuntu/ros2_ws/install/my_package/bin'
[22.982s] Level 1:colcon.colcon_core.environment:checking '/home/ubuntu/ros2_ws/install/my_package/lib/pkgconfig/my_package.pc'
[22.984s] Level 1:colcon.colcon_core.environment:checking '/home/ubuntu/ros2_ws/install/my_package/lib/python3.10/site-packages'
[22.985s] Level 1:colcon.colcon_core.shell:create_environment_hook('my_package', 'pythonpath')
[22.987s] INFO:colcon.colcon_core.shell:Creating environment hook '/home/ubuntu/ros2_ws/install/my_package/share/my_package/hook/pythonpath.ps1'
[22.991s] INFO:colcon.colcon_core.shell:Creating environment descriptor '/home/ubuntu/ros2_ws/install/my_package/share/my_package/hook/pythonpath.dsv'
[22.994s] INFO:colcon.colcon_core.shell:Creating environment hook '/home/ubuntu/ros2_ws/install/my_package/share/my_package/hook/pythonpath.sh'
[22.999s] Level 1:colcon.colcon_core.environment:checking '/home/ubuntu/ros2_ws/install/my_package/bin'
[23.000s] Level 1:colcon.colcon_core.environment:create_environment_scripts_only(my_package)
[23.003s] INFO:colcon.colcon_core.shell:Creating package script '/home/ubuntu/ros2_ws/install/my_package/share/my_package/package.ps1'
[23.010s] INFO:colcon.colcon_core.shell:Creating package descriptor '/home/ubuntu/ros2_ws/install/my_package/share/my_package/package.dsv'
[23.015s] INFO:colcon.colcon_core.shell:Creating package script '/home/ubuntu/ros2_ws/install/my_package/share/my_package/package.sh'
[23.022s] INFO:colcon.colcon_core.shell:Creating package script '/home/ubuntu/ros2_ws/install/my_package/share/my_package/package.bash'
[23.029s] INFO:colcon.colcon_core.shell:Creating package script '/home/ubuntu/ros2_ws/install/my_package/share/my_package/package.zsh'
[23.036s] Level 1:colcon.colcon_core.environment:create_file_with_runtime_dependencies(/home/ubuntu/ros2_ws/install/my_package/share/colcon-core/packages/my_package)
[23.039s] DEBUG:colcon.colcon_parallel_executor.executor.parallel:closing loop
[23.042s] DEBUG:colcon.colcon_parallel_executor.executor.parallel:loop closed
[23.043s] DEBUG:colcon.colcon_parallel_executor.executor.parallel:run_until_complete finished with '0'
[23.043s] DEBUG:colcon.colcon_core.event_reactor:joining thread
[23.141s] INFO:colcon.colcon_core.plugin_system:Skipping extension 'colcon_notification.desktop_notification.notify_send': Could not find 'notify-send'
[23.142s] INFO:colcon.colcon_core.plugin_system:Skipping extension 'colcon_notification.desktop_notification.terminal_notifier': Not used on non-Darwin systems
[23.143s] INFO:colcon.colcon_core.plugin_system:Skipping extension 'colcon_notification.desktop_notification.win32': Not used on non-Windows systems
[23.143s] INFO:colcon.colcon_notification.desktop_notification:Sending desktop notification using 'notify2'
[23.150s] DEBUG:colcon.colcon_notification.desktop_notification.notify2:Failed to initialize notify2: org.freedesktop.DBus.Error.ServiceUnknown: The name org.freedesktop.Notifications was not provided by any .service files
[23.151s] DEBUG:colcon.colcon_core.event_reactor:joined thread
[23.154s] INFO:colcon.colcon_core.shell:Creating prefix script '/home/ubuntu/ros2_ws/install/local_setup.ps1'
[23.168s] INFO:colcon.colcon_core.shell:Creating prefix util module '/home/ubuntu/ros2_ws/install/_local_setup_util_ps1.py'
[23.183s] INFO:colcon.colcon_core.shell:Creating prefix chain script '/home/ubuntu/ros2_ws/install/setup.ps1'
[23.208s] INFO:colcon.colcon_core.shell:Creating prefix script '/home/ubuntu/ros2_ws/install/local_setup.sh'
[23.221s] INFO:colcon.colcon_core.shell:Creating prefix util module '/home/ubuntu/ros2_ws/install/_local_setup_util_sh.py'
[23.227s] INFO:colcon.colcon_core.shell:Creating prefix chain script '/home/ubuntu/ros2_ws/install/setup.sh'
[23.245s] INFO:colcon.colcon_core.shell:Creating prefix script '/home/ubuntu/ros2_ws/install/local_setup.bash'
[23.258s] INFO:colcon.colcon_core.shell:Creating prefix chain script '/home/ubuntu/ros2_ws/install/setup.bash'
[23.278s] INFO:colcon.colcon_core.shell:Creating prefix script '/home/ubuntu/ros2_ws/install/local_setup.zsh'
[23.290s] INFO:colcon.colcon_core.shell:Creating prefix chain script '/home/ubuntu/ros2_ws/install/setup.zsh'
