[0.009s] Invoking command in '/home/jestin/SegFault/tb_ws/build/project2': CMAKE_PREFIX_PATH=/opt/ros/humble /usr/bin/cmake --build /home/jestin/SegFault/tb_ws/build/project2 -- -j8 -l8
[0.072s] [100%] Built target project2
[0.081s] Invoked command in '/home/jestin/SegFault/tb_ws/build/project2' returned '0': CMAKE_PREFIX_PATH=/opt/ros/humble /usr/bin/cmake --build /home/jestin/SegFault/tb_ws/build/project2 -- -j8 -l8
[0.105s] Invoking command in '/home/jestin/SegFault/tb_ws/build/project2': CMAKE_PREFIX_PATH=/opt/ros/humble /usr/bin/cmake --install /home/jestin/SegFault/tb_ws/build/project2
[0.113s] -- Install configuration: ""
[0.113s] -- Up-to-date: /home/jestin/SegFault/tb_ws/install/project2/lib/project2/project2
[0.113s] -- Up-to-date: /home/jestin/SegFault/tb_ws/install/project2/share/project2//launch
[0.113s] -- Up-to-date: /home/jestin/SegFault/tb_ws/install/project2/share/project2//models
[0.113s] -- Up-to-date: /home/jestin/SegFault/tb_ws/install/project2/share/project2//models/turtlebot3_burger
[0.113s] -- Up-to-date: /home/jestin/SegFault/tb_ws/install/project2/share/project2//models/turtlebot3_burger/model.config
[0.113s] -- Up-to-date: /home/jestin/SegFault/tb_ws/install/project2/share/project2//models/turtlebot3_burger/model.sdf
[0.113s] -- Up-to-date: /home/jestin/SegFault/tb_ws/install/project2/share/project2//models/turtlebot3_burger/model-1_4.sdf
[0.114s] -- Up-to-date: /home/jestin/SegFault/tb_ws/install/project2/share/project2//rviz
[0.114s] -- Installing: /home/jestin/SegFault/tb_ws/install/project2/share/project2//urdf
[0.114s] [31mCMake Error at cmake_install.cmake:66 (file):
[0.114s]   file INSTALL cannot find "/home/jestin/SegFault/tb_ws/src/project2/worlds":
[0.114s]   No such file or directory.
[0.114s] 
[0.114s] [0m
[0.115s] Invoked command in '/home/jestin/SegFault/tb_ws/build/project2' returned '1': CMAKE_PREFIX_PATH=/opt/ros/humble /usr/bin/cmake --install /home/jestin/SegFault/tb_ws/build/project2
