[1.584s] DEBUG:colcon:Command line arguments: ['/usr/bin/colcon', 'build']
[1.585s] DEBUG:colcon:Parsed command line arguments: Namespace(log_base=None, log_level=None, verb_name='build', build_base='build', install_base='install', merge_install=False, symlink_install=False, test_result_base=None, continue_on_error=False, executor='parallel', parallel_workers=4, event_handlers=None, ignore_user_meta=False, metas=['./colcon.meta'], base_paths=['.'], packages_ignore=None, packages_ignore_regex=None, paths=None, packages_up_to=None, packages_up_to_regex=None, packages_above=None, packages_above_and_dependencies=None, packages_above_depth=None, packages_select_by_dep=None, packages_skip_by_dep=None, packages_skip_up_to=None, packages_select_build_failed=False, packages_skip_build_finished=False, packages_select_test_failures=False, packages_skip_test_passed=False, packages_select=None, packages_skip=None, packages_select_regex=None, packages_skip_regex=None, packages_start=None, packages_end=None, allow_overriding=[], cmake_args=None, cmake_target=None, cmake_target_skip_unavailable=False, cmake_clean_cache=False, cmake_clean_first=False, cmake_force_configure=False, ament_cmake_args=None, catkin_cmake_args=None, catkin_skip_building_tests=False, mixin_files=None, mixin=None, verb_parser=<colcon_mixin.mixin.mixin_argument.MixinArgumentDecorator object at 0xffff84b156f0>, verb_extension=<colcon_core.verb.build.BuildVerb object at 0xffff84c59ea0>, main=<bound method BuildVerb.main of <colcon_core.verb.build.BuildVerb object at 0xffff84c59ea0>>, mixin_verb=('build',))
[3.558s] Level 1:colcon.colcon_core.package_discovery:discover_packages(colcon_meta) check parameters
[3.559s] Level 1:colcon.colcon_core.package_discovery:discover_packages(recursive) check parameters
[3.560s] Level 1:colcon.colcon_core.package_discovery:discover_packages(ignore) check parameters
[3.560s] Level 1:colcon.colcon_core.package_discovery:discover_packages(path) check parameters
[3.561s] Level 1:colcon.colcon_core.package_discovery:discover_packages(colcon_meta) discover
[3.562s] Level 1:colcon.colcon_core.package_discovery:discover_packages(recursive) discover
[3.562s] INFO:colcon.colcon_core.package_discovery:Crawling recursively for packages in '/home/ubuntu/ros2_ws'
[3.564s] Level 1:colcon.colcon_core.package_identification:_identify(.) by extensions ['ignore', 'ignore_ament_install']
[3.566s] Level 1:colcon.colcon_core.package_identification:_identify(.) by extension 'ignore'
[3.568s] Level 1:colcon.colcon_core.package_identification:_identify(.) by extension 'ignore_ament_install'
[3.569s] Level 1:colcon.colcon_core.package_identification:_identify(.) by extensions ['colcon_pkg']
[3.569s] Level 1:colcon.colcon_core.package_identification:_identify(.) by extension 'colcon_pkg'
[3.570s] Level 1:colcon.colcon_core.package_identification:_identify(.) by extensions ['colcon_meta']
[3.571s] Level 1:colcon.colcon_core.package_identification:_identify(.) by extension 'colcon_meta'
[3.571s] Level 1:colcon.colcon_core.package_identification:_identify(.) by extensions ['ros']
[3.571s] Level 1:colcon.colcon_core.package_identification:_identify(.) by extension 'ros'
[3.734s] Level 1:colcon.colcon_core.package_identification:_identify(.) by extensions ['cmake', 'python']
[3.735s] Level 1:colcon.colcon_core.package_identification:_identify(.) by extension 'cmake'
[3.736s] Level 1:colcon.colcon_core.package_identification:_identify(.) by extension 'python'
[3.736s] Level 1:colcon.colcon_core.package_identification:_identify(.) by extensions ['python_setup_py']
[3.737s] Level 1:colcon.colcon_core.package_identification:_identify(.) by extension 'python_setup_py'
[3.738s] Level 1:colcon.colcon_core.package_identification:_identify(build) by extensions ['ignore', 'ignore_ament_install']
[3.739s] Level 1:colcon.colcon_core.package_identification:_identify(build) by extension 'ignore'
[3.740s] Level 1:colcon.colcon_core.package_identification:_identify(build) ignored
[3.741s] Level 1:colcon.colcon_core.package_identification:_identify(install) by extensions ['ignore', 'ignore_ament_install']
[3.742s] Level 1:colcon.colcon_core.package_identification:_identify(install) by extension 'ignore'
[3.743s] Level 1:colcon.colcon_core.package_identification:_identify(install) ignored
[3.745s] Level 1:colcon.colcon_core.package_identification:_identify(log) by extensions ['ignore', 'ignore_ament_install']
[3.746s] Level 1:colcon.colcon_core.package_identification:_identify(log) by extension 'ignore'
[3.746s] Level 1:colcon.colcon_core.package_identification:_identify(log) ignored
[3.747s] Level 1:colcon.colcon_core.package_identification:_identify(src) by extensions ['ignore', 'ignore_ament_install']
[3.748s] Level 1:colcon.colcon_core.package_identification:_identify(src) by extension 'ignore'
[3.749s] Level 1:colcon.colcon_core.package_identification:_identify(src) by extension 'ignore_ament_install'
[3.750s] Level 1:colcon.colcon_core.package_identification:_identify(src) by extensions ['colcon_pkg']
[3.750s] Level 1:colcon.colcon_core.package_identification:_identify(src) by extension 'colcon_pkg'
[3.751s] Level 1:colcon.colcon_core.package_identification:_identify(src) by extensions ['colcon_meta']
[3.751s] Level 1:colcon.colcon_core.package_identification:_identify(src) by extension 'colcon_meta'
[3.752s] Level 1:colcon.colcon_core.package_identification:_identify(src) by extensions ['ros']
[3.752s] Level 1:colcon.colcon_core.package_identification:_identify(src) by extension 'ros'
[3.753s] Level 1:colcon.colcon_core.package_identification:_identify(src) by extensions ['cmake', 'python']
[3.754s] Level 1:colcon.colcon_core.package_identification:_identify(src) by extension 'cmake'
[3.754s] Level 1:colcon.colcon_core.package_identification:_identify(src) by extension 'python'
[3.755s] Level 1:colcon.colcon_core.package_identification:_identify(src) by extensions ['python_setup_py']
[3.755s] Level 1:colcon.colcon_core.package_identification:_identify(src) by extension 'python_setup_py'
[3.757s] Level 1:colcon.colcon_core.package_identification:_identify(src/camera_ros) by extensions ['ignore', 'ignore_ament_install']
[3.758s] Level 1:colcon.colcon_core.package_identification:_identify(src/camera_ros) by extension 'ignore'
[3.758s] Level 1:colcon.colcon_core.package_identification:_identify(src/camera_ros) by extension 'ignore_ament_install'
[3.759s] Level 1:colcon.colcon_core.package_identification:_identify(src/camera_ros) by extensions ['colcon_pkg']
[3.760s] Level 1:colcon.colcon_core.package_identification:_identify(src/camera_ros) by extension 'colcon_pkg'
[3.761s] Level 1:colcon.colcon_core.package_identification:_identify(src/camera_ros) by extensions ['colcon_meta']
[3.761s] Level 1:colcon.colcon_core.package_identification:_identify(src/camera_ros) by extension 'colcon_meta'
[3.762s] Level 1:colcon.colcon_core.package_identification:_identify(src/camera_ros) by extensions ['ros']
[3.762s] Level 1:colcon.colcon_core.package_identification:_identify(src/camera_ros) by extension 'ros'
[3.807s] DEBUG:colcon.colcon_core.package_identification:Package 'src/camera_ros' with type 'ros.ament_cmake' and name 'camera_ros'
[3.809s] Level 1:colcon.colcon_core.package_identification:_identify(src/samplepackage_turtlebot) by extensions ['ignore', 'ignore_ament_install']
[3.810s] Level 1:colcon.colcon_core.package_identification:_identify(src/samplepackage_turtlebot) by extension 'ignore'
[3.811s] Level 1:colcon.colcon_core.package_identification:_identify(src/samplepackage_turtlebot) by extension 'ignore_ament_install'
[3.812s] Level 1:colcon.colcon_core.package_identification:_identify(src/samplepackage_turtlebot) by extensions ['colcon_pkg']
[3.812s] Level 1:colcon.colcon_core.package_identification:_identify(src/samplepackage_turtlebot) by extension 'colcon_pkg'
[3.813s] Level 1:colcon.colcon_core.package_identification:_identify(src/samplepackage_turtlebot) by extensions ['colcon_meta']
[3.813s] Level 1:colcon.colcon_core.package_identification:_identify(src/samplepackage_turtlebot) by extension 'colcon_meta'
[3.814s] Level 1:colcon.colcon_core.package_identification:_identify(src/samplepackage_turtlebot) by extensions ['ros']
[3.814s] Level 1:colcon.colcon_core.package_identification:_identify(src/samplepackage_turtlebot) by extension 'ros'
[3.820s] DEBUG:colcon.colcon_core.package_identification:Package 'src/samplepackage_turtlebot' with type 'ros.ament_cmake' and name 'samplepackage_turtlebot'
[3.821s] Level 1:colcon.colcon_core.package_identification:_identify(src/self_test) by extensions ['ignore', 'ignore_ament_install']
[3.822s] Level 1:colcon.colcon_core.package_identification:_identify(src/self_test) by extension 'ignore'
[3.823s] Level 1:colcon.colcon_core.package_identification:_identify(src/self_test) by extension 'ignore_ament_install'
[3.824s] Level 1:colcon.colcon_core.package_identification:_identify(src/self_test) by extensions ['colcon_pkg']
[3.824s] Level 1:colcon.colcon_core.package_identification:_identify(src/self_test) by extension 'colcon_pkg'
[3.825s] Level 1:colcon.colcon_core.package_identification:_identify(src/self_test) by extensions ['colcon_meta']
[3.825s] Level 1:colcon.colcon_core.package_identification:_identify(src/self_test) by extension 'colcon_meta'
[3.826s] Level 1:colcon.colcon_core.package_identification:_identify(src/self_test) by extensions ['ros']
[3.826s] Level 1:colcon.colcon_core.package_identification:_identify(src/self_test) by extension 'ros'
[3.831s] DEBUG:colcon.colcon_core.package_identification:Failed to parse potential ROS package manifest in'src/self_test': Error(s) in package 'src/self_test/package.xml':
The manifest contains invalid XML:
mismatched tag: line 23, column 2
[3.832s] Level 1:colcon.colcon_core.package_identification:_identify(src/self_test) by extensions ['cmake', 'python']
[3.832s] Level 1:colcon.colcon_core.package_identification:_identify(src/self_test) by extension 'cmake'
[3.833s] Level 1:colcon.colcon_core.package_identification:_identify(src/self_test) by extension 'python'
[3.834s] DEBUG:colcon.colcon_core.package_identification:Python package in 'src/self_test' passes arguments to the setup() function which requires a different identification extension than 'python'
[3.834s] Level 1:colcon.colcon_core.package_identification:_identify(src/self_test) by extensions ['python_setup_py']
[3.835s] Level 1:colcon.colcon_core.package_identification:_identify(src/self_test) by extension 'python_setup_py'
[6.606s] DEBUG:colcon.colcon_core.package_identification:Package 'src/self_test' with type 'python' and name 'self_test'
[6.607s] Level 1:colcon.colcon_core.package_identification:_identify(src/test_package) by extensions ['ignore', 'ignore_ament_install']
[6.609s] Level 1:colcon.colcon_core.package_identification:_identify(src/test_package) by extension 'ignore'
[6.609s] Level 1:colcon.colcon_core.package_identification:_identify(src/test_package) by extension 'ignore_ament_install'
[6.610s] Level 1:colcon.colcon_core.package_identification:_identify(src/test_package) by extensions ['colcon_pkg']
[6.611s] Level 1:colcon.colcon_core.package_identification:_identify(src/test_package) by extension 'colcon_pkg'
[6.611s] Level 1:colcon.colcon_core.package_identification:_identify(src/test_package) by extensions ['colcon_meta']
[6.612s] Level 1:colcon.colcon_core.package_identification:_identify(src/test_package) by extension 'colcon_meta'
[6.612s] Level 1:colcon.colcon_core.package_identification:_identify(src/test_package) by extensions ['ros']
[6.613s] Level 1:colcon.colcon_core.package_identification:_identify(src/test_package) by extension 'ros'
[6.617s] DEBUG:colcon.colcon_core.package_identification:Failed to parse potential ROS package manifest in'src/test_package': Error(s) in package 'src/test_package/package.xml':
The manifest contains invalid XML:
mismatched tag: line 23, column 2
[6.618s] Level 1:colcon.colcon_core.package_identification:_identify(src/test_package) by extensions ['cmake', 'python']
[6.619s] Level 1:colcon.colcon_core.package_identification:_identify(src/test_package) by extension 'cmake'
[6.620s] Level 1:colcon.colcon_core.package_identification:_identify(src/test_package) by extension 'python'
[6.621s] DEBUG:colcon.colcon_core.package_identification:Python package in 'src/test_package' passes arguments to the setup() function which requires a different identification extension than 'python'
[6.621s] Level 1:colcon.colcon_core.package_identification:_identify(src/test_package) by extensions ['python_setup_py']
[6.622s] Level 1:colcon.colcon_core.package_identification:_identify(src/test_package) by extension 'python_setup_py'
[9.367s] DEBUG:colcon.colcon_core.package_identification:Package 'src/test_package' with type 'python' and name 'test_package'
[9.369s] Level 1:colcon.colcon_core.package_identification:_identify(src/turtlebot_test) by extensions ['ignore', 'ignore_ament_install']
[9.370s] Level 1:colcon.colcon_core.package_identification:_identify(src/turtlebot_test) by extension 'ignore'
[9.370s] Level 1:colcon.colcon_core.package_identification:_identify(src/turtlebot_test) by extension 'ignore_ament_install'
[9.372s] Level 1:colcon.colcon_core.package_identification:_identify(src/turtlebot_test) by extensions ['colcon_pkg']
[9.372s] Level 1:colcon.colcon_core.package_identification:_identify(src/turtlebot_test) by extension 'colcon_pkg'
[9.373s] Level 1:colcon.colcon_core.package_identification:_identify(src/turtlebot_test) by extensions ['colcon_meta']
[9.374s] Level 1:colcon.colcon_core.package_identification:_identify(src/turtlebot_test) by extension 'colcon_meta'
[9.375s] Level 1:colcon.colcon_core.package_identification:_identify(src/turtlebot_test) by extensions ['ros']
[9.375s] Level 1:colcon.colcon_core.package_identification:_identify(src/turtlebot_test) by extension 'ros'
[9.379s] DEBUG:colcon.colcon_core.package_identification:Package 'src/turtlebot_test' with type 'ros.ament_python' and name 'turtlebot_test'
[9.380s] Level 1:colcon.colcon_core.package_discovery:discover_packages(recursive) using defaults
[9.381s] Level 1:colcon.colcon_core.package_discovery:discover_packages(ignore) discover
[9.381s] Level 1:colcon.colcon_core.package_discovery:discover_packages(ignore) using defaults
[9.381s] Level 1:colcon.colcon_core.package_discovery:discover_packages(path) discover
[9.382s] Level 1:colcon.colcon_core.package_discovery:discover_packages(path) using defaults
[9.593s] Level 1:colcon.colcon_core.package_discovery:discover_packages(prefix_path) check parameters
[9.593s] Level 1:colcon.colcon_core.package_discovery:discover_packages(prefix_path) discover
[9.619s] DEBUG:colcon.colcon_installed_package_information.package_discovery:Found 6 installed packages in /home/ubuntu/ros2_ws/install
[9.626s] DEBUG:colcon.colcon_installed_package_information.package_discovery:Found 7 installed packages in /home/ubuntu/turtlebot3_ws/install
[9.646s] DEBUG:colcon.colcon_installed_package_information.package_discovery:Found 259 installed packages in /opt/ros/humble
[9.670s] Level 1:colcon.colcon_core.package_discovery:discover_packages(prefix_path) using defaults
[10.182s] Level 5:colcon.colcon_core.verb:set package 'camera_ros' build argument 'cmake_args' from command line to 'None'
[10.182s] Level 5:colcon.colcon_core.verb:set package 'camera_ros' build argument 'cmake_target' from command line to 'None'
[10.183s] Level 5:colcon.colcon_core.verb:set package 'camera_ros' build argument 'cmake_target_skip_unavailable' from command line to 'False'
[10.183s] Level 5:colcon.colcon_core.verb:set package 'camera_ros' build argument 'cmake_clean_cache' from command line to 'False'
[10.183s] Level 5:colcon.colcon_core.verb:set package 'camera_ros' build argument 'cmake_clean_first' from command line to 'False'
[10.184s] Level 5:colcon.colcon_core.verb:set package 'camera_ros' build argument 'cmake_force_configure' from command line to 'False'
[10.184s] Level 5:colcon.colcon_core.verb:set package 'camera_ros' build argument 'ament_cmake_args' from command line to 'None'
[10.184s] Level 5:colcon.colcon_core.verb:set package 'camera_ros' build argument 'catkin_cmake_args' from command line to 'None'
[10.185s] Level 5:colcon.colcon_core.verb:set package 'camera_ros' build argument 'catkin_skip_building_tests' from command line to 'False'
[10.185s] DEBUG:colcon.colcon_core.verb:Building package 'camera_ros' with the following arguments: {'ament_cmake_args': None, 'build_base': '/home/ubuntu/ros2_ws/build/camera_ros', 'catkin_cmake_args': None, 'catkin_skip_building_tests': False, 'cmake_args': None, 'cmake_clean_cache': False, 'cmake_clean_first': False, 'cmake_force_configure': False, 'cmake_target': None, 'cmake_target_skip_unavailable': False, 'install_base': '/home/ubuntu/ros2_ws/install/camera_ros', 'merge_install': False, 'path': '/home/ubuntu/ros2_ws/src/camera_ros', 'symlink_install': False, 'test_result_base': None}
[10.189s] Level 5:colcon.colcon_core.verb:set package 'samplepackage_turtlebot' build argument 'cmake_args' from command line to 'None'
[10.189s] Level 5:colcon.colcon_core.verb:set package 'samplepackage_turtlebot' build argument 'cmake_target' from command line to 'None'
[10.190s] Level 5:colcon.colcon_core.verb:set package 'samplepackage_turtlebot' build argument 'cmake_target_skip_unavailable' from command line to 'False'
[10.190s] Level 5:colcon.colcon_core.verb:set package 'samplepackage_turtlebot' build argument 'cmake_clean_cache' from command line to 'False'
[10.190s] Level 5:colcon.colcon_core.verb:set package 'samplepackage_turtlebot' build argument 'cmake_clean_first' from command line to 'False'
[10.190s] Level 5:colcon.colcon_core.verb:set package 'samplepackage_turtlebot' build argument 'cmake_force_configure' from command line to 'False'
[10.191s] Level 5:colcon.colcon_core.verb:set package 'samplepackage_turtlebot' build argument 'ament_cmake_args' from command line to 'None'
[10.191s] Level 5:colcon.colcon_core.verb:set package 'samplepackage_turtlebot' build argument 'catkin_cmake_args' from command line to 'None'
[10.191s] Level 5:colcon.colcon_core.verb:set package 'samplepackage_turtlebot' build argument 'catkin_skip_building_tests' from command line to 'False'
[10.192s] DEBUG:colcon.colcon_core.verb:Building package 'samplepackage_turtlebot' with the following arguments: {'ament_cmake_args': None, 'build_base': '/home/ubuntu/ros2_ws/build/samplepackage_turtlebot', 'catkin_cmake_args': None, 'catkin_skip_building_tests': False, 'cmake_args': None, 'cmake_clean_cache': False, 'cmake_clean_first': False, 'cmake_force_configure': False, 'cmake_target': None, 'cmake_target_skip_unavailable': False, 'install_base': '/home/ubuntu/ros2_ws/install/samplepackage_turtlebot', 'merge_install': False, 'path': '/home/ubuntu/ros2_ws/src/samplepackage_turtlebot', 'symlink_install': False, 'test_result_base': None}
[10.195s] Level 5:colcon.colcon_core.verb:set package 'self_test' build argument 'cmake_args' from command line to 'None'
[10.196s] Level 5:colcon.colcon_core.verb:set package 'self_test' build argument 'cmake_target' from command line to 'None'
[10.196s] Level 5:colcon.colcon_core.verb:set package 'self_test' build argument 'cmake_target_skip_unavailable' from command line to 'False'
[10.196s] Level 5:colcon.colcon_core.verb:set package 'self_test' build argument 'cmake_clean_cache' from command line to 'False'
[10.197s] Level 5:colcon.colcon_core.verb:set package 'self_test' build argument 'cmake_clean_first' from command line to 'False'
[10.197s] Level 5:colcon.colcon_core.verb:set package 'self_test' build argument 'cmake_force_configure' from command line to 'False'
[10.197s] Level 5:colcon.colcon_core.verb:set package 'self_test' build argument 'ament_cmake_args' from command line to 'None'
[10.197s] Level 5:colcon.colcon_core.verb:set package 'self_test' build argument 'catkin_cmake_args' from command line to 'None'
[10.198s] Level 5:colcon.colcon_core.verb:set package 'self_test' build argument 'catkin_skip_building_tests' from command line to 'False'
[10.198s] DEBUG:colcon.colcon_core.verb:Building package 'self_test' with the following arguments: {'ament_cmake_args': None, 'build_base': '/home/ubuntu/ros2_ws/build/self_test', 'catkin_cmake_args': None, 'catkin_skip_building_tests': False, 'cmake_args': None, 'cmake_clean_cache': False, 'cmake_clean_first': False, 'cmake_force_configure': False, 'cmake_target': None, 'cmake_target_skip_unavailable': False, 'install_base': '/home/ubuntu/ros2_ws/install/self_test', 'merge_install': False, 'path': '/home/ubuntu/ros2_ws/src/self_test', 'symlink_install': False, 'test_result_base': None}
[10.202s] Level 5:colcon.colcon_core.verb:set package 'test_package' build argument 'cmake_args' from command line to 'None'
[10.202s] Level 5:colcon.colcon_core.verb:set package 'test_package' build argument 'cmake_target' from command line to 'None'
[10.203s] Level 5:colcon.colcon_core.verb:set package 'test_package' build argument 'cmake_target_skip_unavailable' from command line to 'False'
[10.203s] Level 5:colcon.colcon_core.verb:set package 'test_package' build argument 'cmake_clean_cache' from command line to 'False'
[10.203s] Level 5:colcon.colcon_core.verb:set package 'test_package' build argument 'cmake_clean_first' from command line to 'False'
[10.203s] Level 5:colcon.colcon_core.verb:set package 'test_package' build argument 'cmake_force_configure' from command line to 'False'
[10.204s] Level 5:colcon.colcon_core.verb:set package 'test_package' build argument 'ament_cmake_args' from command line to 'None'
[10.204s] Level 5:colcon.colcon_core.verb:set package 'test_package' build argument 'catkin_cmake_args' from command line to 'None'
[10.204s] Level 5:colcon.colcon_core.verb:set package 'test_package' build argument 'catkin_skip_building_tests' from command line to 'False'
[10.205s] DEBUG:colcon.colcon_core.verb:Building package 'test_package' with the following arguments: {'ament_cmake_args': None, 'build_base': '/home/ubuntu/ros2_ws/build/test_package', 'catkin_cmake_args': None, 'catkin_skip_building_tests': False, 'cmake_args': None, 'cmake_clean_cache': False, 'cmake_clean_first': False, 'cmake_force_configure': False, 'cmake_target': None, 'cmake_target_skip_unavailable': False, 'install_base': '/home/ubuntu/ros2_ws/install/test_package', 'merge_install': False, 'path': '/home/ubuntu/ros2_ws/src/test_package', 'symlink_install': False, 'test_result_base': None}
[10.208s] Level 5:colcon.colcon_core.verb:set package 'turtlebot_test' build argument 'cmake_args' from command line to 'None'
[10.209s] Level 5:colcon.colcon_core.verb:set package 'turtlebot_test' build argument 'cmake_target' from command line to 'None'
[10.209s] Level 5:colcon.colcon_core.verb:set package 'turtlebot_test' build argument 'cmake_target_skip_unavailable' from command line to 'False'
[10.209s] Level 5:colcon.colcon_core.verb:set package 'turtlebot_test' build argument 'cmake_clean_cache' from command line to 'False'
[10.210s] Level 5:colcon.colcon_core.verb:set package 'turtlebot_test' build argument 'cmake_clean_first' from command line to 'False'
[10.210s] Level 5:colcon.colcon_core.verb:set package 'turtlebot_test' build argument 'cmake_force_configure' from command line to 'False'
[10.210s] Level 5:colcon.colcon_core.verb:set package 'turtlebot_test' build argument 'ament_cmake_args' from command line to 'None'
[10.210s] Level 5:colcon.colcon_core.verb:set package 'turtlebot_test' build argument 'catkin_cmake_args' from command line to 'None'
[10.211s] Level 5:colcon.colcon_core.verb:set package 'turtlebot_test' build argument 'catkin_skip_building_tests' from command line to 'False'
[10.211s] DEBUG:colcon.colcon_core.verb:Building package 'turtlebot_test' with the following arguments: {'ament_cmake_args': None, 'build_base': '/home/ubuntu/ros2_ws/build/turtlebot_test', 'catkin_cmake_args': None, 'catkin_skip_building_tests': False, 'cmake_args': None, 'cmake_clean_cache': False, 'cmake_clean_first': False, 'cmake_force_configure': False, 'cmake_target': None, 'cmake_target_skip_unavailable': False, 'install_base': '/home/ubuntu/ros2_ws/install/turtlebot_test', 'merge_install': False, 'path': '/home/ubuntu/ros2_ws/src/turtlebot_test', 'symlink_install': False, 'test_result_base': None}
[10.212s] INFO:colcon.colcon_core.executor:Executing jobs using 'parallel' executor
[10.219s] DEBUG:colcon.colcon_parallel_executor.executor.parallel:run_until_complete
[10.222s] INFO:colcon.colcon_ros.task.ament_cmake.build:Building ROS package in '/home/ubuntu/ros2_ws/src/camera_ros' with build type 'ament_cmake'
[10.224s] INFO:colcon.colcon_cmake.task.cmake.build:Building CMake package in '/home/ubuntu/ros2_ws/src/camera_ros'
[10.249s] INFO:colcon.colcon_core.plugin_system:Skipping extension 'colcon_core.shell.bat': Not used on non-Windows systems
[10.252s] INFO:colcon.colcon_core.shell:Skip shell extension 'powershell' for command environment: Not usable outside of PowerShell
[10.252s] DEBUG:colcon.colcon_core.shell:Skip shell extension 'dsv' for command environment
[10.304s] INFO:colcon.colcon_ros.task.ament_cmake.build:Building ROS package in '/home/ubuntu/ros2_ws/src/samplepackage_turtlebot' with build type 'ament_cmake'
[10.306s] INFO:colcon.colcon_cmake.task.cmake.build:Building CMake package in '/home/ubuntu/ros2_ws/src/samplepackage_turtlebot'
[10.309s] INFO:colcon.colcon_core.shell:Skip shell extension 'powershell' for command environment: Not usable outside of PowerShell
[10.310s] DEBUG:colcon.colcon_core.shell:Skip shell extension 'dsv' for command environment
[10.367s] INFO:colcon.colcon_core.task.python.build:Building Python package in '/home/ubuntu/ros2_ws/src/self_test'
[10.370s] INFO:colcon.colcon_core.shell:Skip shell extension 'powershell' for command environment: Not usable outside of PowerShell
[10.371s] DEBUG:colcon.colcon_core.shell:Skip shell extension 'dsv' for command environment
[10.424s] INFO:colcon.colcon_core.task.python.build:Building Python package in '/home/ubuntu/ros2_ws/src/test_package'
[10.426s] INFO:colcon.colcon_core.shell:Skip shell extension 'powershell' for command environment: Not usable outside of PowerShell
[10.427s] DEBUG:colcon.colcon_core.shell:Skip shell extension 'dsv' for command environment
[10.517s] DEBUG:colcon.colcon_core.event_handler.log_command:Invoking command in '/home/ubuntu/ros2_ws/build/camera_ros': CMAKE_PREFIX_PATH=${CMAKE_PREFIX_PATH}:/home/ubuntu/ros2_ws/install/my_package:/home/ubuntu/turtlebot3_ws/install/turtlebot3_teleop:/home/ubuntu/turtlebot3_ws/install/turtlebot3_example:/opt/ros/humble /usr/bin/cmake --build /home/ubuntu/ros2_ws/build/camera_ros -- -j4 -l4
[10.581s] DEBUG:colcon.colcon_core.event_handler.log_command:Invoking command in '/home/ubuntu/ros2_ws/build/samplepackage_turtlebot': CMAKE_PREFIX_PATH=${CMAKE_PREFIX_PATH}:/home/ubuntu/ros2_ws/install/my_package:/home/ubuntu/turtlebot3_ws/install/turtlebot3_teleop:/home/ubuntu/turtlebot3_ws/install/turtlebot3_example:/opt/ros/humble /usr/bin/cmake --build /home/ubuntu/ros2_ws/build/samplepackage_turtlebot -- -j4 -l4
[16.929s] DEBUG:colcon.colcon_core.event_handler.log_command:Invoked command in '/home/ubuntu/ros2_ws/build/camera_ros' returned '0': CMAKE_PREFIX_PATH=${CMAKE_PREFIX_PATH}:/home/ubuntu/ros2_ws/install/my_package:/home/ubuntu/turtlebot3_ws/install/turtlebot3_teleop:/home/ubuntu/turtlebot3_ws/install/turtlebot3_example:/opt/ros/humble /usr/bin/cmake --build /home/ubuntu/ros2_ws/build/camera_ros -- -j4 -l4
[16.951s] DEBUG:colcon.colcon_core.event_handler.log_command:Invoked command in '/home/ubuntu/ros2_ws/build/samplepackage_turtlebot' returned '0': CMAKE_PREFIX_PATH=${CMAKE_PREFIX_PATH}:/home/ubuntu/ros2_ws/install/my_package:/home/ubuntu/turtlebot3_ws/install/turtlebot3_teleop:/home/ubuntu/turtlebot3_ws/install/turtlebot3_example:/opt/ros/humble /usr/bin/cmake --build /home/ubuntu/ros2_ws/build/samplepackage_turtlebot -- -j4 -l4
[17.331s] DEBUG:colcon.colcon_core.event_handler.log_command:Invoking command in '/home/ubuntu/ros2_ws/build/samplepackage_turtlebot': CMAKE_PREFIX_PATH=${CMAKE_PREFIX_PATH}:/home/ubuntu/ros2_ws/install/my_package:/home/ubuntu/turtlebot3_ws/install/turtlebot3_teleop:/home/ubuntu/turtlebot3_ws/install/turtlebot3_example:/opt/ros/humble /usr/bin/cmake --install /home/ubuntu/ros2_ws/build/samplepackage_turtlebot
[17.462s] Level 1:colcon.colcon_core.environment:create_environment_scripts_only(samplepackage_turtlebot)
[17.504s] DEBUG:colcon.colcon_core.event_handler.log_command:Invoked command in '/home/ubuntu/ros2_ws/build/samplepackage_turtlebot' returned '0': CMAKE_PREFIX_PATH=${CMAKE_PREFIX_PATH}:/home/ubuntu/ros2_ws/install/my_package:/home/ubuntu/turtlebot3_ws/install/turtlebot3_teleop:/home/ubuntu/turtlebot3_ws/install/turtlebot3_example:/opt/ros/humble /usr/bin/cmake --install /home/ubuntu/ros2_ws/build/samplepackage_turtlebot
[17.523s] Level 1:colcon.colcon_core.environment:checking '/home/ubuntu/ros2_ws/install/samplepackage_turtlebot' for CMake module files
[17.533s] Level 1:colcon.colcon_core.environment:checking '/home/ubuntu/ros2_ws/install/samplepackage_turtlebot' for CMake config files
[17.540s] Level 1:colcon.colcon_core.shell:create_environment_hook('samplepackage_turtlebot', 'cmake_prefix_path')
[17.544s] INFO:colcon.colcon_core.shell:Creating environment hook '/home/ubuntu/ros2_ws/install/samplepackage_turtlebot/share/samplepackage_turtlebot/hook/cmake_prefix_path.ps1'
[17.555s] INFO:colcon.colcon_core.shell:Creating environment descriptor '/home/ubuntu/ros2_ws/install/samplepackage_turtlebot/share/samplepackage_turtlebot/hook/cmake_prefix_path.dsv'
[17.565s] INFO:colcon.colcon_core.shell:Creating environment hook '/home/ubuntu/ros2_ws/install/samplepackage_turtlebot/share/samplepackage_turtlebot/hook/cmake_prefix_path.sh'
[17.581s] Level 1:colcon.colcon_core.environment:checking '/home/ubuntu/ros2_ws/install/samplepackage_turtlebot/bin'
[17.584s] Level 1:colcon.colcon_core.environment:checking '/home/ubuntu/ros2_ws/install/samplepackage_turtlebot/lib/pkgconfig/samplepackage_turtlebot.pc'
[17.589s] Level 1:colcon.colcon_core.environment:checking '/home/ubuntu/ros2_ws/install/samplepackage_turtlebot/lib/python3.10/site-packages'
[17.594s] Level 1:colcon.colcon_core.environment:checking '/home/ubuntu/ros2_ws/install/samplepackage_turtlebot/bin'
[17.601s] INFO:colcon.colcon_core.shell:Creating package script '/home/ubuntu/ros2_ws/install/samplepackage_turtlebot/share/samplepackage_turtlebot/package.ps1'
[17.614s] INFO:colcon.colcon_core.shell:Creating package descriptor '/home/ubuntu/ros2_ws/install/samplepackage_turtlebot/share/samplepackage_turtlebot/package.dsv'
[17.624s] INFO:colcon.colcon_core.shell:Creating package script '/home/ubuntu/ros2_ws/install/samplepackage_turtlebot/share/samplepackage_turtlebot/package.sh'
[17.639s] INFO:colcon.colcon_core.shell:Creating package script '/home/ubuntu/ros2_ws/install/samplepackage_turtlebot/share/samplepackage_turtlebot/package.bash'
[17.652s] INFO:colcon.colcon_core.shell:Creating package script '/home/ubuntu/ros2_ws/install/samplepackage_turtlebot/share/samplepackage_turtlebot/package.zsh'
[17.665s] Level 1:colcon.colcon_core.environment:create_file_with_runtime_dependencies(/home/ubuntu/ros2_ws/install/samplepackage_turtlebot/share/colcon-core/packages/samplepackage_turtlebot)
[17.737s] DEBUG:colcon.colcon_core.event_handler.log_command:Invoking command in '/home/ubuntu/ros2_ws/build/camera_ros': CMAKE_PREFIX_PATH=${CMAKE_PREFIX_PATH}:/home/ubuntu/ros2_ws/install/my_package:/home/ubuntu/turtlebot3_ws/install/turtlebot3_teleop:/home/ubuntu/turtlebot3_ws/install/turtlebot3_example:/opt/ros/humble /usr/bin/cmake --install /home/ubuntu/ros2_ws/build/camera_ros
[17.939s] Level 1:colcon.colcon_core.environment:create_environment_scripts_only(camera_ros)
[17.943s] Level 1:colcon.colcon_core.environment:checking '/home/ubuntu/ros2_ws/install/camera_ros' for CMake module files
[17.972s] Level 1:colcon.colcon_core.environment:checking '/home/ubuntu/ros2_ws/install/camera_ros' for CMake config files
[17.979s] Level 1:colcon.colcon_core.shell:create_environment_hook('camera_ros', 'cmake_prefix_path')
[17.991s] INFO:colcon.colcon_core.shell:Creating environment hook '/home/ubuntu/ros2_ws/install/camera_ros/share/camera_ros/hook/cmake_prefix_path.ps1'
[17.992s] DEBUG:colcon.colcon_core.event_handler.log_command:Invoked command in '/home/ubuntu/ros2_ws/build/camera_ros' returned '0': CMAKE_PREFIX_PATH=${CMAKE_PREFIX_PATH}:/home/ubuntu/ros2_ws/install/my_package:/home/ubuntu/turtlebot3_ws/install/turtlebot3_teleop:/home/ubuntu/turtlebot3_ws/install/turtlebot3_example:/opt/ros/humble /usr/bin/cmake --install /home/ubuntu/ros2_ws/build/camera_ros
[18.000s] INFO:colcon.colcon_core.shell:Creating environment descriptor '/home/ubuntu/ros2_ws/install/camera_ros/share/camera_ros/hook/cmake_prefix_path.dsv'
[18.006s] INFO:colcon.colcon_core.shell:Creating environment hook '/home/ubuntu/ros2_ws/install/camera_ros/share/camera_ros/hook/cmake_prefix_path.sh'
[18.014s] Level 1:colcon.colcon_core.environment:checking '/home/ubuntu/ros2_ws/install/camera_ros/lib'
[18.017s] Level 1:colcon.colcon_core.shell:create_environment_hook('camera_ros', 'ld_library_path_lib')
[18.025s] INFO:colcon.colcon_core.shell:Creating environment hook '/home/ubuntu/ros2_ws/install/camera_ros/share/camera_ros/hook/ld_library_path_lib.ps1'
[18.034s] INFO:colcon.colcon_core.shell:Creating environment descriptor '/home/ubuntu/ros2_ws/install/camera_ros/share/camera_ros/hook/ld_library_path_lib.dsv'
[18.039s] INFO:colcon.colcon_core.shell:Creating environment hook '/home/ubuntu/ros2_ws/install/camera_ros/share/camera_ros/hook/ld_library_path_lib.sh'
[18.045s] Level 1:colcon.colcon_core.environment:checking '/home/ubuntu/ros2_ws/install/camera_ros/bin'
[18.046s] Level 1:colcon.colcon_core.environment:checking '/home/ubuntu/ros2_ws/install/camera_ros/lib/pkgconfig/camera_ros.pc'
[18.050s] Level 1:colcon.colcon_core.environment:checking '/home/ubuntu/ros2_ws/install/camera_ros/lib/python3.10/site-packages'
[18.054s] Level 1:colcon.colcon_core.environment:checking '/home/ubuntu/ros2_ws/install/camera_ros/bin'
[18.059s] INFO:colcon.colcon_core.shell:Creating package script '/home/ubuntu/ros2_ws/install/camera_ros/share/camera_ros/package.ps1'
[18.067s] INFO:colcon.colcon_core.shell:Creating package descriptor '/home/ubuntu/ros2_ws/install/camera_ros/share/camera_ros/package.dsv'
[18.076s] INFO:colcon.colcon_core.shell:Creating package script '/home/ubuntu/ros2_ws/install/camera_ros/share/camera_ros/package.sh'
[18.085s] INFO:colcon.colcon_core.shell:Creating package script '/home/ubuntu/ros2_ws/install/camera_ros/share/camera_ros/package.bash'
[18.092s] INFO:colcon.colcon_core.shell:Creating package script '/home/ubuntu/ros2_ws/install/camera_ros/share/camera_ros/package.zsh'
[18.097s] Level 1:colcon.colcon_core.environment:create_file_with_runtime_dependencies(/home/ubuntu/ros2_ws/install/camera_ros/share/colcon-core/packages/camera_ros)
[18.221s] Level 1:colcon.colcon_core.environment:create_environment_scripts_only(samplepackage_turtlebot)
[18.227s] Level 1:colcon.colcon_core.environment:checking '/home/ubuntu/ros2_ws/install/samplepackage_turtlebot' for CMake module files
[18.245s] Level 1:colcon.colcon_core.environment:checking '/home/ubuntu/ros2_ws/install/samplepackage_turtlebot' for CMake config files
[18.266s] Level 1:colcon.colcon_core.shell:create_environment_hook('samplepackage_turtlebot', 'cmake_prefix_path')
[18.281s] INFO:colcon.colcon_core.shell:Creating environment hook '/home/ubuntu/ros2_ws/install/samplepackage_turtlebot/share/samplepackage_turtlebot/hook/cmake_prefix_path.ps1'
[18.289s] INFO:colcon.colcon_core.shell:Creating environment descriptor '/home/ubuntu/ros2_ws/install/samplepackage_turtlebot/share/samplepackage_turtlebot/hook/cmake_prefix_path.dsv'
[18.294s] INFO:colcon.colcon_core.shell:Creating environment hook '/home/ubuntu/ros2_ws/install/samplepackage_turtlebot/share/samplepackage_turtlebot/hook/cmake_prefix_path.sh'
[18.302s] Level 1:colcon.colcon_core.environment:checking '/home/ubuntu/ros2_ws/install/samplepackage_turtlebot/bin'
[18.303s] Level 1:colcon.colcon_core.environment:checking '/home/ubuntu/ros2_ws/install/samplepackage_turtlebot/lib/pkgconfig/samplepackage_turtlebot.pc'
[18.306s] Level 1:colcon.colcon_core.environment:checking '/home/ubuntu/ros2_ws/install/samplepackage_turtlebot/lib/python3.10/site-packages'
[18.309s] Level 1:colcon.colcon_core.environment:checking '/home/ubuntu/ros2_ws/install/samplepackage_turtlebot/bin'
[18.313s] INFO:colcon.colcon_core.shell:Creating package script '/home/ubuntu/ros2_ws/install/samplepackage_turtlebot/share/samplepackage_turtlebot/package.ps1'
[18.319s] INFO:colcon.colcon_core.shell:Creating package descriptor '/home/ubuntu/ros2_ws/install/samplepackage_turtlebot/share/samplepackage_turtlebot/package.dsv'
[18.326s] INFO:colcon.colcon_core.shell:Creating package script '/home/ubuntu/ros2_ws/install/samplepackage_turtlebot/share/samplepackage_turtlebot/package.sh'
[18.336s] INFO:colcon.colcon_core.shell:Creating package script '/home/ubuntu/ros2_ws/install/samplepackage_turtlebot/share/samplepackage_turtlebot/package.bash'
[18.342s] INFO:colcon.colcon_core.shell:Creating package script '/home/ubuntu/ros2_ws/install/samplepackage_turtlebot/share/samplepackage_turtlebot/package.zsh'
[18.347s] Level 1:colcon.colcon_core.environment:create_file_with_runtime_dependencies(/home/ubuntu/ros2_ws/install/samplepackage_turtlebot/share/colcon-core/packages/samplepackage_turtlebot)
[18.364s] INFO:colcon.colcon_ros.task.ament_python.build:Building ROS package in '/home/ubuntu/ros2_ws/src/turtlebot_test' with build type 'ament_python'
[18.366s] Level 1:colcon.colcon_core.shell:create_environment_hook('turtlebot_test', 'ament_prefix_path')
[18.369s] INFO:colcon.colcon_core.shell:Creating environment hook '/home/ubuntu/ros2_ws/install/turtlebot_test/share/turtlebot_test/hook/ament_prefix_path.ps1'
[18.381s] INFO:colcon.colcon_core.shell:Creating environment descriptor '/home/ubuntu/ros2_ws/install/turtlebot_test/share/turtlebot_test/hook/ament_prefix_path.dsv'
[18.385s] INFO:colcon.colcon_core.shell:Creating environment hook '/home/ubuntu/ros2_ws/install/turtlebot_test/share/turtlebot_test/hook/ament_prefix_path.sh'
[18.393s] INFO:colcon.colcon_core.shell:Skip shell extension 'powershell' for command environment: Not usable outside of PowerShell
[18.394s] DEBUG:colcon.colcon_core.shell:Skip shell extension 'dsv' for command environment
[18.482s] DEBUG:colcon.colcon_core.event_handler.log_command:Invoking command in '/home/ubuntu/ros2_ws/src/self_test': PYTHONPATH=/home/ubuntu/ros2_ws/build/self_test/prefix_override:/home/ubuntu/ros2_ws/install/self_test/lib/python3.10/site-packages:${PYTHONPATH} /usr/bin/python3 -W ignore:setup.py install is deprecated setup.py egg_info --egg-base ../../build/self_test build --build-base /home/ubuntu/ros2_ws/build/self_test/build install --record /home/ubuntu/ros2_ws/build/self_test/install.log --single-version-externally-managed install_data
[22.361s] INFO:colcon.colcon_core.task.python.build:Building Python package in '/home/ubuntu/ros2_ws/src/turtlebot_test'
[22.364s] INFO:colcon.colcon_core.shell:Skip shell extension 'powershell' for command environment: Not usable outside of PowerShell
[22.367s] DEBUG:colcon.colcon_core.shell:Skip shell extension 'dsv' for command environment
[22.461s] Level 1:colcon.colcon_core.environment:create_environment_scripts_only(camera_ros)
[22.464s] Level 1:colcon.colcon_core.environment:checking '/home/ubuntu/ros2_ws/install/camera_ros' for CMake module files
[22.472s] Level 1:colcon.colcon_core.environment:checking '/home/ubuntu/ros2_ws/install/camera_ros' for CMake config files
[22.478s] Level 1:colcon.colcon_core.shell:create_environment_hook('camera_ros', 'cmake_prefix_path')
[22.481s] INFO:colcon.colcon_core.shell:Creating environment hook '/home/ubuntu/ros2_ws/install/camera_ros/share/camera_ros/hook/cmake_prefix_path.ps1'
[22.486s] INFO:colcon.colcon_core.shell:Creating environment descriptor '/home/ubuntu/ros2_ws/install/camera_ros/share/camera_ros/hook/cmake_prefix_path.dsv'
[22.490s] INFO:colcon.colcon_core.shell:Creating environment hook '/home/ubuntu/ros2_ws/install/camera_ros/share/camera_ros/hook/cmake_prefix_path.sh'
[22.497s] Level 1:colcon.colcon_core.environment:checking '/home/ubuntu/ros2_ws/install/camera_ros/lib'
[22.498s] Level 1:colcon.colcon_core.shell:create_environment_hook('camera_ros', 'ld_library_path_lib')
[22.501s] INFO:colcon.colcon_core.shell:Creating environment hook '/home/ubuntu/ros2_ws/install/camera_ros/share/camera_ros/hook/ld_library_path_lib.ps1'
[22.507s] INFO:colcon.colcon_core.shell:Creating environment descriptor '/home/ubuntu/ros2_ws/install/camera_ros/share/camera_ros/hook/ld_library_path_lib.dsv'
[22.512s] INFO:colcon.colcon_core.shell:Creating environment hook '/home/ubuntu/ros2_ws/install/camera_ros/share/camera_ros/hook/ld_library_path_lib.sh'
[22.517s] Level 1:colcon.colcon_core.environment:checking '/home/ubuntu/ros2_ws/install/camera_ros/bin'
[22.518s] Level 1:colcon.colcon_core.environment:checking '/home/ubuntu/ros2_ws/install/camera_ros/lib/pkgconfig/camera_ros.pc'
[22.520s] Level 1:colcon.colcon_core.environment:checking '/home/ubuntu/ros2_ws/install/camera_ros/lib/python3.10/site-packages'
[22.523s] Level 1:colcon.colcon_core.environment:checking '/home/ubuntu/ros2_ws/install/camera_ros/bin'
[22.527s] INFO:colcon.colcon_core.shell:Creating package script '/home/ubuntu/ros2_ws/install/camera_ros/share/camera_ros/package.ps1'
[22.533s] INFO:colcon.colcon_core.shell:Creating package descriptor '/home/ubuntu/ros2_ws/install/camera_ros/share/camera_ros/package.dsv'
[22.539s] INFO:colcon.colcon_core.shell:Creating package script '/home/ubuntu/ros2_ws/install/camera_ros/share/camera_ros/package.sh'
[22.545s] INFO:colcon.colcon_core.shell:Creating package script '/home/ubuntu/ros2_ws/install/camera_ros/share/camera_ros/package.bash'
[22.550s] INFO:colcon.colcon_core.shell:Creating package script '/home/ubuntu/ros2_ws/install/camera_ros/share/camera_ros/package.zsh'
[22.555s] Level 1:colcon.colcon_core.environment:create_file_with_runtime_dependencies(/home/ubuntu/ros2_ws/install/camera_ros/share/colcon-core/packages/camera_ros)
[22.593s] DEBUG:colcon.colcon_core.event_handler.log_command:Invoking command in '/home/ubuntu/ros2_ws/src/test_package': PYTHONPATH=/home/ubuntu/ros2_ws/build/test_package/prefix_override:/home/ubuntu/ros2_ws/install/test_package/lib/python3.10/site-packages:${PYTHONPATH} /usr/bin/python3 -W ignore:setup.py install is deprecated setup.py egg_info --egg-base ../../build/test_package build --build-base /home/ubuntu/ros2_ws/build/test_package/build install --record /home/ubuntu/ros2_ws/build/test_package/install.log --single-version-externally-managed install_data
[22.682s] Level 1:colcon.colcon_core.environment:checking '/home/ubuntu/ros2_ws/install/self_test' for CMake module files
[22.688s] DEBUG:colcon.colcon_core.event_handler.log_command:Invoked command in '/home/ubuntu/ros2_ws/src/self_test' returned '0': PYTHONPATH=/home/ubuntu/ros2_ws/build/self_test/prefix_override:/home/ubuntu/ros2_ws/install/self_test/lib/python3.10/site-packages:${PYTHONPATH} /usr/bin/python3 -W ignore:setup.py install is deprecated setup.py egg_info --egg-base ../../build/self_test build --build-base /home/ubuntu/ros2_ws/build/self_test/build install --record /home/ubuntu/ros2_ws/build/self_test/install.log --single-version-externally-managed install_data
[22.691s] Level 1:colcon.colcon_core.environment:checking '/home/ubuntu/ros2_ws/install/self_test' for CMake config files
[22.703s] Level 1:colcon.colcon_core.environment:checking '/home/ubuntu/ros2_ws/install/self_test/lib'
[22.709s] Level 1:colcon.colcon_core.environment:checking '/home/ubuntu/ros2_ws/install/self_test/bin'
[22.712s] Level 1:colcon.colcon_core.environment:checking '/home/ubuntu/ros2_ws/install/self_test/lib/pkgconfig/self_test.pc'
[22.716s] Level 1:colcon.colcon_core.environment:checking '/home/ubuntu/ros2_ws/install/self_test/lib/python3.10/site-packages'
[22.718s] Level 1:colcon.colcon_core.shell:create_environment_hook('self_test', 'pythonpath')
[22.722s] INFO:colcon.colcon_core.shell:Creating environment hook '/home/ubuntu/ros2_ws/install/self_test/share/self_test/hook/pythonpath.ps1'
[22.731s] INFO:colcon.colcon_core.shell:Creating environment descriptor '/home/ubuntu/ros2_ws/install/self_test/share/self_test/hook/pythonpath.dsv'
[22.740s] INFO:colcon.colcon_core.shell:Creating environment hook '/home/ubuntu/ros2_ws/install/self_test/share/self_test/hook/pythonpath.sh'
[22.754s] Level 1:colcon.colcon_core.environment:checking '/home/ubuntu/ros2_ws/install/self_test/bin'
[22.759s] Level 1:colcon.colcon_core.environment:create_environment_scripts_only(self_test)
[22.767s] INFO:colcon.colcon_core.shell:Creating package script '/home/ubuntu/ros2_ws/install/self_test/share/self_test/package.ps1'
[22.778s] INFO:colcon.colcon_core.shell:Creating package descriptor '/home/ubuntu/ros2_ws/install/self_test/share/self_test/package.dsv'
[22.787s] INFO:colcon.colcon_core.shell:Creating package script '/home/ubuntu/ros2_ws/install/self_test/share/self_test/package.sh'
[22.797s] INFO:colcon.colcon_core.shell:Creating package script '/home/ubuntu/ros2_ws/install/self_test/share/self_test/package.bash'
[22.806s] INFO:colcon.colcon_core.shell:Creating package script '/home/ubuntu/ros2_ws/install/self_test/share/self_test/package.zsh'
[22.820s] Level 1:colcon.colcon_core.environment:create_file_with_runtime_dependencies(/home/ubuntu/ros2_ws/install/self_test/share/colcon-core/packages/self_test)
[26.348s] Level 1:colcon.colcon_core.environment:checking '/home/ubuntu/ros2_ws/install/test_package' for CMake module files
[26.354s] DEBUG:colcon.colcon_core.event_handler.log_command:Invoked command in '/home/ubuntu/ros2_ws/src/test_package' returned '0': PYTHONPATH=/home/ubuntu/ros2_ws/build/test_package/prefix_override:/home/ubuntu/ros2_ws/install/test_package/lib/python3.10/site-packages:${PYTHONPATH} /usr/bin/python3 -W ignore:setup.py install is deprecated setup.py egg_info --egg-base ../../build/test_package build --build-base /home/ubuntu/ros2_ws/build/test_package/build install --record /home/ubuntu/ros2_ws/build/test_package/install.log --single-version-externally-managed install_data
[26.357s] Level 1:colcon.colcon_core.environment:checking '/home/ubuntu/ros2_ws/install/test_package' for CMake config files
[26.365s] Level 1:colcon.colcon_core.environment:checking '/home/ubuntu/ros2_ws/install/test_package/lib'
[26.366s] Level 1:colcon.colcon_core.environment:checking '/home/ubuntu/ros2_ws/install/test_package/bin'
[26.367s] Level 1:colcon.colcon_core.environment:checking '/home/ubuntu/ros2_ws/install/test_package/lib/pkgconfig/test_package.pc'
[26.369s] Level 1:colcon.colcon_core.environment:checking '/home/ubuntu/ros2_ws/install/test_package/lib/python3.10/site-packages'
[26.370s] Level 1:colcon.colcon_core.shell:create_environment_hook('test_package', 'pythonpath')
[26.373s] INFO:colcon.colcon_core.shell:Creating environment hook '/home/ubuntu/ros2_ws/install/test_package/share/test_package/hook/pythonpath.ps1'
[26.377s] INFO:colcon.colcon_core.shell:Creating environment descriptor '/home/ubuntu/ros2_ws/install/test_package/share/test_package/hook/pythonpath.dsv'
[26.381s] INFO:colcon.colcon_core.shell:Creating environment hook '/home/ubuntu/ros2_ws/install/test_package/share/test_package/hook/pythonpath.sh'
[26.387s] Level 1:colcon.colcon_core.environment:checking '/home/ubuntu/ros2_ws/install/test_package/bin'
[26.388s] Level 1:colcon.colcon_core.environment:create_environment_scripts_only(test_package)
[26.391s] INFO:colcon.colcon_core.shell:Creating package script '/home/ubuntu/ros2_ws/install/test_package/share/test_package/package.ps1'
[26.397s] INFO:colcon.colcon_core.shell:Creating package descriptor '/home/ubuntu/ros2_ws/install/test_package/share/test_package/package.dsv'
[26.401s] INFO:colcon.colcon_core.shell:Creating package script '/home/ubuntu/ros2_ws/install/test_package/share/test_package/package.sh'
[26.406s] INFO:colcon.colcon_core.shell:Creating package script '/home/ubuntu/ros2_ws/install/test_package/share/test_package/package.bash'
[26.411s] INFO:colcon.colcon_core.shell:Creating package script '/home/ubuntu/ros2_ws/install/test_package/share/test_package/package.zsh'
[26.415s] Level 1:colcon.colcon_core.environment:create_file_with_runtime_dependencies(/home/ubuntu/ros2_ws/install/test_package/share/colcon-core/packages/test_package)
[27.079s] DEBUG:colcon.colcon_core.event_handler.log_command:Invoking command in '/home/ubuntu/ros2_ws/src/turtlebot_test': PYTHONPATH=/home/ubuntu/ros2_ws/build/turtlebot_test/prefix_override:/home/ubuntu/ros2_ws/install/turtlebot_test/lib/python3.10/site-packages:${PYTHONPATH} /usr/bin/python3 -W ignore:setup.py install is deprecated setup.py egg_info --egg-base ../../build/turtlebot_test build --build-base /home/ubuntu/ros2_ws/build/turtlebot_test/build install --record /home/ubuntu/ros2_ws/build/turtlebot_test/install.log --single-version-externally-managed install_data
[30.382s] Level 1:colcon.colcon_core.environment:checking '/home/ubuntu/ros2_ws/install/turtlebot_test' for CMake module files
[30.388s] DEBUG:colcon.colcon_core.event_handler.log_command:Invoked command in '/home/ubuntu/ros2_ws/src/turtlebot_test' returned '0': PYTHONPATH=/home/ubuntu/ros2_ws/build/turtlebot_test/prefix_override:/home/ubuntu/ros2_ws/install/turtlebot_test/lib/python3.10/site-packages:${PYTHONPATH} /usr/bin/python3 -W ignore:setup.py install is deprecated setup.py egg_info --egg-base ../../build/turtlebot_test build --build-base /home/ubuntu/ros2_ws/build/turtlebot_test/build install --record /home/ubuntu/ros2_ws/build/turtlebot_test/install.log --single-version-externally-managed install_data
[30.393s] Level 1:colcon.colcon_core.environment:checking '/home/ubuntu/ros2_ws/install/turtlebot_test' for CMake config files
[30.402s] Level 1:colcon.colcon_core.environment:checking '/home/ubuntu/ros2_ws/install/turtlebot_test/lib'
[30.403s] Level 1:colcon.colcon_core.environment:checking '/home/ubuntu/ros2_ws/install/turtlebot_test/bin'
[30.404s] Level 1:colcon.colcon_core.environment:checking '/home/ubuntu/ros2_ws/install/turtlebot_test/lib/pkgconfig/turtlebot_test.pc'
[30.406s] Level 1:colcon.colcon_core.environment:checking '/home/ubuntu/ros2_ws/install/turtlebot_test/lib/python3.10/site-packages'
[30.407s] Level 1:colcon.colcon_core.shell:create_environment_hook('turtlebot_test', 'pythonpath')
[30.409s] INFO:colcon.colcon_core.shell:Creating environment hook '/home/ubuntu/ros2_ws/install/turtlebot_test/share/turtlebot_test/hook/pythonpath.ps1'
[30.413s] INFO:colcon.colcon_core.shell:Creating environment descriptor '/home/ubuntu/ros2_ws/install/turtlebot_test/share/turtlebot_test/hook/pythonpath.dsv'
[30.417s] INFO:colcon.colcon_core.shell:Creating environment hook '/home/ubuntu/ros2_ws/install/turtlebot_test/share/turtlebot_test/hook/pythonpath.sh'
[30.423s] Level 1:colcon.colcon_core.environment:checking '/home/ubuntu/ros2_ws/install/turtlebot_test/bin'
[30.424s] Level 1:colcon.colcon_core.environment:create_environment_scripts_only(turtlebot_test)
[30.427s] INFO:colcon.colcon_core.shell:Creating package script '/home/ubuntu/ros2_ws/install/turtlebot_test/share/turtlebot_test/package.ps1'
[30.432s] INFO:colcon.colcon_core.shell:Creating package descriptor '/home/ubuntu/ros2_ws/install/turtlebot_test/share/turtlebot_test/package.dsv'
[30.436s] INFO:colcon.colcon_core.shell:Creating package script '/home/ubuntu/ros2_ws/install/turtlebot_test/share/turtlebot_test/package.sh'
[30.442s] INFO:colcon.colcon_core.shell:Creating package script '/home/ubuntu/ros2_ws/install/turtlebot_test/share/turtlebot_test/package.bash'
[30.446s] INFO:colcon.colcon_core.shell:Creating package script '/home/ubuntu/ros2_ws/install/turtlebot_test/share/turtlebot_test/package.zsh'
[30.450s] Level 1:colcon.colcon_core.environment:create_file_with_runtime_dependencies(/home/ubuntu/ros2_ws/install/turtlebot_test/share/colcon-core/packages/turtlebot_test)
[30.452s] DEBUG:colcon.colcon_parallel_executor.executor.parallel:closing loop
[30.455s] DEBUG:colcon.colcon_parallel_executor.executor.parallel:loop closed
[30.455s] DEBUG:colcon.colcon_parallel_executor.executor.parallel:run_until_complete finished with '0'
[30.457s] DEBUG:colcon.colcon_core.event_reactor:joining thread
[30.508s] INFO:colcon.colcon_core.plugin_system:Skipping extension 'colcon_notification.desktop_notification.notify_send': Could not find 'notify-send'
[30.509s] INFO:colcon.colcon_core.plugin_system:Skipping extension 'colcon_notification.desktop_notification.terminal_notifier': Not used on non-Darwin systems
[30.510s] INFO:colcon.colcon_core.plugin_system:Skipping extension 'colcon_notification.desktop_notification.win32': Not used on non-Windows systems
[30.510s] INFO:colcon.colcon_notification.desktop_notification:Sending desktop notification using 'notify2'
[30.516s] DEBUG:colcon.colcon_notification.desktop_notification.notify2:Failed to initialize notify2: org.freedesktop.DBus.Error.ServiceUnknown: The name org.freedesktop.Notifications was not provided by any .service files
[30.517s] DEBUG:colcon.colcon_core.event_reactor:joined thread
[30.520s] INFO:colcon.colcon_core.shell:Creating prefix script '/home/ubuntu/ros2_ws/install/local_setup.ps1'
[30.529s] INFO:colcon.colcon_core.shell:Creating prefix util module '/home/ubuntu/ros2_ws/install/_local_setup_util_ps1.py'
[30.543s] INFO:colcon.colcon_core.shell:Creating prefix chain script '/home/ubuntu/ros2_ws/install/setup.ps1'
[30.559s] INFO:colcon.colcon_core.shell:Creating prefix script '/home/ubuntu/ros2_ws/install/local_setup.sh'
[30.565s] INFO:colcon.colcon_core.shell:Creating prefix util module '/home/ubuntu/ros2_ws/install/_local_setup_util_sh.py'
[30.570s] INFO:colcon.colcon_core.shell:Creating prefix chain script '/home/ubuntu/ros2_ws/install/setup.sh'
[30.587s] INFO:colcon.colcon_core.shell:Creating prefix script '/home/ubuntu/ros2_ws/install/local_setup.bash'
[30.592s] INFO:colcon.colcon_core.shell:Creating prefix chain script '/home/ubuntu/ros2_ws/install/setup.bash'
[30.607s] INFO:colcon.colcon_core.shell:Creating prefix script '/home/ubuntu/ros2_ws/install/local_setup.zsh'
[30.612s] INFO:colcon.colcon_core.shell:Creating prefix chain script '/home/ubuntu/ros2_ws/install/setup.zsh'
