[0.314s] Invoking command in '/home/ubuntu/ros2_ws/build/camera_ros': CMAKE_PREFIX_PATH=${CMAKE_PREFIX_PATH}:/home/ubuntu/ros2_ws/install/turtlebot_test:/home/ubuntu/ros2_ws/install/my_package:/home/ubuntu/turtlebot3_ws/install/turtlebot3_teleop:/home/ubuntu/turtlebot3_ws/install/turtlebot3_example:/opt/ros/humble /usr/bin/cmake --build /home/ubuntu/ros2_ws/build/camera_ros -- -j4 -l4
[1.616s] [ 66%] Built target utils
[1.979s] [ 83%] Built target camera_node
[2.319s] [100%] Built target camera_component
[3.636s] Invoked command in '/home/ubuntu/ros2_ws/build/camera_ros' returned '0': CMAKE_PREFIX_PATH=${CMAKE_PREFIX_PATH}:/home/ubuntu/ros2_ws/install/turtlebot_test:/home/ubuntu/ros2_ws/install/my_package:/home/ubuntu/turtlebot3_ws/install/turtlebot3_teleop:/home/ubuntu/turtlebot3_ws/install/turtlebot3_example:/opt/ros/humble /usr/bin/cmake --build /home/ubuntu/ros2_ws/build/camera_ros -- -j4 -l4
[4.297s] Invoking command in '/home/ubuntu/ros2_ws/build/camera_ros': CMAKE_PREFIX_PATH=${CMAKE_PREFIX_PATH}:/home/ubuntu/ros2_ws/install/turtlebot_test:/home/ubuntu/ros2_ws/install/my_package:/home/ubuntu/turtlebot3_ws/install/turtlebot3_teleop:/home/ubuntu/turtlebot3_ws/install/turtlebot3_example:/opt/ros/humble /usr/bin/cmake --install /home/ubuntu/ros2_ws/build/camera_ros
[4.366s] -- Install configuration: ""
[4.371s] -- Up-to-date: /home/ubuntu/ros2_ws/install/camera_ros/lib/camera_ros/camera_node
[4.376s] -- Up-to-date: /home/ubuntu/ros2_ws/install/camera_ros/lib/libcamera_component.so
[4.380s] -- Up-to-date: /home/ubuntu/ros2_ws/install/camera_ros/share/camera_ros//launch
[4.386s] -- Up-to-date: /home/ubuntu/ros2_ws/install/camera_ros/share/camera_ros//launch/camera.launch.py
[4.388s] -- Up-to-date: /home/ubuntu/ros2_ws/install/camera_ros/share/ament_index/resource_index/package_run_dependencies/camera_ros
[4.391s] -- Up-to-date: /home/ubuntu/ros2_ws/install/camera_ros/share/ament_index/resource_index/parent_prefix_path/camera_ros
[4.394s] -- Up-to-date: /home/ubuntu/ros2_ws/install/camera_ros/share/camera_ros/environment/ament_prefix_path.sh
[4.396s] -- Up-to-date: /home/ubuntu/ros2_ws/install/camera_ros/share/camera_ros/environment/ament_prefix_path.dsv
[4.399s] -- Up-to-date: /home/ubuntu/ros2_ws/install/camera_ros/share/camera_ros/environment/path.sh
[4.401s] -- Up-to-date: /home/ubuntu/ros2_ws/install/camera_ros/share/camera_ros/environment/path.dsv
[4.405s] -- Up-to-date: /home/ubuntu/ros2_ws/install/camera_ros/share/camera_ros/local_setup.bash
[4.406s] -- Up-to-date: /home/ubuntu/ros2_ws/install/camera_ros/share/camera_ros/local_setup.sh
[4.407s] -- Up-to-date: /home/ubuntu/ros2_ws/install/camera_ros/share/camera_ros/local_setup.zsh
[4.408s] -- Up-to-date: /home/ubuntu/ros2_ws/install/camera_ros/share/camera_ros/local_setup.dsv
[4.409s] -- Installing: /home/ubuntu/ros2_ws/install/camera_ros/share/camera_ros/package.dsv
[4.415s] -- Up-to-date: /home/ubuntu/ros2_ws/install/camera_ros/share/ament_index/resource_index/packages/camera_ros
[4.419s] -- Up-to-date: /home/ubuntu/ros2_ws/install/camera_ros/share/ament_index/resource_index/rclcpp_components/camera_ros
[4.430s] -- Up-to-date: /home/ubuntu/ros2_ws/install/camera_ros/share/camera_ros/cmake/camera_rosConfig.cmake
[4.433s] -- Up-to-date: /home/ubuntu/ros2_ws/install/camera_ros/share/camera_ros/cmake/camera_rosConfig-version.cmake
[4.440s] -- Up-to-date: /home/ubuntu/ros2_ws/install/camera_ros/share/camera_ros/package.xml
[4.466s] Invoked command in '/home/ubuntu/ros2_ws/build/camera_ros' returned '0': CMAKE_PREFIX_PATH=${CMAKE_PREFIX_PATH}:/home/ubuntu/ros2_ws/install/turtlebot_test:/home/ubuntu/ros2_ws/install/my_package:/home/ubuntu/turtlebot3_ws/install/turtlebot3_teleop:/home/ubuntu/turtlebot3_ws/install/turtlebot3_example:/opt/ros/humble /usr/bin/cmake --install /home/ubuntu/ros2_ws/build/camera_ros
