-- Found ament_cmake: 1.3.10 (/opt/ros/humble/share/ament_cmake/cmake)
-- Found rclcpp: 16.0.10 (/opt/ros/humble/share/rclcpp/cmake)
-- Found rosidl_generator_c: 3.1.5 (/opt/ros/humble/share/rosidl_generator_c/cmake)
-- Found rosidl_adapter: 3.1.5 (/opt/ros/humble/share/rosidl_adapter/cmake)
-- Found rosidl_generator_cpp: 3.1.5 (/opt/ros/humble/share/rosidl_generator_cpp/cmake)
-- Using all available rosidl_typesupport_c: rosidl_typesupport_fastrtps_c;rosidl_typesupport_introspection_c
-- Using all available rosidl_typesupport_cpp: rosidl_typesupport_fastrtps_cpp;rosidl_typesupport_introspection_cpp
-- Found rmw_implementation_cmake: 6.1.2 (/opt/ros/humble/share/rmw_implementation_cmake/cmake)
-- Found rmw_fastrtps_cpp: 6.2.7 (/opt/ros/humble/share/rmw_fastrtps_cpp/cmake)
-- Using RMW implementation 'rmw_fastrtps_cpp' as default
-- Found ament_lint_auto: 0.12.11 (/opt/ros/humble/share/ament_lint_auto/cmake)
-- Added test 'cppcheck' to perform static code analysis on C / C++ code
-- Configured cppcheck include dirs: $<BUILD_INTERFACE:/home/jestin/SegFault/tb_ws/src/project2/include>
-- Configured cppcheck exclude dirs and/or files: 
-- Added test 'lint_cmake' to check CMake code style
-- Added test 'uncrustify' to check C / C++ code style
-- Configured uncrustify additional arguments: 
-- Added test 'xmllint' to check XML markup files
-- Configuring done
-- Generating done
-- Build files have been written to: /home/jestin/SegFault/tb_ws/build/project2
[35m[1mConsolidate compiler generated dependencies of target robot[0m
[ 66%] [32mBuilding CXX object CMakeFiles/listener.dir/src/subscriber_member_function.cpp.o[0m
[ 66%] [32mBuilding CXX object CMakeFiles/talker.dir/src/publisher_member_function.cpp.o[0m
[ 66%] Built target robot
[ 83%] [32m[1mLinking CXX executable talker[0m
[ 83%] Built target talker
[100%] [32m[1mLinking CXX executable listener[0m
[100%] Built target listener
-- Install configuration: ""
-- Up-to-date: /home/jestin/SegFault/tb_ws/install/project2/lib/project2/robot
-- Installing: /home/jestin/SegFault/tb_ws/install/project2/lib/project2/talker
-- Set runtime path of "/home/jestin/SegFault/tb_ws/install/project2/lib/project2/talker" to ""
-- Installing: /home/jestin/SegFault/tb_ws/install/project2/lib/project2/listener
-- Set runtime path of "/home/jestin/SegFault/tb_ws/install/project2/lib/project2/listener" to ""
-- Installing: /home/jestin/SegFault/tb_ws/install/project2/share/ament_index/resource_index/package_run_dependencies/project2
-- Installing: /home/jestin/SegFault/tb_ws/install/project2/share/ament_index/resource_index/parent_prefix_path/project2
-- Up-to-date: /home/jestin/SegFault/tb_ws/install/project2/share/project2/environment/ament_prefix_path.sh
-- Installing: /home/jestin/SegFault/tb_ws/install/project2/share/project2/environment/ament_prefix_path.dsv
-- Up-to-date: /home/jestin/SegFault/tb_ws/install/project2/share/project2/environment/path.sh
-- Installing: /home/jestin/SegFault/tb_ws/install/project2/share/project2/environment/path.dsv
-- Up-to-date: /home/jestin/SegFault/tb_ws/install/project2/share/project2/local_setup.bash
-- Up-to-date: /home/jestin/SegFault/tb_ws/install/project2/share/project2/local_setup.sh
-- Up-to-date: /home/jestin/SegFault/tb_ws/install/project2/share/project2/local_setup.zsh
-- Installing: /home/jestin/SegFault/tb_ws/install/project2/share/project2/local_setup.dsv
-- Installing: /home/jestin/SegFault/tb_ws/install/project2/share/project2/package.dsv
-- Up-to-date: /home/jestin/SegFault/tb_ws/install/project2/share/ament_index/resource_index/packages/project2
-- Up-to-date: /home/jestin/SegFault/tb_ws/install/project2/share/project2/cmake/project2Config.cmake
-- Up-to-date: /home/jestin/SegFault/tb_ws/install/project2/share/project2/cmake/project2Config-version.cmake
-- Installing: /home/jestin/SegFault/tb_ws/install/project2/share/project2/package.xml
