[0.005s] Invoking command in '/home/jestin/turtlebot3_ws/build/turtlebot3_simulations': AMENT_PREFIX_PATH=/home/jestin/turtlebot3_ws/install/turtlebot3_gazebo:/home/jestin/turtlebot3_ws/install/turtlebot3_fake_node:${AMENT_PREFIX_PATH} CMAKE_PREFIX_PATH=/home/jestin/turtlebot3_ws/install/turtlebot3_gazebo:/home/jestin/turtlebot3_ws/install/turtlebot3_fake_node:/opt/ros/humble /usr/bin/cmake /home/jestin/turtlebot3_ws/src/turtlebot3_simulations/turtlebot3_simulations -DAMENT_CMAKE_SYMLINK_INSTALL=1 -DCMAKE_INSTALL_PREFIX=/home/jestin/turtlebot3_ws/install/turtlebot3_simulations
[0.044s] -- The C compiler identification is GNU 11.4.0
[0.086s] -- The CXX compiler identification is GNU 11.4.0
[0.091s] -- Detecting C compiler ABI info
[0.141s] -- Detecting C compiler ABI info - done
[0.147s] -- Check for working C compiler: /usr/bin/cc - skipped
[0.147s] -- Detecting C compile features
[0.148s] -- Detecting C compile features - done
[0.150s] -- Detecting CXX compiler ABI info
[0.208s] -- Detecting CXX compiler ABI info - done
[0.214s] -- Check for working CXX compiler: /usr/bin/c++ - skipped
[0.214s] -- Detecting CXX compile features
[0.214s] -- Detecting CXX compile features - done
[0.216s] -- Found ament_cmake: 1.3.10 (/opt/ros/humble/share/ament_cmake/cmake)
[0.328s] -- Found Python3: /usr/bin/python3 (found version "3.10.12") found components: Interpreter 
[0.373s] -- Override CMake install command with custom implementation using symlinks instead of copying resources
[0.443s] -- Configuring done
[0.445s] -- Generating done
[0.445s] -- Build files have been written to: /home/jestin/turtlebot3_ws/build/turtlebot3_simulations
[0.448s] Invoked command in '/home/jestin/turtlebot3_ws/build/turtlebot3_simulations' returned '0': AMENT_PREFIX_PATH=/home/jestin/turtlebot3_ws/install/turtlebot3_gazebo:/home/jestin/turtlebot3_ws/install/turtlebot3_fake_node:${AMENT_PREFIX_PATH} CMAKE_PREFIX_PATH=/home/jestin/turtlebot3_ws/install/turtlebot3_gazebo:/home/jestin/turtlebot3_ws/install/turtlebot3_fake_node:/opt/ros/humble /usr/bin/cmake /home/jestin/turtlebot3_ws/src/turtlebot3_simulations/turtlebot3_simulations -DAMENT_CMAKE_SYMLINK_INSTALL=1 -DCMAKE_INSTALL_PREFIX=/home/jestin/turtlebot3_ws/install/turtlebot3_simulations
[0.449s] Invoking command in '/home/jestin/turtlebot3_ws/build/turtlebot3_simulations': AMENT_PREFIX_PATH=/home/jestin/turtlebot3_ws/install/turtlebot3_gazebo:/home/jestin/turtlebot3_ws/install/turtlebot3_fake_node:${AMENT_PREFIX_PATH} CMAKE_PREFIX_PATH=/home/jestin/turtlebot3_ws/install/turtlebot3_gazebo:/home/jestin/turtlebot3_ws/install/turtlebot3_fake_node:/opt/ros/humble /usr/bin/cmake --build /home/jestin/turtlebot3_ws/build/turtlebot3_simulations -- -j8 -l8
[0.476s] Invoked command in '/home/jestin/turtlebot3_ws/build/turtlebot3_simulations' returned '0': AMENT_PREFIX_PATH=/home/jestin/turtlebot3_ws/install/turtlebot3_gazebo:/home/jestin/turtlebot3_ws/install/turtlebot3_fake_node:${AMENT_PREFIX_PATH} CMAKE_PREFIX_PATH=/home/jestin/turtlebot3_ws/install/turtlebot3_gazebo:/home/jestin/turtlebot3_ws/install/turtlebot3_fake_node:/opt/ros/humble /usr/bin/cmake --build /home/jestin/turtlebot3_ws/build/turtlebot3_simulations -- -j8 -l8
[0.496s] Invoking command in '/home/jestin/turtlebot3_ws/build/turtlebot3_simulations': AMENT_PREFIX_PATH=/home/jestin/turtlebot3_ws/install/turtlebot3_gazebo:/home/jestin/turtlebot3_ws/install/turtlebot3_fake_node:${AMENT_PREFIX_PATH} CMAKE_PREFIX_PATH=/home/jestin/turtlebot3_ws/install/turtlebot3_gazebo:/home/jestin/turtlebot3_ws/install/turtlebot3_fake_node:/opt/ros/humble /usr/bin/cmake --install /home/jestin/turtlebot3_ws/build/turtlebot3_simulations
[0.503s] -- Install configuration: ""
[0.503s] -- Execute custom install script
[0.504s] -- Symlinking: /home/jestin/turtlebot3_ws/install/turtlebot3_simulations/share/ament_index/resource_index/package_run_dependencies/turtlebot3_simulations
[0.512s] -- Symlinking: /home/jestin/turtlebot3_ws/install/turtlebot3_simulations/share/ament_index/resource_index/parent_prefix_path/turtlebot3_simulations
[0.520s] -- Symlinking: /home/jestin/turtlebot3_ws/install/turtlebot3_simulations/share/turtlebot3_simulations/environment/ament_prefix_path.sh
[0.525s] -- Symlinking: /home/jestin/turtlebot3_ws/install/turtlebot3_simulations/share/turtlebot3_simulations/environment/ament_prefix_path.dsv
[0.532s] -- Symlinking: /home/jestin/turtlebot3_ws/install/turtlebot3_simulations/share/turtlebot3_simulations/environment/path.sh
[0.539s] -- Symlinking: /home/jestin/turtlebot3_ws/install/turtlebot3_simulations/share/turtlebot3_simulations/environment/path.dsv
[0.545s] -- Symlinking: /home/jestin/turtlebot3_ws/install/turtlebot3_simulations/share/turtlebot3_simulations/local_setup.bash
[0.551s] -- Symlinking: /home/jestin/turtlebot3_ws/install/turtlebot3_simulations/share/turtlebot3_simulations/local_setup.sh
[0.557s] -- Symlinking: /home/jestin/turtlebot3_ws/install/turtlebot3_simulations/share/turtlebot3_simulations/local_setup.zsh
[0.563s] -- Symlinking: /home/jestin/turtlebot3_ws/install/turtlebot3_simulations/share/turtlebot3_simulations/local_setup.dsv
[0.569s] -- Symlinking: /home/jestin/turtlebot3_ws/install/turtlebot3_simulations/share/turtlebot3_simulations/package.dsv
[0.575s] -- Symlinking: /home/jestin/turtlebot3_ws/install/turtlebot3_simulations/share/ament_index/resource_index/packages/turtlebot3_simulations
[0.581s] -- Symlinking: /home/jestin/turtlebot3_ws/install/turtlebot3_simulations/share/turtlebot3_simulations/cmake/turtlebot3_simulationsConfig.cmake
[0.587s] -- Symlinking: /home/jestin/turtlebot3_ws/install/turtlebot3_simulations/share/turtlebot3_simulations/cmake/turtlebot3_simulationsConfig-version.cmake
[0.593s] -- Symlinking: /home/jestin/turtlebot3_ws/install/turtlebot3_simulations/share/turtlebot3_simulations/package.xml
[0.601s] Invoked command in '/home/jestin/turtlebot3_ws/build/turtlebot3_simulations' returned '0': AMENT_PREFIX_PATH=/home/jestin/turtlebot3_ws/install/turtlebot3_gazebo:/home/jestin/turtlebot3_ws/install/turtlebot3_fake_node:${AMENT_PREFIX_PATH} CMAKE_PREFIX_PATH=/home/jestin/turtlebot3_ws/install/turtlebot3_gazebo:/home/jestin/turtlebot3_ws/install/turtlebot3_fake_node:/opt/ros/humble /usr/bin/cmake --install /home/jestin/turtlebot3_ws/build/turtlebot3_simulations
