[0.273s] Invoking command in '/home/ubuntu/ros2_ws/build/samplepackage_turtlebot': CMAKE_PREFIX_PATH=${CMAKE_PREFIX_PATH}:/home/ubuntu/ros2_ws/install/turtlebot_test:/home/ubuntu/ros2_ws/install/my_package:/home/ubuntu/turtlebot3_ws/install/turtlebot3_teleop:/home/ubuntu/turtlebot3_ws/install/turtlebot3_example:/opt/ros/humble /usr/bin/cmake --build /home/ubuntu/ros2_ws/build/samplepackage_turtlebot -- -j4 -l4
[3.506s] Invoked command in '/home/ubuntu/ros2_ws/build/samplepackage_turtlebot' returned '0': CMAKE_PREFIX_PATH=${CMAKE_PREFIX_PATH}:/home/ubuntu/ros2_ws/install/turtlebot_test:/home/ubuntu/ros2_ws/install/my_package:/home/ubuntu/turtlebot3_ws/install/turtlebot3_teleop:/home/ubuntu/turtlebot3_ws/install/turtlebot3_example:/opt/ros/humble /usr/bin/cmake --build /home/ubuntu/ros2_ws/build/samplepackage_turtlebot -- -j4 -l4
[3.840s] Invoking command in '/home/ubuntu/ros2_ws/build/samplepackage_turtlebot': CMAKE_PREFIX_PATH=${CMAKE_PREFIX_PATH}:/home/ubuntu/ros2_ws/install/turtlebot_test:/home/ubuntu/ros2_ws/install/my_package:/home/ubuntu/turtlebot3_ws/install/turtlebot3_teleop:/home/ubuntu/turtlebot3_ws/install/turtlebot3_example:/opt/ros/humble /usr/bin/cmake --install /home/ubuntu/ros2_ws/build/samplepackage_turtlebot
[3.915s] -- Install configuration: ""
[3.920s] -- Up-to-date: /home/ubuntu/ros2_ws/install/samplepackage_turtlebot/share/ament_index/resource_index/package_run_dependencies/samplepackage_turtlebot
[3.930s] -- Up-to-date: /home/ubuntu/ros2_ws/install/samplepackage_turtlebot/share/ament_index/resource_index/parent_prefix_path/samplepackage_turtlebot
[3.933s] -- Up-to-date: /home/ubuntu/ros2_ws/install/samplepackage_turtlebot/share/samplepackage_turtlebot/environment/ament_prefix_path.sh
[3.934s] -- Up-to-date: /home/ubuntu/ros2_ws/install/samplepackage_turtlebot/share/samplepackage_turtlebot/environment/ament_prefix_path.dsv
[3.935s] -- Up-to-date: /home/ubuntu/ros2_ws/install/samplepackage_turtlebot/share/samplepackage_turtlebot/environment/path.sh
[3.936s] -- Up-to-date: /home/ubuntu/ros2_ws/install/samplepackage_turtlebot/share/samplepackage_turtlebot/environment/path.dsv
[3.937s] -- Up-to-date: /home/ubuntu/ros2_ws/install/samplepackage_turtlebot/share/samplepackage_turtlebot/local_setup.bash
[3.939s] -- Up-to-date: /home/ubuntu/ros2_ws/install/samplepackage_turtlebot/share/samplepackage_turtlebot/local_setup.sh
[3.941s] -- Up-to-date: /home/ubuntu/ros2_ws/install/samplepackage_turtlebot/share/samplepackage_turtlebot/local_setup.zsh
[3.944s] -- Up-to-date: /home/ubuntu/ros2_ws/install/samplepackage_turtlebot/share/samplepackage_turtlebot/local_setup.dsv
[3.948s] -- Installing: /home/ubuntu/ros2_ws/install/samplepackage_turtlebot/share/samplepackage_turtlebot/package.dsv
[3.949s] -- Up-to-date: /home/ubuntu/ros2_ws/install/samplepackage_turtlebot/share/ament_index/resource_index/packages/samplepackage_turtlebot
[3.950s] -- Up-to-date: /home/ubuntu/ros2_ws/install/samplepackage_turtlebot/share/samplepackage_turtlebot/cmake/samplepackage_turtlebotConfig.cmake
[3.952s] -- Up-to-date: /home/ubuntu/ros2_ws/install/samplepackage_turtlebot/share/samplepackage_turtlebot/cmake/samplepackage_turtlebotConfig-version.cmake
[3.955s] -- Up-to-date: /home/ubuntu/ros2_ws/install/samplepackage_turtlebot/share/samplepackage_turtlebot/package.xml
[3.973s] Invoked command in '/home/ubuntu/ros2_ws/build/samplepackage_turtlebot' returned '0': CMAKE_PREFIX_PATH=${CMAKE_PREFIX_PATH}:/home/ubuntu/ros2_ws/install/turtlebot_test:/home/ubuntu/ros2_ws/install/my_package:/home/ubuntu/turtlebot3_ws/install/turtlebot3_teleop:/home/ubuntu/turtlebot3_ws/install/turtlebot3_example:/opt/ros/humble /usr/bin/cmake --install /home/ubuntu/ros2_ws/build/samplepackage_turtlebot
