[1.454s] DEBUG:colcon:Command line arguments: ['/usr/bin/colcon', 'build', '--packages-select', 'turtlebot_test']
[1.455s] DEBUG:colcon:Parsed command line arguments: Namespace(log_base=None, log_level=None, verb_name='build', build_base='build', install_base='install', merge_install=False, symlink_install=False, test_result_base=None, continue_on_error=False, executor='parallel', parallel_workers=4, event_handlers=None, ignore_user_meta=False, metas=['./colcon.meta'], base_paths=['.'], packages_ignore=None, packages_ignore_regex=None, paths=None, packages_up_to=None, packages_up_to_regex=None, packages_above=None, packages_above_and_dependencies=None, packages_above_depth=None, packages_select_by_dep=None, packages_skip_by_dep=None, packages_skip_up_to=None, packages_select_build_failed=False, packages_skip_build_finished=False, packages_select_test_failures=False, packages_skip_test_passed=False, packages_select=['turtlebot_test'], packages_skip=None, packages_select_regex=None, packages_skip_regex=None, packages_start=None, packages_end=None, allow_overriding=[], cmake_args=None, cmake_target=None, cmake_target_skip_unavailable=False, cmake_clean_cache=False, cmake_clean_first=False, cmake_force_configure=False, ament_cmake_args=None, catkin_cmake_args=None, catkin_skip_building_tests=False, mixin_files=None, mixin=None, verb_parser=<colcon_mixin.mixin.mixin_argument.MixinArgumentDecorator object at 0xffffb99c5ae0>, verb_extension=<colcon_core.verb.build.BuildVerb object at 0xffffb9b0a200>, main=<bound method BuildVerb.main of <colcon_core.verb.build.BuildVerb object at 0xffffb9b0a200>>, mixin_verb=('build',))
[3.382s] Level 1:colcon.colcon_core.package_discovery:discover_packages(colcon_meta) check parameters
[3.383s] Level 1:colcon.colcon_core.package_discovery:discover_packages(recursive) check parameters
[3.383s] Level 1:colcon.colcon_core.package_discovery:discover_packages(ignore) check parameters
[3.384s] Level 1:colcon.colcon_core.package_discovery:discover_packages(path) check parameters
[3.384s] Level 1:colcon.colcon_core.package_discovery:discover_packages(colcon_meta) discover
[3.385s] Level 1:colcon.colcon_core.package_discovery:discover_packages(recursive) discover
[3.385s] INFO:colcon.colcon_core.package_discovery:Crawling recursively for packages in '/home/ubuntu/ros2_ws'
[3.386s] Level 1:colcon.colcon_core.package_identification:_identify(.) by extensions ['ignore', 'ignore_ament_install']
[3.388s] Level 1:colcon.colcon_core.package_identification:_identify(.) by extension 'ignore'
[3.389s] Level 1:colcon.colcon_core.package_identification:_identify(.) by extension 'ignore_ament_install'
[3.390s] Level 1:colcon.colcon_core.package_identification:_identify(.) by extensions ['colcon_pkg']
[3.390s] Level 1:colcon.colcon_core.package_identification:_identify(.) by extension 'colcon_pkg'
[3.391s] Level 1:colcon.colcon_core.package_identification:_identify(.) by extensions ['colcon_meta']
[3.391s] Level 1:colcon.colcon_core.package_identification:_identify(.) by extension 'colcon_meta'
[3.392s] Level 1:colcon.colcon_core.package_identification:_identify(.) by extensions ['ros']
[3.392s] Level 1:colcon.colcon_core.package_identification:_identify(.) by extension 'ros'
[3.509s] Level 1:colcon.colcon_core.package_identification:_identify(.) by extensions ['cmake', 'python']
[3.510s] Level 1:colcon.colcon_core.package_identification:_identify(.) by extension 'cmake'
[3.510s] Level 1:colcon.colcon_core.package_identification:_identify(.) by extension 'python'
[3.511s] Level 1:colcon.colcon_core.package_identification:_identify(.) by extensions ['python_setup_py']
[3.511s] Level 1:colcon.colcon_core.package_identification:_identify(.) by extension 'python_setup_py'
[3.512s] Level 1:colcon.colcon_core.package_identification:_identify(build) by extensions ['ignore', 'ignore_ament_install']
[3.513s] Level 1:colcon.colcon_core.package_identification:_identify(build) by extension 'ignore'
[3.514s] Level 1:colcon.colcon_core.package_identification:_identify(build) ignored
[3.516s] Level 1:colcon.colcon_core.package_identification:_identify(install) by extensions ['ignore', 'ignore_ament_install']
[3.517s] Level 1:colcon.colcon_core.package_identification:_identify(install) by extension 'ignore'
[3.517s] Level 1:colcon.colcon_core.package_identification:_identify(install) ignored
[3.519s] Level 1:colcon.colcon_core.package_identification:_identify(log) by extensions ['ignore', 'ignore_ament_install']
[3.520s] Level 1:colcon.colcon_core.package_identification:_identify(log) by extension 'ignore'
[3.520s] Level 1:colcon.colcon_core.package_identification:_identify(log) ignored
[3.522s] Level 1:colcon.colcon_core.package_identification:_identify(src) by extensions ['ignore', 'ignore_ament_install']
[3.522s] Level 1:colcon.colcon_core.package_identification:_identify(src) by extension 'ignore'
[3.523s] Level 1:colcon.colcon_core.package_identification:_identify(src) by extension 'ignore_ament_install'
[3.524s] Level 1:colcon.colcon_core.package_identification:_identify(src) by extensions ['colcon_pkg']
[3.524s] Level 1:colcon.colcon_core.package_identification:_identify(src) by extension 'colcon_pkg'
[3.525s] Level 1:colcon.colcon_core.package_identification:_identify(src) by extensions ['colcon_meta']
[3.525s] Level 1:colcon.colcon_core.package_identification:_identify(src) by extension 'colcon_meta'
[3.526s] Level 1:colcon.colcon_core.package_identification:_identify(src) by extensions ['ros']
[3.526s] Level 1:colcon.colcon_core.package_identification:_identify(src) by extension 'ros'
[3.527s] Level 1:colcon.colcon_core.package_identification:_identify(src) by extensions ['cmake', 'python']
[3.527s] Level 1:colcon.colcon_core.package_identification:_identify(src) by extension 'cmake'
[3.528s] Level 1:colcon.colcon_core.package_identification:_identify(src) by extension 'python'
[3.529s] Level 1:colcon.colcon_core.package_identification:_identify(src) by extensions ['python_setup_py']
[3.529s] Level 1:colcon.colcon_core.package_identification:_identify(src) by extension 'python_setup_py'
[3.530s] Level 1:colcon.colcon_core.package_identification:_identify(src/camera_ros) by extensions ['ignore', 'ignore_ament_install']
[3.531s] Level 1:colcon.colcon_core.package_identification:_identify(src/camera_ros) by extension 'ignore'
[3.532s] Level 1:colcon.colcon_core.package_identification:_identify(src/camera_ros) by extension 'ignore_ament_install'
[3.533s] Level 1:colcon.colcon_core.package_identification:_identify(src/camera_ros) by extensions ['colcon_pkg']
[3.533s] Level 1:colcon.colcon_core.package_identification:_identify(src/camera_ros) by extension 'colcon_pkg'
[3.534s] Level 1:colcon.colcon_core.package_identification:_identify(src/camera_ros) by extensions ['colcon_meta']
[3.534s] Level 1:colcon.colcon_core.package_identification:_identify(src/camera_ros) by extension 'colcon_meta'
[3.535s] Level 1:colcon.colcon_core.package_identification:_identify(src/camera_ros) by extensions ['ros']
[3.535s] Level 1:colcon.colcon_core.package_identification:_identify(src/camera_ros) by extension 'ros'
[3.558s] DEBUG:colcon.colcon_core.package_identification:Package 'src/camera_ros' with type 'ros.ament_cmake' and name 'camera_ros'
[3.560s] Level 1:colcon.colcon_core.package_identification:_identify(src/samplepackage_turtlebot) by extensions ['ignore', 'ignore_ament_install']
[3.561s] Level 1:colcon.colcon_core.package_identification:_identify(src/samplepackage_turtlebot) by extension 'ignore'
[3.561s] Level 1:colcon.colcon_core.package_identification:_identify(src/samplepackage_turtlebot) by extension 'ignore_ament_install'
[3.562s] Level 1:colcon.colcon_core.package_identification:_identify(src/samplepackage_turtlebot) by extensions ['colcon_pkg']
[3.562s] Level 1:colcon.colcon_core.package_identification:_identify(src/samplepackage_turtlebot) by extension 'colcon_pkg'
[3.563s] Level 1:colcon.colcon_core.package_identification:_identify(src/samplepackage_turtlebot) by extensions ['colcon_meta']
[3.563s] Level 1:colcon.colcon_core.package_identification:_identify(src/samplepackage_turtlebot) by extension 'colcon_meta'
[3.564s] Level 1:colcon.colcon_core.package_identification:_identify(src/samplepackage_turtlebot) by extensions ['ros']
[3.565s] Level 1:colcon.colcon_core.package_identification:_identify(src/samplepackage_turtlebot) by extension 'ros'
[3.570s] DEBUG:colcon.colcon_core.package_identification:Package 'src/samplepackage_turtlebot' with type 'ros.ament_cmake' and name 'samplepackage_turtlebot'
[3.571s] Level 1:colcon.colcon_core.package_identification:_identify(src/self_test) by extensions ['ignore', 'ignore_ament_install']
[3.572s] Level 1:colcon.colcon_core.package_identification:_identify(src/self_test) by extension 'ignore'
[3.573s] Level 1:colcon.colcon_core.package_identification:_identify(src/self_test) by extension 'ignore_ament_install'
[3.574s] Level 1:colcon.colcon_core.package_identification:_identify(src/self_test) by extensions ['colcon_pkg']
[3.574s] Level 1:colcon.colcon_core.package_identification:_identify(src/self_test) by extension 'colcon_pkg'
[3.575s] Level 1:colcon.colcon_core.package_identification:_identify(src/self_test) by extensions ['colcon_meta']
[3.575s] Level 1:colcon.colcon_core.package_identification:_identify(src/self_test) by extension 'colcon_meta'
[3.576s] Level 1:colcon.colcon_core.package_identification:_identify(src/self_test) by extensions ['ros']
[3.576s] Level 1:colcon.colcon_core.package_identification:_identify(src/self_test) by extension 'ros'
[3.581s] DEBUG:colcon.colcon_core.package_identification:Failed to parse potential ROS package manifest in'src/self_test': Error(s) in package 'src/self_test/package.xml':
The manifest contains invalid XML:
mismatched tag: line 23, column 2
[3.581s] Level 1:colcon.colcon_core.package_identification:_identify(src/self_test) by extensions ['cmake', 'python']
[3.582s] Level 1:colcon.colcon_core.package_identification:_identify(src/self_test) by extension 'cmake'
[3.583s] Level 1:colcon.colcon_core.package_identification:_identify(src/self_test) by extension 'python'
[3.584s] DEBUG:colcon.colcon_core.package_identification:Python package in 'src/self_test' passes arguments to the setup() function which requires a different identification extension than 'python'
[3.584s] Level 1:colcon.colcon_core.package_identification:_identify(src/self_test) by extensions ['python_setup_py']
[3.584s] Level 1:colcon.colcon_core.package_identification:_identify(src/self_test) by extension 'python_setup_py'
[6.344s] DEBUG:colcon.colcon_core.package_identification:Package 'src/self_test' with type 'python' and name 'self_test'
[6.346s] Level 1:colcon.colcon_core.package_identification:_identify(src/test_package) by extensions ['ignore', 'ignore_ament_install']
[6.347s] Level 1:colcon.colcon_core.package_identification:_identify(src/test_package) by extension 'ignore'
[6.348s] Level 1:colcon.colcon_core.package_identification:_identify(src/test_package) by extension 'ignore_ament_install'
[6.349s] Level 1:colcon.colcon_core.package_identification:_identify(src/test_package) by extensions ['colcon_pkg']
[6.349s] Level 1:colcon.colcon_core.package_identification:_identify(src/test_package) by extension 'colcon_pkg'
[6.350s] Level 1:colcon.colcon_core.package_identification:_identify(src/test_package) by extensions ['colcon_meta']
[6.350s] Level 1:colcon.colcon_core.package_identification:_identify(src/test_package) by extension 'colcon_meta'
[6.351s] Level 1:colcon.colcon_core.package_identification:_identify(src/test_package) by extensions ['ros']
[6.351s] Level 1:colcon.colcon_core.package_identification:_identify(src/test_package) by extension 'ros'
[6.356s] DEBUG:colcon.colcon_core.package_identification:Failed to parse potential ROS package manifest in'src/test_package': Error(s) in package 'src/test_package/package.xml':
The manifest contains invalid XML:
mismatched tag: line 23, column 2
[6.357s] Level 1:colcon.colcon_core.package_identification:_identify(src/test_package) by extensions ['cmake', 'python']
[6.358s] Level 1:colcon.colcon_core.package_identification:_identify(src/test_package) by extension 'cmake'
[6.358s] Level 1:colcon.colcon_core.package_identification:_identify(src/test_package) by extension 'python'
[6.360s] DEBUG:colcon.colcon_core.package_identification:Python package in 'src/test_package' passes arguments to the setup() function which requires a different identification extension than 'python'
[6.360s] Level 1:colcon.colcon_core.package_identification:_identify(src/test_package) by extensions ['python_setup_py']
[6.361s] Level 1:colcon.colcon_core.package_identification:_identify(src/test_package) by extension 'python_setup_py'
[9.118s] DEBUG:colcon.colcon_core.package_identification:Package 'src/test_package' with type 'python' and name 'test_package'
[9.120s] Level 1:colcon.colcon_core.package_identification:_identify(src/turtlebot_test) by extensions ['ignore', 'ignore_ament_install']
[9.121s] Level 1:colcon.colcon_core.package_identification:_identify(src/turtlebot_test) by extension 'ignore'
[9.122s] Level 1:colcon.colcon_core.package_identification:_identify(src/turtlebot_test) by extension 'ignore_ament_install'
[9.122s] Level 1:colcon.colcon_core.package_identification:_identify(src/turtlebot_test) by extensions ['colcon_pkg']
[9.123s] Level 1:colcon.colcon_core.package_identification:_identify(src/turtlebot_test) by extension 'colcon_pkg'
[9.123s] Level 1:colcon.colcon_core.package_identification:_identify(src/turtlebot_test) by extensions ['colcon_meta']
[9.124s] Level 1:colcon.colcon_core.package_identification:_identify(src/turtlebot_test) by extension 'colcon_meta'
[9.124s] Level 1:colcon.colcon_core.package_identification:_identify(src/turtlebot_test) by extensions ['ros']
[9.125s] Level 1:colcon.colcon_core.package_identification:_identify(src/turtlebot_test) by extension 'ros'
[9.129s] DEBUG:colcon.colcon_core.package_identification:Failed to parse potential ROS package manifest in'src/turtlebot_test': Error(s) in package 'src/turtlebot_test/package.xml':
The manifest contains invalid XML:
mismatched tag: line 23, column 2
[9.130s] Level 1:colcon.colcon_core.package_identification:_identify(src/turtlebot_test) by extensions ['cmake', 'python']
[9.130s] Level 1:colcon.colcon_core.package_identification:_identify(src/turtlebot_test) by extension 'cmake'
[9.131s] Level 1:colcon.colcon_core.package_identification:_identify(src/turtlebot_test) by extension 'python'
[9.132s] DEBUG:colcon.colcon_core.package_identification:Python package in 'src/turtlebot_test' passes arguments to the setup() function which requires a different identification extension than 'python'
[9.133s] Level 1:colcon.colcon_core.package_identification:_identify(src/turtlebot_test) by extensions ['python_setup_py']
[9.133s] Level 1:colcon.colcon_core.package_identification:_identify(src/turtlebot_test) by extension 'python_setup_py'
[11.883s] DEBUG:colcon.colcon_core.package_identification:Package 'src/turtlebot_test' with type 'python' and name 'turtlebot_test'
[11.884s] Level 1:colcon.colcon_core.package_discovery:discover_packages(recursive) using defaults
[11.885s] Level 1:colcon.colcon_core.package_discovery:discover_packages(ignore) discover
[11.885s] Level 1:colcon.colcon_core.package_discovery:discover_packages(ignore) using defaults
[11.886s] Level 1:colcon.colcon_core.package_discovery:discover_packages(path) discover
[11.886s] Level 1:colcon.colcon_core.package_discovery:discover_packages(path) using defaults
[12.081s] INFO:colcon.colcon_core.package_selection:Skipping not selected package 'camera_ros' in 'src/camera_ros'
[12.082s] INFO:colcon.colcon_core.package_selection:Skipping not selected package 'samplepackage_turtlebot' in 'src/samplepackage_turtlebot'
[12.082s] INFO:colcon.colcon_core.package_selection:Skipping not selected package 'self_test' in 'src/self_test'
[12.083s] INFO:colcon.colcon_core.package_selection:Skipping not selected package 'test_package' in 'src/test_package'
[12.087s] Level 1:colcon.colcon_core.package_discovery:discover_packages(prefix_path) check parameters
[12.088s] Level 1:colcon.colcon_core.package_discovery:discover_packages(prefix_path) discover
[12.100s] WARNING:colcon.colcon_core.prefix_path.colcon:The path '/home/ubuntu/ros2_ws/src/install' in the environment variable COLCON_PREFIX_PATH doesn't exist
[12.102s] WARNING:colcon.colcon_ros.prefix_path.ament:The path '/home/ubuntu/ros2_ws/src/install/test_package' in the environment variable AMENT_PREFIX_PATH doesn't exist
[12.120s] DEBUG:colcon.colcon_installed_package_information.package_discovery:Found 6 installed packages in /home/ubuntu/ros2_ws/install
[12.128s] DEBUG:colcon.colcon_installed_package_information.package_discovery:Found 7 installed packages in /home/ubuntu/turtlebot3_ws/install
[12.149s] DEBUG:colcon.colcon_installed_package_information.package_discovery:Found 259 installed packages in /opt/ros/humble
[12.176s] Level 1:colcon.colcon_core.package_discovery:discover_packages(prefix_path) using defaults
[12.641s] Level 5:colcon.colcon_core.verb:set package 'turtlebot_test' build argument 'cmake_args' from command line to 'None'
[12.642s] Level 5:colcon.colcon_core.verb:set package 'turtlebot_test' build argument 'cmake_target' from command line to 'None'
[12.642s] Level 5:colcon.colcon_core.verb:set package 'turtlebot_test' build argument 'cmake_target_skip_unavailable' from command line to 'False'
[12.642s] Level 5:colcon.colcon_core.verb:set package 'turtlebot_test' build argument 'cmake_clean_cache' from command line to 'False'
[12.643s] Level 5:colcon.colcon_core.verb:set package 'turtlebot_test' build argument 'cmake_clean_first' from command line to 'False'
[12.643s] Level 5:colcon.colcon_core.verb:set package 'turtlebot_test' build argument 'cmake_force_configure' from command line to 'False'
[12.643s] Level 5:colcon.colcon_core.verb:set package 'turtlebot_test' build argument 'ament_cmake_args' from command line to 'None'
[12.643s] Level 5:colcon.colcon_core.verb:set package 'turtlebot_test' build argument 'catkin_cmake_args' from command line to 'None'
[12.644s] Level 5:colcon.colcon_core.verb:set package 'turtlebot_test' build argument 'catkin_skip_building_tests' from command line to 'False'
[12.644s] DEBUG:colcon.colcon_core.verb:Building package 'turtlebot_test' with the following arguments: {'ament_cmake_args': None, 'build_base': '/home/ubuntu/ros2_ws/build/turtlebot_test', 'catkin_cmake_args': None, 'catkin_skip_building_tests': False, 'cmake_args': None, 'cmake_clean_cache': False, 'cmake_clean_first': False, 'cmake_force_configure': False, 'cmake_target': None, 'cmake_target_skip_unavailable': False, 'install_base': '/home/ubuntu/ros2_ws/install/turtlebot_test', 'merge_install': False, 'path': '/home/ubuntu/ros2_ws/src/turtlebot_test', 'symlink_install': False, 'test_result_base': None}
[12.646s] INFO:colcon.colcon_core.executor:Executing jobs using 'parallel' executor
[12.654s] DEBUG:colcon.colcon_parallel_executor.executor.parallel:run_until_complete
[12.656s] INFO:colcon.colcon_core.task.python.build:Building Python package in '/home/ubuntu/ros2_ws/src/turtlebot_test'
[12.680s] INFO:colcon.colcon_core.plugin_system:Skipping extension 'colcon_core.shell.bat': Not used on non-Windows systems
[12.682s] INFO:colcon.colcon_core.shell:Skip shell extension 'powershell' for command environment: Not usable outside of PowerShell
[12.683s] DEBUG:colcon.colcon_core.shell:Skip shell extension 'dsv' for command environment
[19.489s] DEBUG:colcon.colcon_core.event_handler.log_command:Invoking command in '/home/ubuntu/ros2_ws/src/turtlebot_test': PYTHONPATH=/home/ubuntu/ros2_ws/build/turtlebot_test/prefix_override:/home/ubuntu/ros2_ws/install/turtlebot_test/lib/python3.10/site-packages:${PYTHONPATH} /usr/bin/python3 -W ignore:setup.py install is deprecated setup.py egg_info --egg-base ../../build/turtlebot_test build --build-base /home/ubuntu/ros2_ws/build/turtlebot_test/build install --record /home/ubuntu/ros2_ws/build/turtlebot_test/install.log --single-version-externally-managed install_data
[22.773s] Level 1:colcon.colcon_core.environment:checking '/home/ubuntu/ros2_ws/install/turtlebot_test' for CMake module files
[22.779s] DEBUG:colcon.colcon_core.event_handler.log_command:Invoked command in '/home/ubuntu/ros2_ws/src/turtlebot_test' returned '0': PYTHONPATH=/home/ubuntu/ros2_ws/build/turtlebot_test/prefix_override:/home/ubuntu/ros2_ws/install/turtlebot_test/lib/python3.10/site-packages:${PYTHONPATH} /usr/bin/python3 -W ignore:setup.py install is deprecated setup.py egg_info --egg-base ../../build/turtlebot_test build --build-base /home/ubuntu/ros2_ws/build/turtlebot_test/build install --record /home/ubuntu/ros2_ws/build/turtlebot_test/install.log --single-version-externally-managed install_data
[22.783s] Level 1:colcon.colcon_core.environment:checking '/home/ubuntu/ros2_ws/install/turtlebot_test' for CMake config files
[22.794s] Level 1:colcon.colcon_core.environment:checking '/home/ubuntu/ros2_ws/install/turtlebot_test/lib'
[22.796s] Level 1:colcon.colcon_core.environment:checking '/home/ubuntu/ros2_ws/install/turtlebot_test/bin'
[22.797s] Level 1:colcon.colcon_core.environment:checking '/home/ubuntu/ros2_ws/install/turtlebot_test/lib/pkgconfig/turtlebot_test.pc'
[22.799s] Level 1:colcon.colcon_core.environment:checking '/home/ubuntu/ros2_ws/install/turtlebot_test/lib/python3.10/site-packages'
[22.800s] Level 1:colcon.colcon_core.shell:create_environment_hook('turtlebot_test', 'pythonpath')
[22.802s] INFO:colcon.colcon_core.shell:Creating environment hook '/home/ubuntu/ros2_ws/install/turtlebot_test/share/turtlebot_test/hook/pythonpath.ps1'
[22.808s] INFO:colcon.colcon_core.shell:Creating environment descriptor '/home/ubuntu/ros2_ws/install/turtlebot_test/share/turtlebot_test/hook/pythonpath.dsv'
[22.812s] INFO:colcon.colcon_core.shell:Creating environment hook '/home/ubuntu/ros2_ws/install/turtlebot_test/share/turtlebot_test/hook/pythonpath.sh'
[22.820s] Level 1:colcon.colcon_core.environment:checking '/home/ubuntu/ros2_ws/install/turtlebot_test/bin'
[22.821s] Level 1:colcon.colcon_core.environment:create_environment_scripts_only(turtlebot_test)
[22.824s] INFO:colcon.colcon_core.shell:Creating package script '/home/ubuntu/ros2_ws/install/turtlebot_test/share/turtlebot_test/package.ps1'
[22.831s] INFO:colcon.colcon_core.shell:Creating package descriptor '/home/ubuntu/ros2_ws/install/turtlebot_test/share/turtlebot_test/package.dsv'
[22.836s] INFO:colcon.colcon_core.shell:Creating package script '/home/ubuntu/ros2_ws/install/turtlebot_test/share/turtlebot_test/package.sh'
[22.843s] INFO:colcon.colcon_core.shell:Creating package script '/home/ubuntu/ros2_ws/install/turtlebot_test/share/turtlebot_test/package.bash'
[22.851s] INFO:colcon.colcon_core.shell:Creating package script '/home/ubuntu/ros2_ws/install/turtlebot_test/share/turtlebot_test/package.zsh'
[22.857s] Level 1:colcon.colcon_core.environment:create_file_with_runtime_dependencies(/home/ubuntu/ros2_ws/install/turtlebot_test/share/colcon-core/packages/turtlebot_test)
[22.860s] DEBUG:colcon.colcon_parallel_executor.executor.parallel:closing loop
[22.862s] DEBUG:colcon.colcon_parallel_executor.executor.parallel:loop closed
[22.863s] DEBUG:colcon.colcon_parallel_executor.executor.parallel:run_until_complete finished with '0'
[22.863s] DEBUG:colcon.colcon_core.event_reactor:joining thread
[22.912s] INFO:colcon.colcon_core.plugin_system:Skipping extension 'colcon_notification.desktop_notification.notify_send': Could not find 'notify-send'
[22.913s] INFO:colcon.colcon_core.plugin_system:Skipping extension 'colcon_notification.desktop_notification.terminal_notifier': Not used on non-Darwin systems
[22.914s] INFO:colcon.colcon_core.plugin_system:Skipping extension 'colcon_notification.desktop_notification.win32': Not used on non-Windows systems
[22.914s] INFO:colcon.colcon_notification.desktop_notification:Sending desktop notification using 'notify2'
[22.920s] DEBUG:colcon.colcon_notification.desktop_notification.notify2:Failed to initialize notify2: org.freedesktop.DBus.Error.ServiceUnknown: The name org.freedesktop.Notifications was not provided by any .service files
[22.921s] DEBUG:colcon.colcon_core.event_reactor:joined thread
[22.924s] INFO:colcon.colcon_core.shell:Creating prefix script '/home/ubuntu/ros2_ws/install/local_setup.ps1'
[22.932s] INFO:colcon.colcon_core.shell:Creating prefix util module '/home/ubuntu/ros2_ws/install/_local_setup_util_ps1.py'
[22.946s] INFO:colcon.colcon_core.shell:Creating prefix chain script '/home/ubuntu/ros2_ws/install/setup.ps1'
[22.961s] INFO:colcon.colcon_core.shell:Creating prefix script '/home/ubuntu/ros2_ws/install/local_setup.sh'
[22.967s] INFO:colcon.colcon_core.shell:Creating prefix util module '/home/ubuntu/ros2_ws/install/_local_setup_util_sh.py'
[22.971s] INFO:colcon.colcon_core.shell:Creating prefix chain script '/home/ubuntu/ros2_ws/install/setup.sh'
[22.987s] INFO:colcon.colcon_core.shell:Creating prefix script '/home/ubuntu/ros2_ws/install/local_setup.bash'
[22.992s] INFO:colcon.colcon_core.shell:Creating prefix chain script '/home/ubuntu/ros2_ws/install/setup.bash'
[23.008s] INFO:colcon.colcon_core.shell:Creating prefix script '/home/ubuntu/ros2_ws/install/local_setup.zsh'
[23.012s] INFO:colcon.colcon_core.shell:Creating prefix chain script '/home/ubuntu/ros2_ws/install/setup.zsh'
