[0.013s] Invoking command in '/home/jestin/SegFault/tb_ws/build/project2': CMAKE_PREFIX_PATH=/opt/ros/humble /usr/bin/cmake --build /home/jestin/SegFault/tb_ws/build/project2 -- -j8 -l8
[0.131s] [35m[1mConsolidate compiler generated dependencies of target talker[0m
[0.142s] [ 33%] Built target robot
[0.160s] [100%] Built target listener
[0.160s] [100%] Built target talker
[0.168s] Invoked command in '/home/jestin/SegFault/tb_ws/build/project2' returned '0': CMAKE_PREFIX_PATH=/opt/ros/humble /usr/bin/cmake --build /home/jestin/SegFault/tb_ws/build/project2 -- -j8 -l8
[0.195s] Invoking command in '/home/jestin/SegFault/tb_ws/build/project2': CMAKE_PREFIX_PATH=/opt/ros/humble /usr/bin/cmake --install /home/jestin/SegFault/tb_ws/build/project2
[0.201s] -- Install configuration: ""
[0.203s] -- Up-to-date: /home/jestin/SegFault/tb_ws/install/project2/lib/project2/robot
[0.204s] -- Up-to-date: /home/jestin/SegFault/tb_ws/install/project2/lib/project2/talker
[0.205s] -- Up-to-date: /home/jestin/SegFault/tb_ws/install/project2/lib/project2/listener
[0.206s] -- Up-to-date: /home/jestin/SegFault/tb_ws/install/project2/share/ament_index/resource_index/package_run_dependencies/project2
[0.206s] -- Up-to-date: /home/jestin/SegFault/tb_ws/install/project2/share/ament_index/resource_index/parent_prefix_path/project2
[0.206s] -- Up-to-date: /home/jestin/SegFault/tb_ws/install/project2/share/project2/environment/ament_prefix_path.sh
[0.206s] -- Up-to-date: /home/jestin/SegFault/tb_ws/install/project2/share/project2/environment/ament_prefix_path.dsv
[0.206s] -- Up-to-date: /home/jestin/SegFault/tb_ws/install/project2/share/project2/environment/path.sh
[0.207s] -- Up-to-date: /home/jestin/SegFault/tb_ws/install/project2/share/project2/environment/path.dsv
[0.207s] -- Up-to-date: /home/jestin/SegFault/tb_ws/install/project2/share/project2/local_setup.bash
[0.207s] -- Up-to-date: /home/jestin/SegFault/tb_ws/install/project2/share/project2/local_setup.sh
[0.207s] -- Up-to-date: /home/jestin/SegFault/tb_ws/install/project2/share/project2/local_setup.zsh
[0.207s] -- Up-to-date: /home/jestin/SegFault/tb_ws/install/project2/share/project2/local_setup.dsv
[0.207s] -- Installing: /home/jestin/SegFault/tb_ws/install/project2/share/project2/package.dsv
[0.207s] -- Up-to-date: /home/jestin/SegFault/tb_ws/install/project2/share/ament_index/resource_index/packages/project2
[0.207s] -- Up-to-date: /home/jestin/SegFault/tb_ws/install/project2/share/project2/cmake/ament_cmake_export_include_directories-extras.cmake
[0.207s] -- Up-to-date: /home/jestin/SegFault/tb_ws/install/project2/share/project2/cmake/ament_cmake_export_dependencies-extras.cmake
[0.207s] -- Up-to-date: /home/jestin/SegFault/tb_ws/install/project2/share/project2/cmake/project2Config.cmake
[0.208s] -- Up-to-date: /home/jestin/SegFault/tb_ws/install/project2/share/project2/cmake/project2Config-version.cmake
[0.208s] -- Up-to-date: /home/jestin/SegFault/tb_ws/install/project2/share/project2/package.xml
[0.209s] Invoked command in '/home/jestin/SegFault/tb_ws/build/project2' returned '0': CMAKE_PREFIX_PATH=/opt/ros/humble /usr/bin/cmake --install /home/jestin/SegFault/tb_ws/build/project2
