[0.011s] Invoking command in '/home/jestin/SegFault/tb_ws/build/turtlebot3_gazebo': CMAKE_PREFIX_PATH=${CMAKE_PREFIX_PATH}:/opt/ros/humble /usr/bin/cmake --build /home/jestin/SegFault/tb_ws/build/turtlebot3_gazebo -- -j8 -l8
[0.033s] -- Found ament_cmake: 1.3.10 (/opt/ros/humble/share/ament_cmake/cmake)
[0.168s] [33mCMake Warning (dev) at /usr/share/cmake-3.22/Modules/FindPackageHandleStandardArgs.cmake:438 (message):
[0.168s]   The package name passed to `find_package_handle_standard_args` (PkgConfig)
[0.168s]   does not match the name of the calling package (gazebo).  This can lead to
[0.168s]   problems in calling code that expects `find_package` result variables
[0.168s]   (e.g., `_FOUND`) to follow a certain pattern.
[0.168s] Call Stack (most recent call first):
[0.168s]   /usr/share/cmake-3.22/Modules/FindPkgConfig.cmake:99 (find_package_handle_standard_args)
[0.168s]   /usr/lib/x86_64-linux-gnu/cmake/gazebo/gazebo-config.cmake:72 (include)
[0.168s]   CMakeLists.txt:23 (find_package)
[0.169s] This warning is for project developers.  Use -Wno-dev to suppress it.
[0.169s] [0m
[0.187s] -- Found DART: /usr/include (Required is at least version "6.6") found components: dart 
[0.210s] -- Found Protobuf: /usr/lib/x86_64-linux-gnu/libprotobuf.so (found version "3.12.4") 
[0.211s] -- Looking for ignition-math6 -- found version 6.15.1
[0.215s] -- Searching for dependencies of ignition-math6
[0.216s] -- Looking for OGRE...
[0.220s] -- Found Ogre Ghadamon (1.9.0)
[0.220s] -- Found OGRE: optimized;/usr/lib/x86_64-linux-gnu/libOgreMain.so;debug;/usr/lib/x86_64-linux-gnu/libOgreMain.so
[0.227s] -- Looking for OGRE_Paging...
[0.227s] -- Found OGRE_Paging: optimized;/usr/lib/x86_64-linux-gnu/libOgrePaging.so;debug;/usr/lib/x86_64-linux-gnu/libOgrePaging.so
[0.227s] -- Looking for OGRE_Terrain...
[0.227s] -- Found OGRE_Terrain: optimized;/usr/lib/x86_64-linux-gnu/libOgreTerrain.so;debug;/usr/lib/x86_64-linux-gnu/libOgreTerrain.so
[0.227s] -- Looking for OGRE_Property...
[0.227s] -- Found OGRE_Property: optimized;/usr/lib/x86_64-linux-gnu/libOgreProperty.so;debug;/usr/lib/x86_64-linux-gnu/libOgreProperty.so
[0.227s] -- Looking for OGRE_RTShaderSystem...
[0.227s] -- Found OGRE_RTShaderSystem: optimized;/usr/lib/x86_64-linux-gnu/libOgreRTShaderSystem.so;debug;/usr/lib/x86_64-linux-gnu/libOgreRTShaderSystem.so
[0.227s] -- Looking for OGRE_Volume...
[0.227s] -- Found OGRE_Volume: optimized;/usr/lib/x86_64-linux-gnu/libOgreVolume.so;debug;/usr/lib/x86_64-linux-gnu/libOgreVolume.so
[0.227s] -- Looking for OGRE_Overlay...
[0.227s] -- Found OGRE_Overlay: optimized;/usr/lib/x86_64-linux-gnu/libOgreOverlay.so;debug;/usr/lib/x86_64-linux-gnu/libOgreOverlay.so
[0.319s] -- Looking for ignition-math6 -- found version 6.15.1
[0.319s] -- Looking for ignition-transport8 -- found version 8.2.1
[0.320s] -- Searching for dependencies of ignition-transport8
[0.335s] -- Found Protobuf: /usr/lib/x86_64-linux-gnu/libprotobuf.so (found suitable version "3.12.4", minimum required is "3") 
[0.342s] -- Config-file not installed for ZeroMQ -- checking for pkg-config
[0.346s] -- Checking for module 'libzmq >= 4'
[0.355s] --   Found libzmq , version 4.3.4
[0.388s] -- Checking for module 'uuid'
[0.396s] --   Found uuid, version 2.37.2
[0.425s] -- Looking for ignition-msgs5 -- found version 5.8.1
[0.425s] -- Searching for dependencies of ignition-msgs5
[0.442s] -- Looking for ignition-math6 -- found version 6.15.1
[0.446s] -- Checking for module 'tinyxml2'
[0.458s] --   Found tinyxml2, version 9.0.0
[0.491s] -- Looking for ignition-msgs5 -- found version 5.8.1
[0.491s] -- Looking for ignition-common3 -- found version 3.14.0
[0.491s] -- Searching for dependencies of ignition-common3
[0.492s] -- Looking for dlfcn.h - found
[0.492s] -- Looking for libdl - found
[0.506s] -- Searching for <ignition-common3> component [graphics]
[0.507s] -- Looking for ignition-common3-graphics -- found version 3.14.0
[0.507s] -- Searching for dependencies of ignition-common3-graphics
[0.507s] -- Looking for ignition-math6 -- found version 6.15.1
[0.508s] -- Looking for ignition-fuel_tools4 -- found version 4.4.0
[0.508s] -- Searching for dependencies of ignition-fuel_tools4
[0.547s] -- Checking for module 'jsoncpp'
[0.558s] --   Found jsoncpp, version 1.9.5
[0.593s] -- Checking for module 'libzip'
[0.604s] --   Found libzip, version 1.7.3
[0.630s] -- Looking for ignition-common3 -- found version 3.14.0
[0.630s] -- Looking for ignition-math6 -- found version 6.15.1
[0.630s] -- Looking for ignition-msgs5 -- found version 5.8.1
[0.632s] -- Found gazebo_ros_pkgs: 3.7.0 (/opt/ros/humble/share/gazebo_ros_pkgs/cmake)
[0.632s] -- Found geometry_msgs: 4.2.4 (/opt/ros/humble/share/geometry_msgs/cmake)
[0.646s] -- Found rosidl_generator_c: 3.1.5 (/opt/ros/humble/share/rosidl_generator_c/cmake)
[0.648s] -- Found rosidl_adapter: 3.1.5 (/opt/ros/humble/share/rosidl_adapter/cmake)
[0.654s] -- Found rosidl_generator_cpp: 3.1.5 (/opt/ros/humble/share/rosidl_generator_cpp/cmake)
[0.661s] -- Using all available rosidl_typesupport_c: rosidl_typesupport_fastrtps_c;rosidl_typesupport_introspection_c
[0.673s] -- Using all available rosidl_typesupport_cpp: rosidl_typesupport_fastrtps_cpp;rosidl_typesupport_introspection_cpp
[0.703s] -- Found nav_msgs: 4.2.4 (/opt/ros/humble/share/nav_msgs/cmake)
[0.716s] -- Found rclcpp: 16.0.10 (/opt/ros/humble/share/rclcpp/cmake)
[0.737s] -- Found rmw_implementation_cmake: 6.1.2 (/opt/ros/humble/share/rmw_implementation_cmake/cmake)
[0.738s] -- Found rmw_fastrtps_cpp: 6.2.7 (/opt/ros/humble/share/rmw_fastrtps_cpp/cmake)
[0.816s] -- Using RMW implementation 'rmw_fastrtps_cpp' as default
[0.846s] -- Found sensor_msgs: 4.2.4 (/opt/ros/humble/share/sensor_msgs/cmake)
[0.858s] -- Found tf2: 0.25.7 (/opt/ros/humble/share/tf2/cmake)
[0.861s] -- Found visualization_msgs: 4.2.4 (/opt/ros/humble/share/visualization_msgs/cmake)
[0.877s] -- Found gazebo_msgs: 3.7.0 (/opt/ros/humble/share/gazebo_msgs/cmake)
[0.958s] -- Configuring done
[0.987s] -- Generating done
[0.990s] -- Build files have been written to: /home/jestin/SegFault/tb_ws/build/turtlebot3_gazebo
[1.013s] [35m[1mConsolidate compiler generated dependencies of target turtlebot3_drive[0m
[1.015s] [35m[1mConsolidate compiler generated dependencies of target obstacle1[0m
[1.016s] [35m[1mConsolidate compiler generated dependencies of target obstacle2[0m
[1.017s] [35m[1mConsolidate compiler generated dependencies of target obstacles[0m
[1.029s] [ 12%] [32mBuilding CXX object CMakeFiles/turtlebot3_drive.dir/src/turtlebot3_drive.cpp.o[0m
[1.049s] [ 62%] Built target obstacles
[1.049s] [ 62%] Built target obstacle2
[1.057s] [ 87%] Built target obstacle1
[11.483s] [100%] [32m[1mLinking CXX executable turtlebot3_drive[0m
[12.221s] [100%] Built target turtlebot3_drive
[12.229s] Invoked command in '/home/jestin/SegFault/tb_ws/build/turtlebot3_gazebo' returned '0': CMAKE_PREFIX_PATH=${CMAKE_PREFIX_PATH}:/opt/ros/humble /usr/bin/cmake --build /home/jestin/SegFault/tb_ws/build/turtlebot3_gazebo -- -j8 -l8
[12.254s] Invoking command in '/home/jestin/SegFault/tb_ws/build/turtlebot3_gazebo': CMAKE_PREFIX_PATH=${CMAKE_PREFIX_PATH}:/opt/ros/humble /usr/bin/cmake --install /home/jestin/SegFault/tb_ws/build/turtlebot3_gazebo
[12.259s] -- Install configuration: ""
[12.260s] -- Installing: /home/jestin/SegFault/tb_ws/install/turtlebot3_gazebo/lib/turtlebot3_gazebo/turtlebot3_drive
[12.265s] -- Set runtime path of "/home/jestin/SegFault/tb_ws/install/turtlebot3_gazebo/lib/turtlebot3_gazebo/turtlebot3_drive" to ""
[12.265s] -- Installing: /home/jestin/SegFault/tb_ws/install/turtlebot3_gazebo/share/turtlebot3_gazebo//launch
[12.265s] -- Installing: /home/jestin/SegFault/tb_ws/install/turtlebot3_gazebo/share/turtlebot3_gazebo//launch/turtlebot3_dqn_stage1.launch.py
[12.265s] -- Installing: /home/jestin/SegFault/tb_ws/install/turtlebot3_gazebo/share/turtlebot3_gazebo//launch/turtlebot3_house.launch.py
[12.265s] -- Installing: /home/jestin/SegFault/tb_ws/install/turtlebot3_gazebo/share/turtlebot3_gazebo//launch/empty_world.launch.py
[12.265s] -- Installing: /home/jestin/SegFault/tb_ws/install/turtlebot3_gazebo/share/turtlebot3_gazebo//launch/turtlebot3_world.launch.py
[12.266s] -- Installing: /home/jestin/SegFault/tb_ws/install/turtlebot3_gazebo/share/turtlebot3_gazebo//launch/robot_state_publisher.launch.py
[12.266s] -- Installing: /home/jestin/SegFault/tb_ws/install/turtlebot3_gazebo/share/turtlebot3_gazebo//launch/turtlebot3_dqn_stage3.launch.py
[12.266s] -- Installing: /home/jestin/SegFault/tb_ws/install/turtlebot3_gazebo/share/turtlebot3_gazebo//launch/turtlebot3_dqn_stage4.launch.py
[12.266s] -- Installing: /home/jestin/SegFault/tb_ws/install/turtlebot3_gazebo/share/turtlebot3_gazebo//launch/spawn_turtlebot3.launch.py
[12.266s] -- Installing: /home/jestin/SegFault/tb_ws/install/turtlebot3_gazebo/share/turtlebot3_gazebo//launch/turtlebot3_dqn_stage2.launch.py
[12.266s] -- Installing: /home/jestin/SegFault/tb_ws/install/turtlebot3_gazebo/share/turtlebot3_gazebo//models
[12.266s] -- Installing: /home/jestin/SegFault/tb_ws/install/turtlebot3_gazebo/share/turtlebot3_gazebo//models/turtlebot3_world
[12.266s] -- Installing: /home/jestin/SegFault/tb_ws/install/turtlebot3_gazebo/share/turtlebot3_gazebo//models/turtlebot3_world/model.config
[12.266s] -- Installing: /home/jestin/SegFault/tb_ws/install/turtlebot3_gazebo/share/turtlebot3_gazebo//models/turtlebot3_world/model.sdf
[12.266s] -- Installing: /home/jestin/SegFault/tb_ws/install/turtlebot3_gazebo/share/turtlebot3_gazebo//models/turtlebot3_world/model-1_4.sdf
[12.266s] -- Installing: /home/jestin/SegFault/tb_ws/install/turtlebot3_gazebo/share/turtlebot3_gazebo//models/turtlebot3_world/meshes
[12.266s] -- Installing: /home/jestin/SegFault/tb_ws/install/turtlebot3_gazebo/share/turtlebot3_gazebo//models/turtlebot3_world/meshes/hexagon.dae
[12.267s] -- Installing: /home/jestin/SegFault/tb_ws/install/turtlebot3_gazebo/share/turtlebot3_gazebo//models/turtlebot3_world/meshes/wall.dae
[12.267s] -- Installing: /home/jestin/SegFault/tb_ws/install/turtlebot3_gazebo/share/turtlebot3_gazebo//models/turtlebot3_dqn_world
[12.267s] -- Installing: /home/jestin/SegFault/tb_ws/install/turtlebot3_gazebo/share/turtlebot3_gazebo//models/turtlebot3_dqn_world/goal_box
[12.267s] -- Installing: /home/jestin/SegFault/tb_ws/install/turtlebot3_gazebo/share/turtlebot3_gazebo//models/turtlebot3_dqn_world/goal_box/model.config
[12.267s] -- Installing: /home/jestin/SegFault/tb_ws/install/turtlebot3_gazebo/share/turtlebot3_gazebo//models/turtlebot3_dqn_world/goal_box/model.sdf
[12.267s] -- Installing: /home/jestin/SegFault/tb_ws/install/turtlebot3_gazebo/share/turtlebot3_gazebo//models/turtlebot3_dqn_world/model.config
[12.267s] -- Installing: /home/jestin/SegFault/tb_ws/install/turtlebot3_gazebo/share/turtlebot3_gazebo//models/turtlebot3_dqn_world/model.sdf
[12.267s] -- Installing: /home/jestin/SegFault/tb_ws/install/turtlebot3_gazebo/share/turtlebot3_gazebo//models/turtlebot3_dqn_world/obstacle2
[12.267s] -- Installing: /home/jestin/SegFault/tb_ws/install/turtlebot3_gazebo/share/turtlebot3_gazebo//models/turtlebot3_dqn_world/obstacle2/model.config
[12.267s] -- Installing: /home/jestin/SegFault/tb_ws/install/turtlebot3_gazebo/share/turtlebot3_gazebo//models/turtlebot3_dqn_world/obstacle2/model.sdf
[12.267s] -- Installing: /home/jestin/SegFault/tb_ws/install/turtlebot3_gazebo/share/turtlebot3_gazebo//models/turtlebot3_dqn_world/inner_walls
[12.267s] -- Installing: /home/jestin/SegFault/tb_ws/install/turtlebot3_gazebo/share/turtlebot3_gazebo//models/turtlebot3_dqn_world/inner_walls/model.config
[12.267s] -- Installing: /home/jestin/SegFault/tb_ws/install/turtlebot3_gazebo/share/turtlebot3_gazebo//models/turtlebot3_dqn_world/inner_walls/model.sdf
[12.268s] -- Installing: /home/jestin/SegFault/tb_ws/install/turtlebot3_gazebo/share/turtlebot3_gazebo//models/turtlebot3_dqn_world/obstacles
[12.268s] -- Installing: /home/jestin/SegFault/tb_ws/install/turtlebot3_gazebo/share/turtlebot3_gazebo//models/turtlebot3_dqn_world/obstacles/model.config
[12.268s] -- Installing: /home/jestin/SegFault/tb_ws/install/turtlebot3_gazebo/share/turtlebot3_gazebo//models/turtlebot3_dqn_world/obstacles/model.sdf
[12.268s] -- Installing: /home/jestin/SegFault/tb_ws/install/turtlebot3_gazebo/share/turtlebot3_gazebo//models/turtlebot3_dqn_world/obstacle_plugin
[12.268s] -- Installing: /home/jestin/SegFault/tb_ws/install/turtlebot3_gazebo/share/turtlebot3_gazebo//models/turtlebot3_dqn_world/obstacle_plugin/obstacle1.cc
[12.268s] -- Installing: /home/jestin/SegFault/tb_ws/install/turtlebot3_gazebo/share/turtlebot3_gazebo//models/turtlebot3_dqn_world/obstacle_plugin/obstacles.cc
[12.268s] -- Installing: /home/jestin/SegFault/tb_ws/install/turtlebot3_gazebo/share/turtlebot3_gazebo//models/turtlebot3_dqn_world/obstacle_plugin/obstacle2.cc
[12.268s] -- Installing: /home/jestin/SegFault/tb_ws/install/turtlebot3_gazebo/share/turtlebot3_gazebo//models/turtlebot3_dqn_world/obstacle_plugin/CMakeLists.txt
[12.268s] -- Installing: /home/jestin/SegFault/tb_ws/install/turtlebot3_gazebo/share/turtlebot3_gazebo//models/turtlebot3_dqn_world/obstacle1
[12.268s] -- Installing: /home/jestin/SegFault/tb_ws/install/turtlebot3_gazebo/share/turtlebot3_gazebo//models/turtlebot3_dqn_world/obstacle1/model.config
[12.269s] -- Installing: /home/jestin/SegFault/tb_ws/install/turtlebot3_gazebo/share/turtlebot3_gazebo//models/turtlebot3_dqn_world/obstacle1/model.sdf
[12.269s] -- Installing: /home/jestin/SegFault/tb_ws/install/turtlebot3_gazebo/share/turtlebot3_gazebo//models/turtlebot3_waffle_pi
[12.269s] -- Installing: /home/jestin/SegFault/tb_ws/install/turtlebot3_gazebo/share/turtlebot3_gazebo//models/turtlebot3_waffle_pi/model-1_4_.sdf
[12.269s] -- Installing: /home/jestin/SegFault/tb_ws/install/turtlebot3_gazebo/share/turtlebot3_gazebo//models/turtlebot3_waffle_pi/model.config
[12.269s] -- Installing: /home/jestin/SegFault/tb_ws/install/turtlebot3_gazebo/share/turtlebot3_gazebo//models/turtlebot3_waffle_pi/model.sdf
[12.269s] -- Installing: /home/jestin/SegFault/tb_ws/install/turtlebot3_gazebo/share/turtlebot3_gazebo//models/turtlebot3_waffle
[12.269s] -- Installing: /home/jestin/SegFault/tb_ws/install/turtlebot3_gazebo/share/turtlebot3_gazebo//models/turtlebot3_waffle/model.config
[12.269s] -- Installing: /home/jestin/SegFault/tb_ws/install/turtlebot3_gazebo/share/turtlebot3_gazebo//models/turtlebot3_waffle/model.sdf
[12.269s] -- Installing: /home/jestin/SegFault/tb_ws/install/turtlebot3_gazebo/share/turtlebot3_gazebo//models/turtlebot3_waffle/model-1_4.sdf
[12.269s] -- Installing: /home/jestin/SegFault/tb_ws/install/turtlebot3_gazebo/share/turtlebot3_gazebo//models/turtlebot3_house
[12.269s] -- Installing: /home/jestin/SegFault/tb_ws/install/turtlebot3_gazebo/share/turtlebot3_gazebo//models/turtlebot3_house/model.config
[12.269s] -- Installing: /home/jestin/SegFault/tb_ws/install/turtlebot3_gazebo/share/turtlebot3_gazebo//models/turtlebot3_house/model.sdf
[12.269s] -- Installing: /home/jestin/SegFault/tb_ws/install/turtlebot3_gazebo/share/turtlebot3_gazebo//models/turtlebot3_common
[12.270s] -- Installing: /home/jestin/SegFault/tb_ws/install/turtlebot3_gazebo/share/turtlebot3_gazebo//models/turtlebot3_common/model.config
[12.270s] -- Installing: /home/jestin/SegFault/tb_ws/install/turtlebot3_gazebo/share/turtlebot3_gazebo//models/turtlebot3_common/meshes
[12.270s] -- Installing: /home/jestin/SegFault/tb_ws/install/turtlebot3_gazebo/share/turtlebot3_gazebo//models/turtlebot3_common/meshes/r200.dae
[12.270s] -- Installing: /home/jestin/SegFault/tb_ws/install/turtlebot3_gazebo/share/turtlebot3_gazebo//models/turtlebot3_common/meshes/tire.dae
[12.270s] -- Installing: /home/jestin/SegFault/tb_ws/install/turtlebot3_gazebo/share/turtlebot3_gazebo//models/turtlebot3_common/meshes/waffle_base.dae
[12.270s] -- Installing: /home/jestin/SegFault/tb_ws/install/turtlebot3_gazebo/share/turtlebot3_gazebo//models/turtlebot3_common/meshes/waffle_pi_base.dae
[12.270s] -- Installing: /home/jestin/SegFault/tb_ws/install/turtlebot3_gazebo/share/turtlebot3_gazebo//models/turtlebot3_common/meshes/lds.dae
[12.270s] -- Installing: /home/jestin/SegFault/tb_ws/install/turtlebot3_gazebo/share/turtlebot3_gazebo//models/turtlebot3_common/meshes/burger_base.dae
[12.270s] -- Installing: /home/jestin/SegFault/tb_ws/install/turtlebot3_gazebo/share/turtlebot3_gazebo//models/turtlebot3_burger
[12.270s] -- Installing: /home/jestin/SegFault/tb_ws/install/turtlebot3_gazebo/share/turtlebot3_gazebo//models/turtlebot3_burger/model.config
[12.270s] -- Installing: /home/jestin/SegFault/tb_ws/install/turtlebot3_gazebo/share/turtlebot3_gazebo//models/turtlebot3_burger/model.sdf
[12.270s] -- Installing: /home/jestin/SegFault/tb_ws/install/turtlebot3_gazebo/share/turtlebot3_gazebo//models/turtlebot3_burger/model-1_4.sdf
[12.270s] -- Installing: /home/jestin/SegFault/tb_ws/install/turtlebot3_gazebo/share/turtlebot3_gazebo//rviz
[12.271s] -- Installing: /home/jestin/SegFault/tb_ws/install/turtlebot3_gazebo/share/turtlebot3_gazebo//rviz/tb3_gazebo.rviz
[12.271s] -- Installing: /home/jestin/SegFault/tb_ws/install/turtlebot3_gazebo/share/turtlebot3_gazebo//urdf
[12.271s] -- Installing: /home/jestin/SegFault/tb_ws/install/turtlebot3_gazebo/share/turtlebot3_gazebo//urdf/turtlebot3_waffle.urdf
[12.271s] -- Installing: /home/jestin/SegFault/tb_ws/install/turtlebot3_gazebo/share/turtlebot3_gazebo//urdf/common_properties.urdf
[12.271s] -- Installing: /home/jestin/SegFault/tb_ws/install/turtlebot3_gazebo/share/turtlebot3_gazebo//urdf/turtlebot3_burger.urdf
[12.271s] -- Installing: /home/jestin/SegFault/tb_ws/install/turtlebot3_gazebo/share/turtlebot3_gazebo//urdf/turtlebot3_waffle_pi.urdf
[12.271s] -- Installing: /home/jestin/SegFault/tb_ws/install/turtlebot3_gazebo/share/turtlebot3_gazebo//worlds
[12.271s] -- Installing: /home/jestin/SegFault/tb_ws/install/turtlebot3_gazebo/share/turtlebot3_gazebo//worlds/turtlebot3_dqn_stage1.world
[12.271s] -- Installing: /home/jestin/SegFault/tb_ws/install/turtlebot3_gazebo/share/turtlebot3_gazebo//worlds/turtlebot3_dqn_stage2.world
[12.271s] -- Installing: /home/jestin/SegFault/tb_ws/install/turtlebot3_gazebo/share/turtlebot3_gazebo//worlds/empty_world.world
[12.271s] -- Installing: /home/jestin/SegFault/tb_ws/install/turtlebot3_gazebo/share/turtlebot3_gazebo//worlds/turtlebot3_dqn_stage3.world
[12.271s] -- Installing: /home/jestin/SegFault/tb_ws/install/turtlebot3_gazebo/share/turtlebot3_gazebo//worlds/turtlebot3_dqn_stage4.world
[12.271s] -- Installing: /home/jestin/SegFault/tb_ws/install/turtlebot3_gazebo/share/turtlebot3_gazebo//worlds/turtlebot3_house.world
[12.271s] -- Installing: /home/jestin/SegFault/tb_ws/install/turtlebot3_gazebo/share/turtlebot3_gazebo//worlds/turtlebot3_world.world
[12.272s] -- Installing: /home/jestin/SegFault/tb_ws/install/turtlebot3_gazebo/include/
[12.272s] -- Installing: /home/jestin/SegFault/tb_ws/install/turtlebot3_gazebo/include//turtlebot3_gazebo
[12.272s] -- Installing: /home/jestin/SegFault/tb_ws/install/turtlebot3_gazebo/include//turtlebot3_gazebo/turtlebot3_drive.hpp
[12.272s] -- Installing: /home/jestin/SegFault/tb_ws/install/turtlebot3_gazebo/share/ament_index/resource_index/package_run_dependencies/turtlebot3_gazebo
[12.272s] -- Installing: /home/jestin/SegFault/tb_ws/install/turtlebot3_gazebo/share/ament_index/resource_index/parent_prefix_path/turtlebot3_gazebo
[12.272s] -- Installing: /home/jestin/SegFault/tb_ws/install/turtlebot3_gazebo/share/turtlebot3_gazebo/environment/ament_prefix_path.sh
[12.272s] -- Installing: /home/jestin/SegFault/tb_ws/install/turtlebot3_gazebo/share/turtlebot3_gazebo/environment/ament_prefix_path.dsv
[12.272s] -- Installing: /home/jestin/SegFault/tb_ws/install/turtlebot3_gazebo/share/turtlebot3_gazebo/environment/path.sh
[12.272s] -- Installing: /home/jestin/SegFault/tb_ws/install/turtlebot3_gazebo/share/turtlebot3_gazebo/environment/path.dsv
[12.272s] -- Installing: /home/jestin/SegFault/tb_ws/install/turtlebot3_gazebo/share/turtlebot3_gazebo/local_setup.bash
[12.272s] -- Installing: /home/jestin/SegFault/tb_ws/install/turtlebot3_gazebo/share/turtlebot3_gazebo/local_setup.sh
[12.272s] -- Installing: /home/jestin/SegFault/tb_ws/install/turtlebot3_gazebo/share/turtlebot3_gazebo/local_setup.zsh
[12.272s] -- Installing: /home/jestin/SegFault/tb_ws/install/turtlebot3_gazebo/share/turtlebot3_gazebo/local_setup.dsv
[12.272s] -- Installing: /home/jestin/SegFault/tb_ws/install/turtlebot3_gazebo/share/turtlebot3_gazebo/package.dsv
[12.273s] -- Installing: /home/jestin/SegFault/tb_ws/install/turtlebot3_gazebo/share/ament_index/resource_index/packages/turtlebot3_gazebo
[12.273s] -- Installing: /home/jestin/SegFault/tb_ws/install/turtlebot3_gazebo/share/turtlebot3_gazebo/cmake/ament_cmake_export_include_directories-extras.cmake
[12.273s] -- Installing: /home/jestin/SegFault/tb_ws/install/turtlebot3_gazebo/share/turtlebot3_gazebo/cmake/ament_cmake_export_dependencies-extras.cmake
[12.273s] -- Installing: /home/jestin/SegFault/tb_ws/install/turtlebot3_gazebo/share/turtlebot3_gazebo/cmake/turtlebot3_gazeboConfig.cmake
[12.273s] -- Installing: /home/jestin/SegFault/tb_ws/install/turtlebot3_gazebo/share/turtlebot3_gazebo/cmake/turtlebot3_gazeboConfig-version.cmake
[12.273s] -- Installing: /home/jestin/SegFault/tb_ws/install/turtlebot3_gazebo/share/turtlebot3_gazebo/package.xml
[12.274s] Invoked command in '/home/jestin/SegFault/tb_ws/build/turtlebot3_gazebo' returned '0': CMAKE_PREFIX_PATH=${CMAKE_PREFIX_PATH}:/opt/ros/humble /usr/bin/cmake --install /home/jestin/SegFault/tb_ws/build/turtlebot3_gazebo
