[0.009s] Invoking command in '/home/jestin/SegFault/tb_ws/build/project2': CMAKE_PREFIX_PATH=/opt/ros/humble /usr/bin/cmake --build /home/jestin/SegFault/tb_ws/build/project2 -- -j8 -l8
[0.031s] -- Found ament_cmake: 1.3.10 (/opt/ros/humble/share/ament_cmake/cmake)
[0.121s] [33mCMake Warning (dev) at /usr/share/cmake-3.22/Modules/FindPackageHandleStandardArgs.cmake:438 (message):
[0.121s]   The package name passed to `find_package_handle_standard_args` (PkgConfig)
[0.121s]   does not match the name of the calling package (gazebo).  This can lead to
[0.121s]   problems in calling code that expects `find_package` result variables
[0.121s]   (e.g., `_FOUND`) to follow a certain pattern.
[0.121s] Call Stack (most recent call first):
[0.121s]   /usr/share/cmake-3.22/Modules/FindPkgConfig.cmake:99 (find_package_handle_standard_args)
[0.121s]   /usr/lib/x86_64-linux-gnu/cmake/gazebo/gazebo-config.cmake:72 (include)
[0.121s]   CMakeLists.txt:23 (find_package)
[0.121s] This warning is for project developers.  Use -Wno-dev to suppress it.
[0.121s] [0m
[0.137s] -- Found DART: /usr/include (Required is at least version "6.6") found components: dart 
[0.159s] -- Found Protobuf: /usr/lib/x86_64-linux-gnu/libprotobuf.so (found version "3.12.4") 
[0.159s] -- Looking for ignition-math6 -- found version 6.15.1
[0.162s] -- Searching for dependencies of ignition-math6
[0.163s] -- Looking for OGRE...
[0.167s] -- Found Ogre Ghadamon (1.9.0)
[0.167s] -- Found OGRE: optimized;/usr/lib/x86_64-linux-gnu/libOgreMain.so;debug;/usr/lib/x86_64-linux-gnu/libOgreMain.so
[0.174s] -- Looking for OGRE_Paging...
[0.174s] -- Found OGRE_Paging: optimized;/usr/lib/x86_64-linux-gnu/libOgrePaging.so;debug;/usr/lib/x86_64-linux-gnu/libOgrePaging.so
[0.174s] -- Looking for OGRE_Terrain...
[0.174s] -- Found OGRE_Terrain: optimized;/usr/lib/x86_64-linux-gnu/libOgreTerrain.so;debug;/usr/lib/x86_64-linux-gnu/libOgreTerrain.so
[0.174s] -- Looking for OGRE_Property...
[0.174s] -- Found OGRE_Property: optimized;/usr/lib/x86_64-linux-gnu/libOgreProperty.so;debug;/usr/lib/x86_64-linux-gnu/libOgreProperty.so
[0.174s] -- Looking for OGRE_RTShaderSystem...
[0.174s] -- Found OGRE_RTShaderSystem: optimized;/usr/lib/x86_64-linux-gnu/libOgreRTShaderSystem.so;debug;/usr/lib/x86_64-linux-gnu/libOgreRTShaderSystem.so
[0.174s] -- Looking for OGRE_Volume...
[0.174s] -- Found OGRE_Volume: optimized;/usr/lib/x86_64-linux-gnu/libOgreVolume.so;debug;/usr/lib/x86_64-linux-gnu/libOgreVolume.so
[0.174s] -- Looking for OGRE_Overlay...
[0.174s] -- Found OGRE_Overlay: optimized;/usr/lib/x86_64-linux-gnu/libOgreOverlay.so;debug;/usr/lib/x86_64-linux-gnu/libOgreOverlay.so
[0.251s] -- Looking for ignition-math6 -- found version 6.15.1
[0.251s] -- Looking for ignition-transport8 -- found version 8.2.1
[0.252s] -- Searching for dependencies of ignition-transport8
[0.264s] -- Found Protobuf: /usr/lib/x86_64-linux-gnu/libprotobuf.so (found suitable version "3.12.4", minimum required is "3") 
[0.272s] -- Config-file not installed for ZeroMQ -- checking for pkg-config
[0.275s] -- Checking for module 'libzmq >= 4'
[0.283s] --   Found libzmq , version 4.3.4
[0.309s] -- Checking for module 'uuid'
[0.317s] --   Found uuid, version 2.37.2
[0.339s] -- Looking for ignition-msgs5 -- found version 5.8.1
[0.339s] -- Searching for dependencies of ignition-msgs5
[0.353s] -- Looking for ignition-math6 -- found version 6.15.1
[0.356s] -- Checking for module 'tinyxml2'
[0.364s] --   Found tinyxml2, version 9.0.0
[0.387s] -- Looking for ignition-msgs5 -- found version 5.8.1
[0.387s] -- Looking for ignition-common3 -- found version 3.14.0
[0.388s] -- Searching for dependencies of ignition-common3
[0.388s] -- Looking for dlfcn.h - found
[0.388s] -- Looking for libdl - found
[0.399s] -- Searching for <ignition-common3> component [graphics]
[0.399s] -- Looking for ignition-common3-graphics -- found version 3.14.0
[0.399s] -- Searching for dependencies of ignition-common3-graphics
[0.399s] -- Looking for ignition-math6 -- found version 6.15.1
[0.400s] -- Looking for ignition-fuel_tools4 -- found version 4.4.0
[0.400s] -- Searching for dependencies of ignition-fuel_tools4
[0.430s] -- Checking for module 'jsoncpp'
[0.438s] --   Found jsoncpp, version 1.9.5
[0.462s] -- Checking for module 'libzip'
[0.470s] --   Found libzip, version 1.7.3
[0.494s] -- Looking for ignition-common3 -- found version 3.14.0
[0.494s] -- Looking for ignition-math6 -- found version 6.15.1
[0.495s] -- Looking for ignition-msgs5 -- found version 5.8.1
[0.497s] -- Found gazebo_ros_pkgs: 3.7.0 (/opt/ros/humble/share/gazebo_ros_pkgs/cmake)
[0.497s] -- Found geometry_msgs: 4.2.4 (/opt/ros/humble/share/geometry_msgs/cmake)
[0.512s] -- Found rosidl_generator_c: 3.1.5 (/opt/ros/humble/share/rosidl_generator_c/cmake)
[0.513s] -- Found rosidl_adapter: 3.1.5 (/opt/ros/humble/share/rosidl_adapter/cmake)
[0.518s] -- Found rosidl_generator_cpp: 3.1.5 (/opt/ros/humble/share/rosidl_generator_cpp/cmake)
[0.525s] -- Using all available rosidl_typesupport_c: rosidl_typesupport_fastrtps_c;rosidl_typesupport_introspection_c
[0.533s] -- Using all available rosidl_typesupport_cpp: rosidl_typesupport_fastrtps_cpp;rosidl_typesupport_introspection_cpp
[0.558s] -- Found nav_msgs: 4.2.4 (/opt/ros/humble/share/nav_msgs/cmake)
[0.569s] -- Found rclcpp: 16.0.10 (/opt/ros/humble/share/rclcpp/cmake)
[0.585s] -- Found rmw_implementation_cmake: 6.1.2 (/opt/ros/humble/share/rmw_implementation_cmake/cmake)
[0.586s] -- Found rmw_fastrtps_cpp: 6.2.7 (/opt/ros/humble/share/rmw_fastrtps_cpp/cmake)
[0.663s] -- Using RMW implementation 'rmw_fastrtps_cpp' as default
[0.691s] -- Found sensor_msgs: 4.2.4 (/opt/ros/humble/share/sensor_msgs/cmake)
[0.703s] -- Found tf2: 0.25.7 (/opt/ros/humble/share/tf2/cmake)
[0.705s] -- Found visualization_msgs: 4.2.4 (/opt/ros/humble/share/visualization_msgs/cmake)
[0.721s] -- Found gazebo_msgs: 3.7.0 (/opt/ros/humble/share/gazebo_msgs/cmake)
[0.793s] -- Configuring done
[0.801s] -- Generating done
[0.803s] -- Build files have been written to: /home/jestin/SegFault/tb_ws/build/project2
[0.828s] [35m[1mConsolidate compiler generated dependencies of target project2[0m
[0.840s] [100%] Built target project2
[0.848s] Invoked command in '/home/jestin/SegFault/tb_ws/build/project2' returned '0': CMAKE_PREFIX_PATH=/opt/ros/humble /usr/bin/cmake --build /home/jestin/SegFault/tb_ws/build/project2 -- -j8 -l8
[0.874s] Invoking command in '/home/jestin/SegFault/tb_ws/build/project2': CMAKE_PREFIX_PATH=/opt/ros/humble /usr/bin/cmake --install /home/jestin/SegFault/tb_ws/build/project2
[0.883s] -- Install configuration: ""
[0.883s] -- Up-to-date: /home/jestin/SegFault/tb_ws/install/project2/lib/project2/project2
[0.883s] -- Up-to-date: /home/jestin/SegFault/tb_ws/install/project2/share/project2//launch
[0.883s] -- Up-to-date: /home/jestin/SegFault/tb_ws/install/project2/share/project2//models
[0.883s] -- Up-to-date: /home/jestin/SegFault/tb_ws/install/project2/share/project2//models/turtlebot3_burger
[0.884s] -- Up-to-date: /home/jestin/SegFault/tb_ws/install/project2/share/project2//models/turtlebot3_burger/model.config
[0.884s] -- Up-to-date: /home/jestin/SegFault/tb_ws/install/project2/share/project2//models/turtlebot3_burger/model.sdf
[0.884s] -- Up-to-date: /home/jestin/SegFault/tb_ws/install/project2/share/project2//models/turtlebot3_burger/model-1_4.sdf
[0.884s] -- Up-to-date: /home/jestin/SegFault/tb_ws/install/project2/share/project2//rviz
[0.884s] -- Up-to-date: /home/jestin/SegFault/tb_ws/install/project2/share/project2//urdf
[0.884s] -- Up-to-date: /home/jestin/SegFault/tb_ws/install/project2/share/project2//worlds
[0.884s] -- Up-to-date: /home/jestin/SegFault/tb_ws/install/project2/include/
[0.884s] -- Up-to-date: /home/jestin/SegFault/tb_ws/install/project2/include//TBmain.hpp
[0.884s] -- Up-to-date: /home/jestin/SegFault/tb_ws/install/project2/share/ament_index/resource_index/package_run_dependencies/project2
[0.884s] -- Up-to-date: /home/jestin/SegFault/tb_ws/install/project2/share/ament_index/resource_index/parent_prefix_path/project2
[0.884s] -- Up-to-date: /home/jestin/SegFault/tb_ws/install/project2/share/project2/environment/ament_prefix_path.sh
[0.884s] -- Installing: /home/jestin/SegFault/tb_ws/install/project2/share/project2/environment/ament_prefix_path.dsv
[0.884s] -- Up-to-date: /home/jestin/SegFault/tb_ws/install/project2/share/project2/environment/path.sh
[0.885s] -- Installing: /home/jestin/SegFault/tb_ws/install/project2/share/project2/environment/path.dsv
[0.885s] -- Up-to-date: /home/jestin/SegFault/tb_ws/install/project2/share/project2/local_setup.bash
[0.885s] -- Up-to-date: /home/jestin/SegFault/tb_ws/install/project2/share/project2/local_setup.sh
[0.885s] -- Up-to-date: /home/jestin/SegFault/tb_ws/install/project2/share/project2/local_setup.zsh
[0.885s] -- Installing: /home/jestin/SegFault/tb_ws/install/project2/share/project2/local_setup.dsv
[0.885s] -- Installing: /home/jestin/SegFault/tb_ws/install/project2/share/project2/package.dsv
[0.885s] -- Up-to-date: /home/jestin/SegFault/tb_ws/install/project2/share/ament_index/resource_index/packages/project2
[0.885s] -- Up-to-date: /home/jestin/SegFault/tb_ws/install/project2/share/project2/cmake/ament_cmake_export_include_directories-extras.cmake
[0.885s] -- Up-to-date: /home/jestin/SegFault/tb_ws/install/project2/share/project2/cmake/ament_cmake_export_dependencies-extras.cmake
[0.885s] -- Up-to-date: /home/jestin/SegFault/tb_ws/install/project2/share/project2/cmake/project2Config.cmake
[0.885s] -- Up-to-date: /home/jestin/SegFault/tb_ws/install/project2/share/project2/cmake/project2Config-version.cmake
[0.885s] -- Up-to-date: /home/jestin/SegFault/tb_ws/install/project2/share/project2/package.xml
[0.886s] Invoked command in '/home/jestin/SegFault/tb_ws/build/project2' returned '0': CMAKE_PREFIX_PATH=/opt/ros/humble /usr/bin/cmake --install /home/jestin/SegFault/tb_ws/build/project2
