[33mCMake Warning (dev) at /usr/share/cmake-3.22/Modules/FindPackageHandleStandardArgs.cmake:438 (message):
  The package name passed to `find_package_handle_standard_args` (PkgConfig)
  does not match the name of the calling package (gazebo).  This can lead to
  problems in calling code that expects `find_package` result variables
  (e.g., `_FOUND`) to follow a certain pattern.
Call Stack (most recent call first):
  /usr/share/cmake-3.22/Modules/FindPkgConfig.cmake:99 (find_package_handle_standard_args)
  /usr/lib/x86_64-linux-gnu/cmake/gazebo/gazebo-config.cmake:72 (include)
  CMakeLists.txt:23 (find_package)
This warning is for project developers.  Use -Wno-dev to suppress it.
[0m
[01m[K/home/jestin/SegFault/tb_ws/src/project2/src/TBmain.cpp:[m[K In function ‘[01m[Kint main(int, char**)[m[K’:
[01m[K/home/jestin/SegFault/tb_ws/src/project2/src/TBmain.cpp:5:15:[m[K [01;35m[Kwarning: [m[Kunused parameter ‘[01m[Kargc[m[K’ [[01;35m[K]8;;https://gcc.gnu.org/onlinedocs/gcc/Warning-Options.html#index-Wunused-parameter-Wunused-parameter]8;;[m[K]
    5 | int main ([01;35m[Kint argc[m[K, char ** argv)
      |           [01;35m[K~~~~^~~~[m[K
[01m[K/home/jestin/SegFault/tb_ws/src/project2/src/TBmain.cpp:5:29:[m[K [01;35m[Kwarning: [m[Kunused parameter ‘[01m[Kargv[m[K’ [[01;35m[K]8;;https://gcc.gnu.org/onlinedocs/gcc/Warning-Options.html#index-Wunused-parameter-Wunused-parameter]8;;[m[K]
    5 | int main (int argc, [01;35m[Kchar ** argv[m[K)
      |                     [01;35m[K~~~~~~~~^~~~[m[K
[31mCMake Error at cmake_install.cmake:66 (file):
  file INSTALL cannot find "/home/jestin/SegFault/tb_ws/src/project2/rviz":
  No such file or directory.

[0m
