[0.009s] Invoking command in '/home/jestin/SegFault/tb_ws/build/project2': CMAKE_PREFIX_PATH=/opt/ros/humble /usr/bin/cmake --build /home/jestin/SegFault/tb_ws/build/project2 -- -j8 -l8
[0.059s] [35m[1mConsolidate compiler generated dependencies of target project2[0m
[0.074s] [100%] Built target project2
[0.082s] Invoked command in '/home/jestin/SegFault/tb_ws/build/project2' returned '0': CMAKE_PREFIX_PATH=/opt/ros/humble /usr/bin/cmake --build /home/jestin/SegFault/tb_ws/build/project2 -- -j8 -l8
[0.109s] Invoking command in '/home/jestin/SegFault/tb_ws/build/project2': CMAKE_PREFIX_PATH=/opt/ros/humble /usr/bin/cmake --install /home/jestin/SegFault/tb_ws/build/project2
[0.116s] -- Install configuration: ""
[0.116s] -- Up-to-date: /home/jestin/SegFault/tb_ws/install/project2/lib/project2/project2
[0.116s] -- Up-to-date: /home/jestin/SegFault/tb_ws/install/project2/share/project2//launch
[0.116s] -- Up-to-date: /home/jestin/SegFault/tb_ws/install/project2/share/project2//models
[0.116s] -- Up-to-date: /home/jestin/SegFault/tb_ws/install/project2/share/project2//models/turtlebot3_burger
[0.116s] -- Up-to-date: /home/jestin/SegFault/tb_ws/install/project2/share/project2//models/turtlebot3_burger/model.config
[0.116s] -- Up-to-date: /home/jestin/SegFault/tb_ws/install/project2/share/project2//models/turtlebot3_burger/model.sdf
[0.116s] -- Up-to-date: /home/jestin/SegFault/tb_ws/install/project2/share/project2//models/turtlebot3_burger/model-1_4.sdf
[0.116s] -- Up-to-date: /home/jestin/SegFault/tb_ws/install/project2/share/project2//rviz
[0.116s] -- Up-to-date: /home/jestin/SegFault/tb_ws/install/project2/share/project2//urdf
[0.116s] -- Up-to-date: /home/jestin/SegFault/tb_ws/install/project2/share/project2//worlds
[0.116s] -- Up-to-date: /home/jestin/SegFault/tb_ws/install/project2/include/
[0.116s] -- Installing: /home/jestin/SegFault/tb_ws/install/project2/include//TBmain.hpp
[0.116s] -- Up-to-date: /home/jestin/SegFault/tb_ws/install/project2/share/ament_index/resource_index/package_run_dependencies/project2
[0.116s] -- Up-to-date: /home/jestin/SegFault/tb_ws/install/project2/share/ament_index/resource_index/parent_prefix_path/project2
[0.116s] -- Up-to-date: /home/jestin/SegFault/tb_ws/install/project2/share/project2/environment/ament_prefix_path.sh
[0.116s] -- Up-to-date: /home/jestin/SegFault/tb_ws/install/project2/share/project2/environment/ament_prefix_path.dsv
[0.116s] -- Up-to-date: /home/jestin/SegFault/tb_ws/install/project2/share/project2/environment/path.sh
[0.117s] -- Up-to-date: /home/jestin/SegFault/tb_ws/install/project2/share/project2/environment/path.dsv
[0.117s] -- Up-to-date: /home/jestin/SegFault/tb_ws/install/project2/share/project2/local_setup.bash
[0.117s] -- Up-to-date: /home/jestin/SegFault/tb_ws/install/project2/share/project2/local_setup.sh
[0.117s] -- Up-to-date: /home/jestin/SegFault/tb_ws/install/project2/share/project2/local_setup.zsh
[0.117s] -- Up-to-date: /home/jestin/SegFault/tb_ws/install/project2/share/project2/local_setup.dsv
[0.117s] -- Up-to-date: /home/jestin/SegFault/tb_ws/install/project2/share/project2/package.dsv
[0.117s] -- Up-to-date: /home/jestin/SegFault/tb_ws/install/project2/share/ament_index/resource_index/packages/project2
[0.117s] -- Up-to-date: /home/jestin/SegFault/tb_ws/install/project2/share/project2/cmake/ament_cmake_export_include_directories-extras.cmake
[0.117s] -- Up-to-date: /home/jestin/SegFault/tb_ws/install/project2/share/project2/cmake/ament_cmake_export_dependencies-extras.cmake
[0.117s] -- Up-to-date: /home/jestin/SegFault/tb_ws/install/project2/share/project2/cmake/project2Config.cmake
[0.117s] -- Up-to-date: /home/jestin/SegFault/tb_ws/install/project2/share/project2/cmake/project2Config-version.cmake
[0.117s] -- Up-to-date: /home/jestin/SegFault/tb_ws/install/project2/share/project2/package.xml
[0.118s] Invoked command in '/home/jestin/SegFault/tb_ws/build/project2' returned '0': CMAKE_PREFIX_PATH=/opt/ros/humble /usr/bin/cmake --install /home/jestin/SegFault/tb_ws/build/project2
