[0.012s] Invoking command in '/home/jestin/SegFault/tb_ws/build/turtlebot3_fake_node': CMAKE_PREFIX_PATH=${CMAKE_PREFIX_PATH}:/opt/ros/humble /usr/bin/cmake /home/jestin/SegFault/tb_ws/src/turtlebot3_simulations/turtlebot3_fake_node -DCMAKE_INSTALL_PREFIX=/home/jestin/SegFault/tb_ws/install/turtlebot3_fake_node
[0.126s] -- The C compiler identification is GNU 11.4.0
[0.231s] -- The CXX compiler identification is GNU 11.4.0
[0.239s] -- Detecting C compiler ABI info
[0.300s] -- Detecting C compiler ABI info - done
[0.309s] -- Check for working C compiler: /usr/bin/cc - skipped
[0.310s] -- Detecting C compile features
[0.311s] -- Detecting C compile features - done
[0.315s] -- Detecting CXX compiler ABI info
[0.382s] -- Detecting CXX compiler ABI info - done
[0.388s] -- Check for working CXX compiler: /usr/bin/c++ - skipped
[0.388s] -- Detecting CXX compile features
[0.388s] -- Detecting CXX compile features - done
[0.392s] -- Found ament_cmake: 1.3.10 (/opt/ros/humble/share/ament_cmake/cmake)
[0.510s] -- Found Python3: /usr/bin/python3 (found version "3.10.12") found components: Interpreter 
[0.608s] -- Found geometry_msgs: 4.2.4 (/opt/ros/humble/share/geometry_msgs/cmake)
[0.664s] -- Found rosidl_generator_c: 3.1.5 (/opt/ros/humble/share/rosidl_generator_c/cmake)
[0.672s] -- Found rosidl_adapter: 3.1.5 (/opt/ros/humble/share/rosidl_adapter/cmake)
[0.685s] -- Found rosidl_generator_cpp: 3.1.5 (/opt/ros/humble/share/rosidl_generator_cpp/cmake)
[0.703s] -- Using all available rosidl_typesupport_c: rosidl_typesupport_fastrtps_c;rosidl_typesupport_introspection_c
[0.723s] -- Using all available rosidl_typesupport_cpp: rosidl_typesupport_fastrtps_cpp;rosidl_typesupport_introspection_cpp
[0.775s] -- Found nav_msgs: 4.2.4 (/opt/ros/humble/share/nav_msgs/cmake)
[0.800s] -- Found rclcpp: 16.0.10 (/opt/ros/humble/share/rclcpp/cmake)
[0.852s] -- Found rmw_implementation_cmake: 6.1.2 (/opt/ros/humble/share/rmw_implementation_cmake/cmake)
[0.856s] -- Found rmw_fastrtps_cpp: 6.2.7 (/opt/ros/humble/share/rmw_fastrtps_cpp/cmake)
[0.939s] -- Found OpenSSL: /usr/lib/x86_64-linux-gnu/libcrypto.so (found version "3.0.2")  
[0.969s] -- Found FastRTPS: /opt/ros/humble/include  
[1.003s] -- Using RMW implementation 'rmw_fastrtps_cpp' as default
[1.012s] -- Looking for pthread.h
[1.067s] -- Looking for pthread.h - found
[1.067s] -- Performing Test CMAKE_HAVE_LIBC_PTHREAD
[1.117s] -- Performing Test CMAKE_HAVE_LIBC_PTHREAD - Success
[1.119s] -- Found Threads: TRUE  
[1.165s] -- Found sensor_msgs: 4.2.4 (/opt/ros/humble/share/sensor_msgs/cmake)
[1.186s] -- Found tf2: 0.25.7 (/opt/ros/humble/share/tf2/cmake)
[1.199s] -- Found tf2_msgs: 0.25.7 (/opt/ros/humble/share/tf2_msgs/cmake)
[1.249s] -- Found turtlebot3_msgs: 2.2.3 (/opt/ros/humble/share/turtlebot3_msgs/cmake)
[1.321s] -- Configuring done
[1.332s] -- Generating done
[1.334s] -- Build files have been written to: /home/jestin/SegFault/tb_ws/build/turtlebot3_fake_node
[1.343s] Invoked command in '/home/jestin/SegFault/tb_ws/build/turtlebot3_fake_node' returned '0': CMAKE_PREFIX_PATH=${CMAKE_PREFIX_PATH}:/opt/ros/humble /usr/bin/cmake /home/jestin/SegFault/tb_ws/src/turtlebot3_simulations/turtlebot3_fake_node -DCMAKE_INSTALL_PREFIX=/home/jestin/SegFault/tb_ws/install/turtlebot3_fake_node
[1.345s] Invoking command in '/home/jestin/SegFault/tb_ws/build/turtlebot3_fake_node': CMAKE_PREFIX_PATH=${CMAKE_PREFIX_PATH}:/opt/ros/humble /usr/bin/cmake --build /home/jestin/SegFault/tb_ws/build/turtlebot3_fake_node -- -j8 -l8
[1.380s] [ 50%] [32mBuilding CXX object CMakeFiles/turtlebot3_fake_node.dir/src/turtlebot3_fake_node.cpp.o[0m
[10.133s] [100%] [32m[1mLinking CXX executable turtlebot3_fake_node[0m
[10.723s] [100%] Built target turtlebot3_fake_node
[10.732s] Invoked command in '/home/jestin/SegFault/tb_ws/build/turtlebot3_fake_node' returned '0': CMAKE_PREFIX_PATH=${CMAKE_PREFIX_PATH}:/opt/ros/humble /usr/bin/cmake --build /home/jestin/SegFault/tb_ws/build/turtlebot3_fake_node -- -j8 -l8
[10.757s] Invoking command in '/home/jestin/SegFault/tb_ws/build/turtlebot3_fake_node': CMAKE_PREFIX_PATH=${CMAKE_PREFIX_PATH}:/opt/ros/humble /usr/bin/cmake --install /home/jestin/SegFault/tb_ws/build/turtlebot3_fake_node
[10.763s] -- Install configuration: ""
[10.763s] -- Installing: /home/jestin/SegFault/tb_ws/install/turtlebot3_fake_node/lib/turtlebot3_fake_node/turtlebot3_fake_node
[10.765s] -- Set runtime path of "/home/jestin/SegFault/tb_ws/install/turtlebot3_fake_node/lib/turtlebot3_fake_node/turtlebot3_fake_node" to ""
[10.766s] -- Installing: /home/jestin/SegFault/tb_ws/install/turtlebot3_fake_node/share/turtlebot3_fake_node/launch
[10.766s] -- Installing: /home/jestin/SegFault/tb_ws/install/turtlebot3_fake_node/share/turtlebot3_fake_node/launch/rviz2.launch.py
[10.766s] -- Installing: /home/jestin/SegFault/tb_ws/install/turtlebot3_fake_node/share/turtlebot3_fake_node/launch/turtlebot3_fake_node.launch.py
[10.766s] -- Installing: /home/jestin/SegFault/tb_ws/install/turtlebot3_fake_node/share/turtlebot3_fake_node/param
[10.766s] -- Installing: /home/jestin/SegFault/tb_ws/install/turtlebot3_fake_node/share/turtlebot3_fake_node/param/burger.yaml
[10.766s] -- Installing: /home/jestin/SegFault/tb_ws/install/turtlebot3_fake_node/share/turtlebot3_fake_node/param/waffle.yaml
[10.766s] -- Installing: /home/jestin/SegFault/tb_ws/install/turtlebot3_fake_node/share/turtlebot3_fake_node/param/waffle_pi.yaml
[10.766s] -- Installing: /home/jestin/SegFault/tb_ws/install/turtlebot3_fake_node/include/
[10.766s] -- Installing: /home/jestin/SegFault/tb_ws/install/turtlebot3_fake_node/include//turtlebot3_fake_node
[10.767s] -- Installing: /home/jestin/SegFault/tb_ws/install/turtlebot3_fake_node/include//turtlebot3_fake_node/turtlebot3_fake_node.hpp
[10.767s] -- Installing: /home/jestin/SegFault/tb_ws/install/turtlebot3_fake_node/share/ament_index/resource_index/package_run_dependencies/turtlebot3_fake_node
[10.767s] -- Installing: /home/jestin/SegFault/tb_ws/install/turtlebot3_fake_node/share/ament_index/resource_index/parent_prefix_path/turtlebot3_fake_node
[10.767s] -- Installing: /home/jestin/SegFault/tb_ws/install/turtlebot3_fake_node/share/turtlebot3_fake_node/environment/ament_prefix_path.sh
[10.767s] -- Installing: /home/jestin/SegFault/tb_ws/install/turtlebot3_fake_node/share/turtlebot3_fake_node/environment/ament_prefix_path.dsv
[10.767s] -- Installing: /home/jestin/SegFault/tb_ws/install/turtlebot3_fake_node/share/turtlebot3_fake_node/environment/path.sh
[10.767s] -- Installing: /home/jestin/SegFault/tb_ws/install/turtlebot3_fake_node/share/turtlebot3_fake_node/environment/path.dsv
[10.767s] -- Installing: /home/jestin/SegFault/tb_ws/install/turtlebot3_fake_node/share/turtlebot3_fake_node/local_setup.bash
[10.767s] -- Installing: /home/jestin/SegFault/tb_ws/install/turtlebot3_fake_node/share/turtlebot3_fake_node/local_setup.sh
[10.767s] -- Installing: /home/jestin/SegFault/tb_ws/install/turtlebot3_fake_node/share/turtlebot3_fake_node/local_setup.zsh
[10.767s] -- Installing: /home/jestin/SegFault/tb_ws/install/turtlebot3_fake_node/share/turtlebot3_fake_node/local_setup.dsv
[10.768s] -- Installing: /home/jestin/SegFault/tb_ws/install/turtlebot3_fake_node/share/turtlebot3_fake_node/package.dsv
[10.768s] -- Installing: /home/jestin/SegFault/tb_ws/install/turtlebot3_fake_node/share/ament_index/resource_index/packages/turtlebot3_fake_node
[10.768s] -- Installing: /home/jestin/SegFault/tb_ws/install/turtlebot3_fake_node/share/turtlebot3_fake_node/cmake/ament_cmake_export_include_directories-extras.cmake
[10.768s] -- Installing: /home/jestin/SegFault/tb_ws/install/turtlebot3_fake_node/share/turtlebot3_fake_node/cmake/ament_cmake_export_dependencies-extras.cmake
[10.768s] -- Installing: /home/jestin/SegFault/tb_ws/install/turtlebot3_fake_node/share/turtlebot3_fake_node/cmake/turtlebot3_fake_nodeConfig.cmake
[10.768s] -- Installing: /home/jestin/SegFault/tb_ws/install/turtlebot3_fake_node/share/turtlebot3_fake_node/cmake/turtlebot3_fake_nodeConfig-version.cmake
[10.768s] -- Installing: /home/jestin/SegFault/tb_ws/install/turtlebot3_fake_node/share/turtlebot3_fake_node/package.xml
[10.771s] Invoked command in '/home/jestin/SegFault/tb_ws/build/turtlebot3_fake_node' returned '0': CMAKE_PREFIX_PATH=${CMAKE_PREFIX_PATH}:/opt/ros/humble /usr/bin/cmake --install /home/jestin/SegFault/tb_ws/build/turtlebot3_fake_node
