[0.010s] Invoking command in '/home/jestin/SegFault/tb_ws/build/project2': CMAKE_PREFIX_PATH=/opt/ros/humble /usr/bin/cmake --build /home/jestin/SegFault/tb_ws/build/project2 -- -j8 -l8
[0.056s] [ 50%] [32mBuilding CXX object CMakeFiles/project2.dir/src/TBmain.cpp.o[0m
[1.769s] [01m[K/home/jestin/SegFault/tb_ws/src/project2/src/TBmain.cpp:[m[K In function ‘[01m[Kint main(int, char**)[m[K’:
[1.769s] [01m[K/home/jestin/SegFault/tb_ws/src/project2/src/TBmain.cpp:5:15:[m[K [01;35m[Kwarning: [m[Kunused parameter ‘[01m[Kargc[m[K’ [[01;35m[K]8;;https://gcc.gnu.org/onlinedocs/gcc/Warning-Options.html#index-Wunused-parameter-Wunused-parameter]8;;[m[K]
[1.769s]     5 | int main ([01;35m[Kint argc[m[K, char ** argv)
[1.769s]       |           [01;35m[K~~~~^~~~[m[K
[1.769s] [01m[K/home/jestin/SegFault/tb_ws/src/project2/src/TBmain.cpp:5:29:[m[K [01;35m[Kwarning: [m[Kunused parameter ‘[01m[Kargv[m[K’ [[01;35m[K]8;;https://gcc.gnu.org/onlinedocs/gcc/Warning-Options.html#index-Wunused-parameter-Wunused-parameter]8;;[m[K]
[1.769s]     5 | int main (int argc, [01;35m[Kchar ** argv[m[K)
[1.769s]       |                     [01;35m[K~~~~~~~~^~~~[m[K
[2.099s] [100%] [32m[1mLinking CXX executable project2[0m
[2.298s] [100%] Built target project2
[2.307s] Invoked command in '/home/jestin/SegFault/tb_ws/build/project2' returned '0': CMAKE_PREFIX_PATH=/opt/ros/humble /usr/bin/cmake --build /home/jestin/SegFault/tb_ws/build/project2 -- -j8 -l8
[2.332s] Invoking command in '/home/jestin/SegFault/tb_ws/build/project2': CMAKE_PREFIX_PATH=/opt/ros/humble /usr/bin/cmake --install /home/jestin/SegFault/tb_ws/build/project2
[2.337s] -- Install configuration: ""
[2.337s] -- Installing: /home/jestin/SegFault/tb_ws/install/project2/lib/project2/project2
[2.338s] -- Set runtime path of "/home/jestin/SegFault/tb_ws/install/project2/lib/project2/project2" to ""
[2.338s] -- Up-to-date: /home/jestin/SegFault/tb_ws/install/project2/share/project2//launch
[2.338s] -- Up-to-date: /home/jestin/SegFault/tb_ws/install/project2/share/project2//models
[2.338s] -- Up-to-date: /home/jestin/SegFault/tb_ws/install/project2/share/project2//models/turtlebot3_burger
[2.338s] -- Up-to-date: /home/jestin/SegFault/tb_ws/install/project2/share/project2//models/turtlebot3_burger/model.config
[2.338s] -- Up-to-date: /home/jestin/SegFault/tb_ws/install/project2/share/project2//models/turtlebot3_burger/model.sdf
[2.338s] -- Up-to-date: /home/jestin/SegFault/tb_ws/install/project2/share/project2//models/turtlebot3_burger/model-1_4.sdf
[2.338s] -- Up-to-date: /home/jestin/SegFault/tb_ws/install/project2/share/project2//rviz
[2.338s] -- Up-to-date: /home/jestin/SegFault/tb_ws/install/project2/share/project2//urdf
[2.338s] -- Up-to-date: /home/jestin/SegFault/tb_ws/install/project2/share/project2//worlds
[2.338s] -- Up-to-date: /home/jestin/SegFault/tb_ws/install/project2/include/
[2.339s] -- Installing: /home/jestin/SegFault/tb_ws/install/project2/include//TBmain.hpp
[2.339s] -- Up-to-date: /home/jestin/SegFault/tb_ws/install/project2/share/ament_index/resource_index/package_run_dependencies/project2
[2.339s] -- Up-to-date: /home/jestin/SegFault/tb_ws/install/project2/share/ament_index/resource_index/parent_prefix_path/project2
[2.339s] -- Up-to-date: /home/jestin/SegFault/tb_ws/install/project2/share/project2/environment/ament_prefix_path.sh
[2.339s] -- Up-to-date: /home/jestin/SegFault/tb_ws/install/project2/share/project2/environment/ament_prefix_path.dsv
[2.339s] -- Up-to-date: /home/jestin/SegFault/tb_ws/install/project2/share/project2/environment/path.sh
[2.339s] -- Up-to-date: /home/jestin/SegFault/tb_ws/install/project2/share/project2/environment/path.dsv
[2.339s] -- Up-to-date: /home/jestin/SegFault/tb_ws/install/project2/share/project2/local_setup.bash
[2.339s] -- Up-to-date: /home/jestin/SegFault/tb_ws/install/project2/share/project2/local_setup.sh
[2.339s] -- Up-to-date: /home/jestin/SegFault/tb_ws/install/project2/share/project2/local_setup.zsh
[2.339s] -- Up-to-date: /home/jestin/SegFault/tb_ws/install/project2/share/project2/local_setup.dsv
[2.339s] -- Up-to-date: /home/jestin/SegFault/tb_ws/install/project2/share/project2/package.dsv
[2.339s] -- Up-to-date: /home/jestin/SegFault/tb_ws/install/project2/share/ament_index/resource_index/packages/project2
[2.340s] -- Up-to-date: /home/jestin/SegFault/tb_ws/install/project2/share/project2/cmake/ament_cmake_export_include_directories-extras.cmake
[2.340s] -- Up-to-date: /home/jestin/SegFault/tb_ws/install/project2/share/project2/cmake/ament_cmake_export_dependencies-extras.cmake
[2.340s] -- Up-to-date: /home/jestin/SegFault/tb_ws/install/project2/share/project2/cmake/project2Config.cmake
[2.340s] -- Up-to-date: /home/jestin/SegFault/tb_ws/install/project2/share/project2/cmake/project2Config-version.cmake
[2.340s] -- Up-to-date: /home/jestin/SegFault/tb_ws/install/project2/share/project2/package.xml
[2.341s] Invoked command in '/home/jestin/SegFault/tb_ws/build/project2' returned '0': CMAKE_PREFIX_PATH=/opt/ros/humble /usr/bin/cmake --install /home/jestin/SegFault/tb_ws/build/project2
