[10.684s] Invoking command in '/home/ubuntu/turtlebot3_ws/build/turtlebot3_example': PYTHONPATH=/home/ubuntu/turtlebot3_ws/build/turtlebot3_example/prefix_override:/home/ubuntu/turtlebot3_ws/install/turtlebot3_example/lib/python3.10/site-packages:${PYTHONPATH} /usr/bin/python3 -W ignore:setup.py install is deprecated setup.py develop --editable --build-directory /home/ubuntu/turtlebot3_ws/build/turtlebot3_example/build --no-deps symlink_data
[16.906s] running develop
[16.927s] /usr/lib/python3/dist-packages/setuptools/command/easy_install.py:158: EasyInstallDeprecationWarning: easy_install command is deprecated. Use build and pip and other standards-based tools.
[16.930s]   warnings.warn(
[21.769s] running egg_info
[21.772s] writing turtlebot3_example.egg-info/PKG-INFO
[21.777s] writing dependency_links to turtlebot3_example.egg-info/dependency_links.txt
[21.784s] writing entry points to turtlebot3_example.egg-info/entry_points.txt
[21.789s] writing requirements to turtlebot3_example.egg-info/requires.txt
[21.791s] writing top-level names to turtlebot3_example.egg-info/top_level.txt
[21.872s] reading manifest file 'turtlebot3_example.egg-info/SOURCES.txt'
[21.910s] writing manifest file 'turtlebot3_example.egg-info/SOURCES.txt'
[21.961s] running build_ext
[21.964s] Creating /home/ubuntu/turtlebot3_ws/install/turtlebot3_example/lib/python3.10/site-packages/turtlebot3-example.egg-link (link to .)
[22.024s] Installing turtlebot3_obstacle_detection script to /home/ubuntu/turtlebot3_ws/install/turtlebot3_example/lib/turtlebot3_example
[22.026s] Installing turtlebot3_patrol_client script to /home/ubuntu/turtlebot3_ws/install/turtlebot3_example/lib/turtlebot3_example
[22.040s] Installing turtlebot3_patrol_server script to /home/ubuntu/turtlebot3_ws/install/turtlebot3_example/lib/turtlebot3_example
[22.041s] Installing turtlebot3_position_control script to /home/ubuntu/turtlebot3_ws/install/turtlebot3_example/lib/turtlebot3_example
[22.043s] 
[22.045s] Installed /home/ubuntu/turtlebot3_ws/build/turtlebot3_example
[22.046s] running symlink_data
[22.899s] Invoked command in '/home/ubuntu/turtlebot3_ws/build/turtlebot3_example' returned '0': PYTHONPATH=/home/ubuntu/turtlebot3_ws/build/turtlebot3_example/prefix_override:/home/ubuntu/turtlebot3_ws/install/turtlebot3_example/lib/python3.10/site-packages:${PYTHONPATH} /usr/bin/python3 -W ignore:setup.py install is deprecated setup.py develop --editable --build-directory /home/ubuntu/turtlebot3_ws/build/turtlebot3_example/build --no-deps symlink_data
