[8.254s] Invoking command in '/home/ubuntu/ros2_ws/src/my_package': PYTHONPATH=/home/ubuntu/ros2_ws/build/my_package/prefix_override:/home/ubuntu/ros2_ws/install/my_package/lib/python3.10/site-packages:${PYTHONPATH} /usr/bin/python3 -W ignore:setup.py install is deprecated setup.py egg_info --egg-base ../../build/my_package build --build-base /home/ubuntu/ros2_ws/build/my_package/build install --record /home/ubuntu/ros2_ws/build/my_package/install.log --single-version-externally-managed install_data
[10.975s] running egg_info
[10.980s] creating ../../build/my_package/my_package.egg-info
[10.982s] writing ../../build/my_package/my_package.egg-info/PKG-INFO
[10.984s] writing dependency_links to ../../build/my_package/my_package.egg-info/dependency_links.txt
[10.986s] writing entry points to ../../build/my_package/my_package.egg-info/entry_points.txt
[10.988s] writing requirements to ../../build/my_package/my_package.egg-info/requires.txt
[10.989s] writing top-level names to ../../build/my_package/my_package.egg-info/top_level.txt
[10.991s] writing manifest file '../../build/my_package/my_package.egg-info/SOURCES.txt'
[11.007s] reading manifest file '../../build/my_package/my_package.egg-info/SOURCES.txt'
[11.014s] writing manifest file '../../build/my_package/my_package.egg-info/SOURCES.txt'
[11.016s] running build
[11.017s] running build_py
[11.019s] creating /home/ubuntu/ros2_ws/build/my_package/build
[11.020s] creating /home/ubuntu/ros2_ws/build/my_package/build/lib
[11.021s] creating /home/ubuntu/ros2_ws/build/my_package/build/lib/my_package
[11.023s] copying my_package/__init__.py -> /home/ubuntu/ros2_ws/build/my_package/build/lib/my_package
[11.024s] copying my_package/my_node.py -> /home/ubuntu/ros2_ws/build/my_package/build/lib/my_package
[11.025s] running install
[11.027s] running install_lib
[11.034s] creating /home/ubuntu/ros2_ws/install/my_package/lib/python3.10/site-packages/my_package
[11.035s] copying /home/ubuntu/ros2_ws/build/my_package/build/lib/my_package/__init__.py -> /home/ubuntu/ros2_ws/install/my_package/lib/python3.10/site-packages/my_package
[11.037s] copying /home/ubuntu/ros2_ws/build/my_package/build/lib/my_package/my_node.py -> /home/ubuntu/ros2_ws/install/my_package/lib/python3.10/site-packages/my_package
[11.042s] byte-compiling /home/ubuntu/ros2_ws/install/my_package/lib/python3.10/site-packages/my_package/__init__.py to __init__.cpython-310.pyc
[11.045s] byte-compiling /home/ubuntu/ros2_ws/install/my_package/lib/python3.10/site-packages/my_package/my_node.py to my_node.cpython-310.pyc
[11.048s] running install_data
[11.050s] creating /home/ubuntu/ros2_ws/install/my_package/share/ament_index
[11.051s] creating /home/ubuntu/ros2_ws/install/my_package/share/ament_index/resource_index
[11.053s] creating /home/ubuntu/ros2_ws/install/my_package/share/ament_index/resource_index/packages
[11.054s] copying resource/my_package -> /home/ubuntu/ros2_ws/install/my_package/share/ament_index/resource_index/packages
[11.055s] copying package.xml -> /home/ubuntu/ros2_ws/install/my_package/share/my_package
[11.056s] running install_egg_info
[11.070s] Copying ../../build/my_package/my_package.egg-info to /home/ubuntu/ros2_ws/install/my_package/lib/python3.10/site-packages/my_package-0.0.0-py3.10.egg-info
[11.082s] running install_scripts
[11.282s] Installing my_node script to /home/ubuntu/ros2_ws/install/my_package/lib/my_package
[11.285s] writing list of installed files to '/home/ubuntu/ros2_ws/build/my_package/install.log'
[11.572s] Invoked command in '/home/ubuntu/ros2_ws/src/my_package' returned '0': PYTHONPATH=/home/ubuntu/ros2_ws/build/my_package/prefix_override:/home/ubuntu/ros2_ws/install/my_package/lib/python3.10/site-packages:${PYTHONPATH} /usr/bin/python3 -W ignore:setup.py install is deprecated setup.py egg_info --egg-base ../../build/my_package build --build-base /home/ubuntu/ros2_ws/build/my_package/build install --record /home/ubuntu/ros2_ws/build/my_package/install.log --single-version-externally-managed install_data
