[0.325s] Invoking command in '/home/ubuntu/ros2_ws/build/samplepackage_turtlebot': CMAKE_PREFIX_PATH=${CMAKE_PREFIX_PATH}:/home/ubuntu/ros2_ws/install/my_package:/home/ubuntu/turtlebot3_ws/install/turtlebot3_teleop:/home/ubuntu/turtlebot3_ws/install/turtlebot3_example:/opt/ros/humble /usr/bin/cmake --build /home/ubuntu/ros2_ws/build/samplepackage_turtlebot -- -j4 -l4
[3.777s] Invoked command in '/home/ubuntu/ros2_ws/build/samplepackage_turtlebot' returned '0': CMAKE_PREFIX_PATH=${CMAKE_PREFIX_PATH}:/home/ubuntu/ros2_ws/install/my_package:/home/ubuntu/turtlebot3_ws/install/turtlebot3_teleop:/home/ubuntu/turtlebot3_ws/install/turtlebot3_example:/opt/ros/humble /usr/bin/cmake --build /home/ubuntu/ros2_ws/build/samplepackage_turtlebot -- -j4 -l4
[7.302s] Invoking command in '/home/ubuntu/ros2_ws/build/samplepackage_turtlebot': CMAKE_PREFIX_PATH=${CMAKE_PREFIX_PATH}:/home/ubuntu/ros2_ws/install/my_package:/home/ubuntu/turtlebot3_ws/install/turtlebot3_teleop:/home/ubuntu/turtlebot3_ws/install/turtlebot3_example:/opt/ros/humble /usr/bin/cmake --install /home/ubuntu/ros2_ws/build/samplepackage_turtlebot
[7.399s] -- Install configuration: ""
[7.405s] -- Up-to-date: /home/ubuntu/ros2_ws/install/samplepackage_turtlebot/share/ament_index/resource_index/package_run_dependencies/samplepackage_turtlebot
[7.408s] -- Up-to-date: /home/ubuntu/ros2_ws/install/samplepackage_turtlebot/share/ament_index/resource_index/parent_prefix_path/samplepackage_turtlebot
[7.423s] -- Up-to-date: /home/ubuntu/ros2_ws/install/samplepackage_turtlebot/share/samplepackage_turtlebot/environment/ament_prefix_path.sh
[7.430s] -- Up-to-date: /home/ubuntu/ros2_ws/install/samplepackage_turtlebot/share/samplepackage_turtlebot/environment/ament_prefix_path.dsv
[7.437s] -- Up-to-date: /home/ubuntu/ros2_ws/install/samplepackage_turtlebot/share/samplepackage_turtlebot/environment/path.sh
[7.439s] -- Up-to-date: /home/ubuntu/ros2_ws/install/samplepackage_turtlebot/share/samplepackage_turtlebot/environment/path.dsv
[7.441s] -- Up-to-date: /home/ubuntu/ros2_ws/install/samplepackage_turtlebot/share/samplepackage_turtlebot/local_setup.bash
[7.446s] -- Up-to-date: /home/ubuntu/ros2_ws/install/samplepackage_turtlebot/share/samplepackage_turtlebot/local_setup.sh
[7.447s] -- Up-to-date: /home/ubuntu/ros2_ws/install/samplepackage_turtlebot/share/samplepackage_turtlebot/local_setup.zsh
[7.453s] -- Up-to-date: /home/ubuntu/ros2_ws/install/samplepackage_turtlebot/share/samplepackage_turtlebot/local_setup.dsv
[7.454s] -- Installing: /home/ubuntu/ros2_ws/install/samplepackage_turtlebot/share/samplepackage_turtlebot/package.dsv
[7.456s] -- Up-to-date: /home/ubuntu/ros2_ws/install/samplepackage_turtlebot/share/ament_index/resource_index/packages/samplepackage_turtlebot
[7.457s] -- Up-to-date: /home/ubuntu/ros2_ws/install/samplepackage_turtlebot/share/samplepackage_turtlebot/cmake/samplepackage_turtlebotConfig.cmake
[7.460s] -- Up-to-date: /home/ubuntu/ros2_ws/install/samplepackage_turtlebot/share/samplepackage_turtlebot/cmake/samplepackage_turtlebotConfig-version.cmake
[7.461s] -- Up-to-date: /home/ubuntu/ros2_ws/install/samplepackage_turtlebot/share/samplepackage_turtlebot/package.xml
[7.479s] Invoked command in '/home/ubuntu/ros2_ws/build/samplepackage_turtlebot' returned '0': CMAKE_PREFIX_PATH=${CMAKE_PREFIX_PATH}:/home/ubuntu/ros2_ws/install/my_package:/home/ubuntu/turtlebot3_ws/install/turtlebot3_teleop:/home/ubuntu/turtlebot3_ws/install/turtlebot3_example:/opt/ros/humble /usr/bin/cmake --install /home/ubuntu/ros2_ws/build/samplepackage_turtlebot
