[0.006s] Invoking command in '/home/jestin/SegFault/tb_ws/build/turtlebot3_simulations': AMENT_PREFIX_PATH=/home/jestin/SegFault/tb_ws/install/turtlebot3_gazebo:/home/jestin/SegFault/tb_ws/install/turtlebot3_fake_node:${AMENT_PREFIX_PATH} CMAKE_PREFIX_PATH=/home/jestin/SegFault/tb_ws/install/turtlebot3_gazebo:/home/jestin/SegFault/tb_ws/install/turtlebot3_fake_node:/home/jestin/SegFault/tb_ws/install/project2:/opt/ros/humble /usr/bin/cmake /home/jestin/SegFault/tb_ws/src/turtlebot3_simulations/turtlebot3_simulations -DCMAKE_INSTALL_PREFIX=/home/jestin/SegFault/tb_ws/install/turtlebot3_simulations
[0.053s] -- The C compiler identification is GNU 11.4.0
[0.104s] -- The CXX compiler identification is GNU 11.4.0
[0.114s] -- Detecting C compiler ABI info
[0.167s] -- Detecting C compiler ABI info - done
[0.177s] -- Check for working C compiler: /usr/bin/cc - skipped
[0.178s] -- Detecting C compile features
[0.178s] -- Detecting C compile features - done
[0.182s] -- Detecting CXX compiler ABI info
[0.246s] -- Detecting CXX compiler ABI info - done
[0.257s] -- Check for working CXX compiler: /usr/bin/c++ - skipped
[0.257s] -- Detecting CXX compile features
[0.257s] -- Detecting CXX compile features - done
[0.261s] -- Found ament_cmake: 1.3.10 (/opt/ros/humble/share/ament_cmake/cmake)
[0.384s] -- Found Python3: /usr/bin/python3 (found version "3.10.12") found components: Interpreter 
[0.507s] -- Configuring done
[0.510s] -- Generating done
[0.511s] -- Build files have been written to: /home/jestin/SegFault/tb_ws/build/turtlebot3_simulations
[0.515s] Invoked command in '/home/jestin/SegFault/tb_ws/build/turtlebot3_simulations' returned '0': AMENT_PREFIX_PATH=/home/jestin/SegFault/tb_ws/install/turtlebot3_gazebo:/home/jestin/SegFault/tb_ws/install/turtlebot3_fake_node:${AMENT_PREFIX_PATH} CMAKE_PREFIX_PATH=/home/jestin/SegFault/tb_ws/install/turtlebot3_gazebo:/home/jestin/SegFault/tb_ws/install/turtlebot3_fake_node:/home/jestin/SegFault/tb_ws/install/project2:/opt/ros/humble /usr/bin/cmake /home/jestin/SegFault/tb_ws/src/turtlebot3_simulations/turtlebot3_simulations -DCMAKE_INSTALL_PREFIX=/home/jestin/SegFault/tb_ws/install/turtlebot3_simulations
[0.516s] Invoking command in '/home/jestin/SegFault/tb_ws/build/turtlebot3_simulations': AMENT_PREFIX_PATH=/home/jestin/SegFault/tb_ws/install/turtlebot3_gazebo:/home/jestin/SegFault/tb_ws/install/turtlebot3_fake_node:${AMENT_PREFIX_PATH} CMAKE_PREFIX_PATH=/home/jestin/SegFault/tb_ws/install/turtlebot3_gazebo:/home/jestin/SegFault/tb_ws/install/turtlebot3_fake_node:/home/jestin/SegFault/tb_ws/install/project2:/opt/ros/humble /usr/bin/cmake --build /home/jestin/SegFault/tb_ws/build/turtlebot3_simulations -- -j8 -l8
[0.546s] Invoked command in '/home/jestin/SegFault/tb_ws/build/turtlebot3_simulations' returned '0': AMENT_PREFIX_PATH=/home/jestin/SegFault/tb_ws/install/turtlebot3_gazebo:/home/jestin/SegFault/tb_ws/install/turtlebot3_fake_node:${AMENT_PREFIX_PATH} CMAKE_PREFIX_PATH=/home/jestin/SegFault/tb_ws/install/turtlebot3_gazebo:/home/jestin/SegFault/tb_ws/install/turtlebot3_fake_node:/home/jestin/SegFault/tb_ws/install/project2:/opt/ros/humble /usr/bin/cmake --build /home/jestin/SegFault/tb_ws/build/turtlebot3_simulations -- -j8 -l8
[0.563s] Invoking command in '/home/jestin/SegFault/tb_ws/build/turtlebot3_simulations': AMENT_PREFIX_PATH=/home/jestin/SegFault/tb_ws/install/turtlebot3_gazebo:/home/jestin/SegFault/tb_ws/install/turtlebot3_fake_node:${AMENT_PREFIX_PATH} CMAKE_PREFIX_PATH=/home/jestin/SegFault/tb_ws/install/turtlebot3_gazebo:/home/jestin/SegFault/tb_ws/install/turtlebot3_fake_node:/home/jestin/SegFault/tb_ws/install/project2:/opt/ros/humble /usr/bin/cmake --install /home/jestin/SegFault/tb_ws/build/turtlebot3_simulations
[0.570s] -- Install configuration: ""
[0.570s] -- Installing: /home/jestin/SegFault/tb_ws/install/turtlebot3_simulations/share/ament_index/resource_index/package_run_dependencies/turtlebot3_simulations
[0.570s] -- Installing: /home/jestin/SegFault/tb_ws/install/turtlebot3_simulations/share/ament_index/resource_index/parent_prefix_path/turtlebot3_simulations
[0.570s] -- Installing: /home/jestin/SegFault/tb_ws/install/turtlebot3_simulations/share/turtlebot3_simulations/environment/ament_prefix_path.sh
[0.570s] -- Installing: /home/jestin/SegFault/tb_ws/install/turtlebot3_simulations/share/turtlebot3_simulations/environment/ament_prefix_path.dsv
[0.570s] -- Installing: /home/jestin/SegFault/tb_ws/install/turtlebot3_simulations/share/turtlebot3_simulations/environment/path.sh
[0.570s] -- Installing: /home/jestin/SegFault/tb_ws/install/turtlebot3_simulations/share/turtlebot3_simulations/environment/path.dsv
[0.570s] -- Installing: /home/jestin/SegFault/tb_ws/install/turtlebot3_simulations/share/turtlebot3_simulations/local_setup.bash
[0.571s] -- Installing: /home/jestin/SegFault/tb_ws/install/turtlebot3_simulations/share/turtlebot3_simulations/local_setup.sh
[0.571s] -- Installing: /home/jestin/SegFault/tb_ws/install/turtlebot3_simulations/share/turtlebot3_simulations/local_setup.zsh
[0.571s] -- Installing: /home/jestin/SegFault/tb_ws/install/turtlebot3_simulations/share/turtlebot3_simulations/local_setup.dsv
[0.571s] -- Installing: /home/jestin/SegFault/tb_ws/install/turtlebot3_simulations/share/turtlebot3_simulations/package.dsv
[0.571s] -- Installing: /home/jestin/SegFault/tb_ws/install/turtlebot3_simulations/share/ament_index/resource_index/packages/turtlebot3_simulations
[0.571s] -- Installing: /home/jestin/SegFault/tb_ws/install/turtlebot3_simulations/share/turtlebot3_simulations/cmake/turtlebot3_simulationsConfig.cmake
[0.571s] -- Installing: /home/jestin/SegFault/tb_ws/install/turtlebot3_simulations/share/turtlebot3_simulations/cmake/turtlebot3_simulationsConfig-version.cmake
[0.571s] -- Installing: /home/jestin/SegFault/tb_ws/install/turtlebot3_simulations/share/turtlebot3_simulations/package.xml
[0.574s] Invoked command in '/home/jestin/SegFault/tb_ws/build/turtlebot3_simulations' returned '0': AMENT_PREFIX_PATH=/home/jestin/SegFault/tb_ws/install/turtlebot3_gazebo:/home/jestin/SegFault/tb_ws/install/turtlebot3_fake_node:${AMENT_PREFIX_PATH} CMAKE_PREFIX_PATH=/home/jestin/SegFault/tb_ws/install/turtlebot3_gazebo:/home/jestin/SegFault/tb_ws/install/turtlebot3_fake_node:/home/jestin/SegFault/tb_ws/install/project2:/opt/ros/humble /usr/bin/cmake --install /home/jestin/SegFault/tb_ws/build/turtlebot3_simulations
