[0.274s] Invoking command in '/home/ubuntu/ros2_ws/build/samplepackage_turtlebot': CMAKE_PREFIX_PATH=${CMAKE_PREFIX_PATH}:/home/ubuntu/ros2_ws/install/my_package:/home/ubuntu/turtlebot3_ws/install/turtlebot3_teleop:/home/ubuntu/turtlebot3_ws/install/turtlebot3_example:/opt/ros/humble /usr/bin/cmake --build /home/ubuntu/ros2_ws/build/samplepackage_turtlebot -- -j4 -l4
[6.644s] Invoked command in '/home/ubuntu/ros2_ws/build/samplepackage_turtlebot' returned '0': CMAKE_PREFIX_PATH=${CMAKE_PREFIX_PATH}:/home/ubuntu/ros2_ws/install/my_package:/home/ubuntu/turtlebot3_ws/install/turtlebot3_teleop:/home/ubuntu/turtlebot3_ws/install/turtlebot3_example:/opt/ros/humble /usr/bin/cmake --build /home/ubuntu/ros2_ws/build/samplepackage_turtlebot -- -j4 -l4
[7.024s] Invoking command in '/home/ubuntu/ros2_ws/build/samplepackage_turtlebot': CMAKE_PREFIX_PATH=${CMAKE_PREFIX_PATH}:/home/ubuntu/ros2_ws/install/my_package:/home/ubuntu/turtlebot3_ws/install/turtlebot3_teleop:/home/ubuntu/turtlebot3_ws/install/turtlebot3_example:/opt/ros/humble /usr/bin/cmake --install /home/ubuntu/ros2_ws/build/samplepackage_turtlebot
[7.115s] -- Install configuration: ""
[7.118s] -- Up-to-date: /home/ubuntu/ros2_ws/install/samplepackage_turtlebot/share/ament_index/resource_index/package_run_dependencies/samplepackage_turtlebot
[7.121s] -- Up-to-date: /home/ubuntu/ros2_ws/install/samplepackage_turtlebot/share/ament_index/resource_index/parent_prefix_path/samplepackage_turtlebot
[7.135s] -- Up-to-date: /home/ubuntu/ros2_ws/install/samplepackage_turtlebot/share/samplepackage_turtlebot/environment/ament_prefix_path.sh
[7.137s] -- Up-to-date: /home/ubuntu/ros2_ws/install/samplepackage_turtlebot/share/samplepackage_turtlebot/environment/ament_prefix_path.dsv
[7.139s] -- Up-to-date: /home/ubuntu/ros2_ws/install/samplepackage_turtlebot/share/samplepackage_turtlebot/environment/path.sh
[7.140s] -- Up-to-date: /home/ubuntu/ros2_ws/install/samplepackage_turtlebot/share/samplepackage_turtlebot/environment/path.dsv
[7.172s] -- Up-to-date: /home/ubuntu/ros2_ws/install/samplepackage_turtlebot/share/samplepackage_turtlebot/local_setup.bash
[7.175s] -- Up-to-date: /home/ubuntu/ros2_ws/install/samplepackage_turtlebot/share/samplepackage_turtlebot/local_setup.sh
[7.176s] -- Up-to-date: /home/ubuntu/ros2_ws/install/samplepackage_turtlebot/share/samplepackage_turtlebot/local_setup.zsh
[7.177s] -- Up-to-date: /home/ubuntu/ros2_ws/install/samplepackage_turtlebot/share/samplepackage_turtlebot/local_setup.dsv
[7.179s] -- Installing: /home/ubuntu/ros2_ws/install/samplepackage_turtlebot/share/samplepackage_turtlebot/package.dsv
[7.180s] -- Up-to-date: /home/ubuntu/ros2_ws/install/samplepackage_turtlebot/share/ament_index/resource_index/packages/samplepackage_turtlebot
[7.181s] -- Up-to-date: /home/ubuntu/ros2_ws/install/samplepackage_turtlebot/share/samplepackage_turtlebot/cmake/samplepackage_turtlebotConfig.cmake
[7.192s] -- Up-to-date: /home/ubuntu/ros2_ws/install/samplepackage_turtlebot/share/samplepackage_turtlebot/cmake/samplepackage_turtlebotConfig-version.cmake
[7.193s] -- Up-to-date: /home/ubuntu/ros2_ws/install/samplepackage_turtlebot/share/samplepackage_turtlebot/package.xml
[7.197s] Invoked command in '/home/ubuntu/ros2_ws/build/samplepackage_turtlebot' returned '0': CMAKE_PREFIX_PATH=${CMAKE_PREFIX_PATH}:/home/ubuntu/ros2_ws/install/my_package:/home/ubuntu/turtlebot3_ws/install/turtlebot3_teleop:/home/ubuntu/turtlebot3_ws/install/turtlebot3_example:/opt/ros/humble /usr/bin/cmake --install /home/ubuntu/ros2_ws/build/samplepackage_turtlebot
