[0.010s] Invoking command in '/home/jestin/SegFault/tb_ws/build/project2': CMAKE_PREFIX_PATH=/opt/ros/humble /usr/bin/cmake --build /home/jestin/SegFault/tb_ws/build/project2 -- -j8 -l8
[0.034s] -- Found ament_cmake: 1.3.10 (/opt/ros/humble/share/ament_cmake/cmake)
[0.134s] [33mCMake Warning (dev) at /usr/share/cmake-3.22/Modules/FindPackageHandleStandardArgs.cmake:438 (message):
[0.134s]   The package name passed to `find_package_handle_standard_args` (PkgConfig)
[0.134s]   does not match the name of the calling package (gazebo).  This can lead to
[0.134s]   problems in calling code that expects `find_package` result variables
[0.134s]   (e.g., `_FOUND`) to follow a certain pattern.
[0.134s] Call Stack (most recent call first):
[0.134s]   /usr/share/cmake-3.22/Modules/FindPkgConfig.cmake:99 (find_package_handle_standard_args)
[0.134s]   /usr/lib/x86_64-linux-gnu/cmake/gazebo/gazebo-config.cmake:72 (include)
[0.135s]   CMakeLists.txt:23 (find_package)
[0.135s] This warning is for project developers.  Use -Wno-dev to suppress it.
[0.135s] [0m
[0.152s] -- Found DART: /usr/include (Required is at least version "6.6") found components: dart 
[0.175s] -- Found Protobuf: /usr/lib/x86_64-linux-gnu/libprotobuf.so (found version "3.12.4") 
[0.175s] -- Looking for ignition-math6 -- found version 6.15.1
[0.179s] -- Searching for dependencies of ignition-math6
[0.180s] -- Looking for OGRE...
[0.184s] -- Found Ogre Ghadamon (1.9.0)
[0.184s] -- Found OGRE: optimized;/usr/lib/x86_64-linux-gnu/libOgreMain.so;debug;/usr/lib/x86_64-linux-gnu/libOgreMain.so
[0.191s] -- Looking for OGRE_Paging...
[0.191s] -- Found OGRE_Paging: optimized;/usr/lib/x86_64-linux-gnu/libOgrePaging.so;debug;/usr/lib/x86_64-linux-gnu/libOgrePaging.so
[0.191s] -- Looking for OGRE_Terrain...
[0.191s] -- Found OGRE_Terrain: optimized;/usr/lib/x86_64-linux-gnu/libOgreTerrain.so;debug;/usr/lib/x86_64-linux-gnu/libOgreTerrain.so
[0.191s] -- Looking for OGRE_Property...
[0.191s] -- Found OGRE_Property: optimized;/usr/lib/x86_64-linux-gnu/libOgreProperty.so;debug;/usr/lib/x86_64-linux-gnu/libOgreProperty.so
[0.191s] -- Looking for OGRE_RTShaderSystem...
[0.192s] -- Found OGRE_RTShaderSystem: optimized;/usr/lib/x86_64-linux-gnu/libOgreRTShaderSystem.so;debug;/usr/lib/x86_64-linux-gnu/libOgreRTShaderSystem.so
[0.192s] -- Looking for OGRE_Volume...
[0.192s] -- Found OGRE_Volume: optimized;/usr/lib/x86_64-linux-gnu/libOgreVolume.so;debug;/usr/lib/x86_64-linux-gnu/libOgreVolume.so
[0.192s] -- Looking for OGRE_Overlay...
[0.192s] -- Found OGRE_Overlay: optimized;/usr/lib/x86_64-linux-gnu/libOgreOverlay.so;debug;/usr/lib/x86_64-linux-gnu/libOgreOverlay.so
[0.276s] -- Looking for ignition-math6 -- found version 6.15.1
[0.276s] -- Looking for ignition-transport8 -- found version 8.2.1
[0.277s] -- Searching for dependencies of ignition-transport8
[0.290s] -- Found Protobuf: /usr/lib/x86_64-linux-gnu/libprotobuf.so (found suitable version "3.12.4", minimum required is "3") 
[0.298s] -- Config-file not installed for ZeroMQ -- checking for pkg-config
[0.302s] -- Checking for module 'libzmq >= 4'
[0.312s] --   Found libzmq , version 4.3.4
[0.340s] -- Checking for module 'uuid'
[0.348s] --   Found uuid, version 2.37.2
[0.369s] -- Looking for ignition-msgs5 -- found version 5.8.1
[0.369s] -- Searching for dependencies of ignition-msgs5
[0.384s] -- Looking for ignition-math6 -- found version 6.15.1
[0.387s] -- Checking for module 'tinyxml2'
[0.395s] --   Found tinyxml2, version 9.0.0
[0.417s] -- Looking for ignition-msgs5 -- found version 5.8.1
[0.417s] -- Looking for ignition-common3 -- found version 3.14.0
[0.417s] -- Searching for dependencies of ignition-common3
[0.418s] -- Looking for dlfcn.h - found
[0.418s] -- Looking for libdl - found
[0.426s] -- Searching for <ignition-common3> component [graphics]
[0.426s] -- Looking for ignition-common3-graphics -- found version 3.14.0
[0.426s] -- Searching for dependencies of ignition-common3-graphics
[0.426s] -- Looking for ignition-math6 -- found version 6.15.1
[0.427s] -- Looking for ignition-fuel_tools4 -- found version 4.4.0
[0.427s] -- Searching for dependencies of ignition-fuel_tools4
[0.456s] -- Checking for module 'jsoncpp'
[0.464s] --   Found jsoncpp, version 1.9.5
[0.489s] -- Checking for module 'libzip'
[0.496s] --   Found libzip, version 1.7.3
[0.520s] -- Looking for ignition-common3 -- found version 3.14.0
[0.520s] -- Looking for ignition-math6 -- found version 6.15.1
[0.520s] -- Looking for ignition-msgs5 -- found version 5.8.1
[0.522s] -- Found gazebo_ros_pkgs: 3.7.0 (/opt/ros/humble/share/gazebo_ros_pkgs/cmake)
[0.522s] -- Found geometry_msgs: 4.2.4 (/opt/ros/humble/share/geometry_msgs/cmake)
[0.536s] -- Found rosidl_generator_c: 3.1.5 (/opt/ros/humble/share/rosidl_generator_c/cmake)
[0.537s] -- Found rosidl_adapter: 3.1.5 (/opt/ros/humble/share/rosidl_adapter/cmake)
[0.542s] -- Found rosidl_generator_cpp: 3.1.5 (/opt/ros/humble/share/rosidl_generator_cpp/cmake)
[0.549s] -- Using all available rosidl_typesupport_c: rosidl_typesupport_fastrtps_c;rosidl_typesupport_introspection_c
[0.557s] -- Using all available rosidl_typesupport_cpp: rosidl_typesupport_fastrtps_cpp;rosidl_typesupport_introspection_cpp
[0.581s] -- Found nav_msgs: 4.2.4 (/opt/ros/humble/share/nav_msgs/cmake)
[0.592s] -- Found rclcpp: 16.0.10 (/opt/ros/humble/share/rclcpp/cmake)
[0.609s] -- Found rmw_implementation_cmake: 6.1.2 (/opt/ros/humble/share/rmw_implementation_cmake/cmake)
[0.610s] -- Found rmw_fastrtps_cpp: 6.2.7 (/opt/ros/humble/share/rmw_fastrtps_cpp/cmake)
[0.689s] -- Using RMW implementation 'rmw_fastrtps_cpp' as default
[0.716s] -- Found sensor_msgs: 4.2.4 (/opt/ros/humble/share/sensor_msgs/cmake)
[0.727s] -- Found tf2: 0.25.7 (/opt/ros/humble/share/tf2/cmake)
[0.730s] -- Found visualization_msgs: 4.2.4 (/opt/ros/humble/share/visualization_msgs/cmake)
[0.744s] -- Found gazebo_msgs: 3.7.0 (/opt/ros/humble/share/gazebo_msgs/cmake)
[0.818s] -- Configuring done
[0.828s] -- Generating done
[0.830s] -- Build files have been written to: /home/jestin/SegFault/tb_ws/build/project2
[0.854s] [35m[1mConsolidate compiler generated dependencies of target project2[0m
[0.867s] [ 50%] [32mBuilding CXX object CMakeFiles/project2.dir/src/TBmain.cpp.o[0m
[2.576s] [01m[K/home/jestin/SegFault/tb_ws/src/project2/src/TBmain.cpp:[m[K In function ‘[01m[Kint main(int, char**)[m[K’:
[2.576s] [01m[K/home/jestin/SegFault/tb_ws/src/project2/src/TBmain.cpp:5:15:[m[K [01;35m[Kwarning: [m[Kunused parameter ‘[01m[Kargc[m[K’ [[01;35m[K]8;;https://gcc.gnu.org/onlinedocs/gcc/Warning-Options.html#index-Wunused-parameter-Wunused-parameter]8;;[m[K]
[2.577s]     5 | int main ([01;35m[Kint argc[m[K, char ** argv)
[2.577s]       |           [01;35m[K~~~~^~~~[m[K
[2.577s] [01m[K/home/jestin/SegFault/tb_ws/src/project2/src/TBmain.cpp:5:29:[m[K [01;35m[Kwarning: [m[Kunused parameter ‘[01m[Kargv[m[K’ [[01;35m[K]8;;https://gcc.gnu.org/onlinedocs/gcc/Warning-Options.html#index-Wunused-parameter-Wunused-parameter]8;;[m[K]
[2.577s]     5 | int main (int argc, [01;35m[Kchar ** argv[m[K)
[2.577s]       |                     [01;35m[K~~~~~~~~^~~~[m[K
[2.897s] [100%] [32m[1mLinking CXX executable project2[0m
[3.091s] [100%] Built target project2
[3.098s] Invoked command in '/home/jestin/SegFault/tb_ws/build/project2' returned '0': CMAKE_PREFIX_PATH=/opt/ros/humble /usr/bin/cmake --build /home/jestin/SegFault/tb_ws/build/project2 -- -j8 -l8
[3.128s] Invoking command in '/home/jestin/SegFault/tb_ws/build/project2': CMAKE_PREFIX_PATH=/opt/ros/humble /usr/bin/cmake --install /home/jestin/SegFault/tb_ws/build/project2
[3.134s] -- Install configuration: ""
[3.134s] -- Installing: /home/jestin/SegFault/tb_ws/install/project2/lib/project2/project2
[3.134s] -- Set runtime path of "/home/jestin/SegFault/tb_ws/install/project2/lib/project2/project2" to ""
[3.134s] -- Up-to-date: /home/jestin/SegFault/tb_ws/install/project2/share/project2//launch
[3.134s] -- Up-to-date: /home/jestin/SegFault/tb_ws/install/project2/share/project2//models
[3.134s] -- Up-to-date: /home/jestin/SegFault/tb_ws/install/project2/share/project2//models/turtlebot3_burger
[3.135s] -- Up-to-date: /home/jestin/SegFault/tb_ws/install/project2/share/project2//models/turtlebot3_burger/model.config
[3.135s] -- Up-to-date: /home/jestin/SegFault/tb_ws/install/project2/share/project2//models/turtlebot3_burger/model.sdf
[3.135s] -- Up-to-date: /home/jestin/SegFault/tb_ws/install/project2/share/project2//models/turtlebot3_burger/model-1_4.sdf
[3.135s] -- Up-to-date: /home/jestin/SegFault/tb_ws/install/project2/share/project2//rviz
[3.135s] -- Up-to-date: /home/jestin/SegFault/tb_ws/install/project2/share/project2//urdf
[3.135s] -- Up-to-date: /home/jestin/SegFault/tb_ws/install/project2/share/project2//worlds
[3.135s] -- Installing: /home/jestin/SegFault/tb_ws/install/project2/include/
[3.135s] -- Installing: /home/jestin/SegFault/tb_ws/install/project2/include//TBmain.hpp
[3.135s] -- Installing: /home/jestin/SegFault/tb_ws/install/project2/share/ament_index/resource_index/package_run_dependencies/project2
[3.135s] -- Installing: /home/jestin/SegFault/tb_ws/install/project2/share/ament_index/resource_index/parent_prefix_path/project2
[3.135s] -- Installing: /home/jestin/SegFault/tb_ws/install/project2/share/project2/environment/ament_prefix_path.sh
[3.135s] -- Installing: /home/jestin/SegFault/tb_ws/install/project2/share/project2/environment/ament_prefix_path.dsv
[3.135s] -- Installing: /home/jestin/SegFault/tb_ws/install/project2/share/project2/environment/path.sh
[3.135s] -- Installing: /home/jestin/SegFault/tb_ws/install/project2/share/project2/environment/path.dsv
[3.135s] -- Installing: /home/jestin/SegFault/tb_ws/install/project2/share/project2/local_setup.bash
[3.136s] -- Installing: /home/jestin/SegFault/tb_ws/install/project2/share/project2/local_setup.sh
[3.136s] -- Installing: /home/jestin/SegFault/tb_ws/install/project2/share/project2/local_setup.zsh
[3.136s] -- Installing: /home/jestin/SegFault/tb_ws/install/project2/share/project2/local_setup.dsv
[3.136s] -- Installing: /home/jestin/SegFault/tb_ws/install/project2/share/project2/package.dsv
[3.136s] -- Installing: /home/jestin/SegFault/tb_ws/install/project2/share/ament_index/resource_index/packages/project2
[3.136s] -- Installing: /home/jestin/SegFault/tb_ws/install/project2/share/project2/cmake/ament_cmake_export_include_directories-extras.cmake
[3.136s] -- Installing: /home/jestin/SegFault/tb_ws/install/project2/share/project2/cmake/ament_cmake_export_dependencies-extras.cmake
[3.136s] -- Installing: /home/jestin/SegFault/tb_ws/install/project2/share/project2/cmake/project2Config.cmake
[3.136s] -- Installing: /home/jestin/SegFault/tb_ws/install/project2/share/project2/cmake/project2Config-version.cmake
[3.136s] -- Installing: /home/jestin/SegFault/tb_ws/install/project2/share/project2/package.xml
[3.138s] Invoked command in '/home/jestin/SegFault/tb_ws/build/project2' returned '0': CMAKE_PREFIX_PATH=/opt/ros/humble /usr/bin/cmake --install /home/jestin/SegFault/tb_ws/build/project2
