[1.652s] DEBUG:colcon:Command line arguments: ['/usr/bin/colcon', 'build', '--packages-select', 'turtlebot_test']
[1.653s] DEBUG:colcon:Parsed command line arguments: Namespace(log_base=None, log_level=None, verb_name='build', build_base='build', install_base='install', merge_install=False, symlink_install=False, test_result_base=None, continue_on_error=False, executor='parallel', parallel_workers=4, event_handlers=None, ignore_user_meta=False, metas=['./colcon.meta'], base_paths=['.'], packages_ignore=None, packages_ignore_regex=None, paths=None, packages_up_to=None, packages_up_to_regex=None, packages_above=None, packages_above_and_dependencies=None, packages_above_depth=None, packages_select_by_dep=None, packages_skip_by_dep=None, packages_skip_up_to=None, packages_select_build_failed=False, packages_skip_build_finished=False, packages_select_test_failures=False, packages_skip_test_passed=False, packages_select=['turtlebot_test'], packages_skip=None, packages_select_regex=None, packages_skip_regex=None, packages_start=None, packages_end=None, allow_overriding=[], cmake_args=None, cmake_target=None, cmake_target_skip_unavailable=False, cmake_clean_cache=False, cmake_clean_first=False, cmake_force_configure=False, ament_cmake_args=None, catkin_cmake_args=None, catkin_skip_building_tests=False, mixin_files=None, mixin=None, verb_parser=<colcon_mixin.mixin.mixin_argument.MixinArgumentDecorator object at 0xffff9c4e59c0>, verb_extension=<colcon_core.verb.build.BuildVerb object at 0xffff9c62a0e0>, main=<bound method BuildVerb.main of <colcon_core.verb.build.BuildVerb object at 0xffff9c62a0e0>>, mixin_verb=('build',))
[3.605s] Level 1:colcon.colcon_core.package_discovery:discover_packages(colcon_meta) check parameters
[3.606s] Level 1:colcon.colcon_core.package_discovery:discover_packages(recursive) check parameters
[3.606s] Level 1:colcon.colcon_core.package_discovery:discover_packages(ignore) check parameters
[3.607s] Level 1:colcon.colcon_core.package_discovery:discover_packages(path) check parameters
[3.607s] Level 1:colcon.colcon_core.package_discovery:discover_packages(colcon_meta) discover
[3.608s] Level 1:colcon.colcon_core.package_discovery:discover_packages(recursive) discover
[3.608s] INFO:colcon.colcon_core.package_discovery:Crawling recursively for packages in '/home/ubuntu/ros2_ws'
[3.609s] Level 1:colcon.colcon_core.package_identification:_identify(.) by extensions ['ignore', 'ignore_ament_install']
[3.610s] Level 1:colcon.colcon_core.package_identification:_identify(.) by extension 'ignore'
[3.611s] Level 1:colcon.colcon_core.package_identification:_identify(.) by extension 'ignore_ament_install'
[3.611s] Level 1:colcon.colcon_core.package_identification:_identify(.) by extensions ['colcon_pkg']
[3.612s] Level 1:colcon.colcon_core.package_identification:_identify(.) by extension 'colcon_pkg'
[3.612s] Level 1:colcon.colcon_core.package_identification:_identify(.) by extensions ['colcon_meta']
[3.613s] Level 1:colcon.colcon_core.package_identification:_identify(.) by extension 'colcon_meta'
[3.613s] Level 1:colcon.colcon_core.package_identification:_identify(.) by extensions ['ros']
[3.613s] Level 1:colcon.colcon_core.package_identification:_identify(.) by extension 'ros'
[3.729s] Level 1:colcon.colcon_core.package_identification:_identify(.) by extensions ['cmake', 'python']
[3.730s] Level 1:colcon.colcon_core.package_identification:_identify(.) by extension 'cmake'
[3.730s] Level 1:colcon.colcon_core.package_identification:_identify(.) by extension 'python'
[3.731s] Level 1:colcon.colcon_core.package_identification:_identify(.) by extensions ['python_setup_py']
[3.731s] Level 1:colcon.colcon_core.package_identification:_identify(.) by extension 'python_setup_py'
[3.732s] Level 1:colcon.colcon_core.package_identification:_identify(build) by extensions ['ignore', 'ignore_ament_install']
[3.733s] Level 1:colcon.colcon_core.package_identification:_identify(build) by extension 'ignore'
[3.734s] Level 1:colcon.colcon_core.package_identification:_identify(build) ignored
[3.736s] Level 1:colcon.colcon_core.package_identification:_identify(install) by extensions ['ignore', 'ignore_ament_install']
[3.737s] Level 1:colcon.colcon_core.package_identification:_identify(install) by extension 'ignore'
[3.737s] Level 1:colcon.colcon_core.package_identification:_identify(install) ignored
[3.739s] Level 1:colcon.colcon_core.package_identification:_identify(log) by extensions ['ignore', 'ignore_ament_install']
[3.740s] Level 1:colcon.colcon_core.package_identification:_identify(log) by extension 'ignore'
[3.740s] Level 1:colcon.colcon_core.package_identification:_identify(log) ignored
[3.742s] Level 1:colcon.colcon_core.package_identification:_identify(src) by extensions ['ignore', 'ignore_ament_install']
[3.742s] Level 1:colcon.colcon_core.package_identification:_identify(src) by extension 'ignore'
[3.743s] Level 1:colcon.colcon_core.package_identification:_identify(src) by extension 'ignore_ament_install'
[3.744s] Level 1:colcon.colcon_core.package_identification:_identify(src) by extensions ['colcon_pkg']
[3.744s] Level 1:colcon.colcon_core.package_identification:_identify(src) by extension 'colcon_pkg'
[3.745s] Level 1:colcon.colcon_core.package_identification:_identify(src) by extensions ['colcon_meta']
[3.745s] Level 1:colcon.colcon_core.package_identification:_identify(src) by extension 'colcon_meta'
[3.746s] Level 1:colcon.colcon_core.package_identification:_identify(src) by extensions ['ros']
[3.746s] Level 1:colcon.colcon_core.package_identification:_identify(src) by extension 'ros'
[3.747s] Level 1:colcon.colcon_core.package_identification:_identify(src) by extensions ['cmake', 'python']
[3.748s] Level 1:colcon.colcon_core.package_identification:_identify(src) by extension 'cmake'
[3.748s] Level 1:colcon.colcon_core.package_identification:_identify(src) by extension 'python'
[3.749s] Level 1:colcon.colcon_core.package_identification:_identify(src) by extensions ['python_setup_py']
[3.749s] Level 1:colcon.colcon_core.package_identification:_identify(src) by extension 'python_setup_py'
[3.750s] Level 1:colcon.colcon_core.package_identification:_identify(src/camera_ros) by extensions ['ignore', 'ignore_ament_install']
[3.751s] Level 1:colcon.colcon_core.package_identification:_identify(src/camera_ros) by extension 'ignore'
[3.752s] Level 1:colcon.colcon_core.package_identification:_identify(src/camera_ros) by extension 'ignore_ament_install'
[3.753s] Level 1:colcon.colcon_core.package_identification:_identify(src/camera_ros) by extensions ['colcon_pkg']
[3.753s] Level 1:colcon.colcon_core.package_identification:_identify(src/camera_ros) by extension 'colcon_pkg'
[3.754s] Level 1:colcon.colcon_core.package_identification:_identify(src/camera_ros) by extensions ['colcon_meta']
[3.754s] Level 1:colcon.colcon_core.package_identification:_identify(src/camera_ros) by extension 'colcon_meta'
[3.755s] Level 1:colcon.colcon_core.package_identification:_identify(src/camera_ros) by extensions ['ros']
[3.755s] Level 1:colcon.colcon_core.package_identification:_identify(src/camera_ros) by extension 'ros'
[3.779s] DEBUG:colcon.colcon_core.package_identification:Package 'src/camera_ros' with type 'ros.ament_cmake' and name 'camera_ros'
[3.781s] Level 1:colcon.colcon_core.package_identification:_identify(src/samplepackage_turtlebot) by extensions ['ignore', 'ignore_ament_install']
[3.782s] Level 1:colcon.colcon_core.package_identification:_identify(src/samplepackage_turtlebot) by extension 'ignore'
[3.783s] Level 1:colcon.colcon_core.package_identification:_identify(src/samplepackage_turtlebot) by extension 'ignore_ament_install'
[3.783s] Level 1:colcon.colcon_core.package_identification:_identify(src/samplepackage_turtlebot) by extensions ['colcon_pkg']
[3.784s] Level 1:colcon.colcon_core.package_identification:_identify(src/samplepackage_turtlebot) by extension 'colcon_pkg'
[3.785s] Level 1:colcon.colcon_core.package_identification:_identify(src/samplepackage_turtlebot) by extensions ['colcon_meta']
[3.786s] Level 1:colcon.colcon_core.package_identification:_identify(src/samplepackage_turtlebot) by extension 'colcon_meta'
[3.786s] Level 1:colcon.colcon_core.package_identification:_identify(src/samplepackage_turtlebot) by extensions ['ros']
[3.787s] Level 1:colcon.colcon_core.package_identification:_identify(src/samplepackage_turtlebot) by extension 'ros'
[3.792s] DEBUG:colcon.colcon_core.package_identification:Package 'src/samplepackage_turtlebot' with type 'ros.ament_cmake' and name 'samplepackage_turtlebot'
[3.793s] Level 1:colcon.colcon_core.package_identification:_identify(src/self_test) by extensions ['ignore', 'ignore_ament_install']
[3.794s] Level 1:colcon.colcon_core.package_identification:_identify(src/self_test) by extension 'ignore'
[3.795s] Level 1:colcon.colcon_core.package_identification:_identify(src/self_test) by extension 'ignore_ament_install'
[3.796s] Level 1:colcon.colcon_core.package_identification:_identify(src/self_test) by extensions ['colcon_pkg']
[3.796s] Level 1:colcon.colcon_core.package_identification:_identify(src/self_test) by extension 'colcon_pkg'
[3.797s] Level 1:colcon.colcon_core.package_identification:_identify(src/self_test) by extensions ['colcon_meta']
[3.797s] Level 1:colcon.colcon_core.package_identification:_identify(src/self_test) by extension 'colcon_meta'
[3.798s] Level 1:colcon.colcon_core.package_identification:_identify(src/self_test) by extensions ['ros']
[3.798s] Level 1:colcon.colcon_core.package_identification:_identify(src/self_test) by extension 'ros'
[3.803s] DEBUG:colcon.colcon_core.package_identification:Failed to parse potential ROS package manifest in'src/self_test': Error(s) in package 'src/self_test/package.xml':
The manifest contains invalid XML:
mismatched tag: line 23, column 2
[3.804s] Level 1:colcon.colcon_core.package_identification:_identify(src/self_test) by extensions ['cmake', 'python']
[3.805s] Level 1:colcon.colcon_core.package_identification:_identify(src/self_test) by extension 'cmake'
[3.805s] Level 1:colcon.colcon_core.package_identification:_identify(src/self_test) by extension 'python'
[3.806s] DEBUG:colcon.colcon_core.package_identification:Python package in 'src/self_test' passes arguments to the setup() function which requires a different identification extension than 'python'
[3.807s] Level 1:colcon.colcon_core.package_identification:_identify(src/self_test) by extensions ['python_setup_py']
[3.807s] Level 1:colcon.colcon_core.package_identification:_identify(src/self_test) by extension 'python_setup_py'
[6.697s] DEBUG:colcon.colcon_core.package_identification:Package 'src/self_test' with type 'python' and name 'self_test'
[6.700s] Level 1:colcon.colcon_core.package_identification:_identify(src/test_package) by extensions ['ignore', 'ignore_ament_install']
[6.706s] Level 1:colcon.colcon_core.package_identification:_identify(src/test_package) by extension 'ignore'
[6.708s] Level 1:colcon.colcon_core.package_identification:_identify(src/test_package) by extension 'ignore_ament_install'
[6.709s] Level 1:colcon.colcon_core.package_identification:_identify(src/test_package) by extensions ['colcon_pkg']
[6.709s] Level 1:colcon.colcon_core.package_identification:_identify(src/test_package) by extension 'colcon_pkg'
[6.710s] Level 1:colcon.colcon_core.package_identification:_identify(src/test_package) by extensions ['colcon_meta']
[6.711s] Level 1:colcon.colcon_core.package_identification:_identify(src/test_package) by extension 'colcon_meta'
[6.711s] Level 1:colcon.colcon_core.package_identification:_identify(src/test_package) by extensions ['ros']
[6.712s] Level 1:colcon.colcon_core.package_identification:_identify(src/test_package) by extension 'ros'
[6.718s] DEBUG:colcon.colcon_core.package_identification:Failed to parse potential ROS package manifest in'src/test_package': Error(s) in package 'src/test_package/package.xml':
The manifest contains invalid XML:
mismatched tag: line 23, column 2
[6.719s] Level 1:colcon.colcon_core.package_identification:_identify(src/test_package) by extensions ['cmake', 'python']
[6.720s] Level 1:colcon.colcon_core.package_identification:_identify(src/test_package) by extension 'cmake'
[6.721s] Level 1:colcon.colcon_core.package_identification:_identify(src/test_package) by extension 'python'
[6.722s] DEBUG:colcon.colcon_core.package_identification:Python package in 'src/test_package' passes arguments to the setup() function which requires a different identification extension than 'python'
[6.722s] Level 1:colcon.colcon_core.package_identification:_identify(src/test_package) by extensions ['python_setup_py']
[6.723s] Level 1:colcon.colcon_core.package_identification:_identify(src/test_package) by extension 'python_setup_py'
[9.531s] DEBUG:colcon.colcon_core.package_identification:Package 'src/test_package' with type 'python' and name 'test_package'
[9.533s] Level 1:colcon.colcon_core.package_identification:_identify(src/turtlebot_test) by extensions ['ignore', 'ignore_ament_install']
[9.534s] Level 1:colcon.colcon_core.package_identification:_identify(src/turtlebot_test) by extension 'ignore'
[9.534s] Level 1:colcon.colcon_core.package_identification:_identify(src/turtlebot_test) by extension 'ignore_ament_install'
[9.535s] Level 1:colcon.colcon_core.package_identification:_identify(src/turtlebot_test) by extensions ['colcon_pkg']
[9.536s] Level 1:colcon.colcon_core.package_identification:_identify(src/turtlebot_test) by extension 'colcon_pkg'
[9.536s] Level 1:colcon.colcon_core.package_identification:_identify(src/turtlebot_test) by extensions ['colcon_meta']
[9.537s] Level 1:colcon.colcon_core.package_identification:_identify(src/turtlebot_test) by extension 'colcon_meta'
[9.537s] Level 1:colcon.colcon_core.package_identification:_identify(src/turtlebot_test) by extensions ['ros']
[9.538s] Level 1:colcon.colcon_core.package_identification:_identify(src/turtlebot_test) by extension 'ros'
[9.542s] DEBUG:colcon.colcon_core.package_identification:Failed to parse potential ROS package manifest in'src/turtlebot_test': Error(s) in package 'src/turtlebot_test/package.xml':
The manifest contains invalid XML:
mismatched tag: line 23, column 2
[9.543s] Level 1:colcon.colcon_core.package_identification:_identify(src/turtlebot_test) by extensions ['cmake', 'python']
[9.543s] Level 1:colcon.colcon_core.package_identification:_identify(src/turtlebot_test) by extension 'cmake'
[9.544s] Level 1:colcon.colcon_core.package_identification:_identify(src/turtlebot_test) by extension 'python'
[9.545s] DEBUG:colcon.colcon_core.package_identification:Python package in 'src/turtlebot_test' passes arguments to the setup() function which requires a different identification extension than 'python'
[9.546s] Level 1:colcon.colcon_core.package_identification:_identify(src/turtlebot_test) by extensions ['python_setup_py']
[9.546s] Level 1:colcon.colcon_core.package_identification:_identify(src/turtlebot_test) by extension 'python_setup_py'
[12.306s] DEBUG:colcon.colcon_core.package_identification:Package 'src/turtlebot_test' with type 'python' and name 'turtlebot_test'
[12.307s] Level 1:colcon.colcon_core.package_discovery:discover_packages(recursive) using defaults
[12.308s] Level 1:colcon.colcon_core.package_discovery:discover_packages(ignore) discover
[12.309s] Level 1:colcon.colcon_core.package_discovery:discover_packages(ignore) using defaults
[12.309s] Level 1:colcon.colcon_core.package_discovery:discover_packages(path) discover
[12.309s] Level 1:colcon.colcon_core.package_discovery:discover_packages(path) using defaults
[12.512s] INFO:colcon.colcon_core.package_selection:Skipping not selected package 'camera_ros' in 'src/camera_ros'
[12.513s] INFO:colcon.colcon_core.package_selection:Skipping not selected package 'samplepackage_turtlebot' in 'src/samplepackage_turtlebot'
[12.513s] INFO:colcon.colcon_core.package_selection:Skipping not selected package 'self_test' in 'src/self_test'
[12.514s] INFO:colcon.colcon_core.package_selection:Skipping not selected package 'test_package' in 'src/test_package'
[12.518s] Level 1:colcon.colcon_core.package_discovery:discover_packages(prefix_path) check parameters
[12.518s] Level 1:colcon.colcon_core.package_discovery:discover_packages(prefix_path) discover
[12.528s] WARNING:colcon.colcon_core.prefix_path.colcon:The path '/home/ubuntu/ros2_ws/src/install' in the environment variable COLCON_PREFIX_PATH doesn't exist
[12.530s] WARNING:colcon.colcon_ros.prefix_path.ament:The path '/home/ubuntu/ros2_ws/src/install/test_package' in the environment variable AMENT_PREFIX_PATH doesn't exist
[12.548s] DEBUG:colcon.colcon_installed_package_information.package_discovery:Found 6 installed packages in /home/ubuntu/ros2_ws/install
[12.555s] DEBUG:colcon.colcon_installed_package_information.package_discovery:Found 7 installed packages in /home/ubuntu/turtlebot3_ws/install
[12.575s] DEBUG:colcon.colcon_installed_package_information.package_discovery:Found 259 installed packages in /opt/ros/humble
[12.599s] Level 1:colcon.colcon_core.package_discovery:discover_packages(prefix_path) using defaults
[13.098s] Level 5:colcon.colcon_core.verb:set package 'turtlebot_test' build argument 'cmake_args' from command line to 'None'
[13.098s] Level 5:colcon.colcon_core.verb:set package 'turtlebot_test' build argument 'cmake_target' from command line to 'None'
[13.099s] Level 5:colcon.colcon_core.verb:set package 'turtlebot_test' build argument 'cmake_target_skip_unavailable' from command line to 'False'
[13.099s] Level 5:colcon.colcon_core.verb:set package 'turtlebot_test' build argument 'cmake_clean_cache' from command line to 'False'
[13.099s] Level 5:colcon.colcon_core.verb:set package 'turtlebot_test' build argument 'cmake_clean_first' from command line to 'False'
[13.100s] Level 5:colcon.colcon_core.verb:set package 'turtlebot_test' build argument 'cmake_force_configure' from command line to 'False'
[13.100s] Level 5:colcon.colcon_core.verb:set package 'turtlebot_test' build argument 'ament_cmake_args' from command line to 'None'
[13.100s] Level 5:colcon.colcon_core.verb:set package 'turtlebot_test' build argument 'catkin_cmake_args' from command line to 'None'
[13.100s] Level 5:colcon.colcon_core.verb:set package 'turtlebot_test' build argument 'catkin_skip_building_tests' from command line to 'False'
[13.101s] DEBUG:colcon.colcon_core.verb:Building package 'turtlebot_test' with the following arguments: {'ament_cmake_args': None, 'build_base': '/home/ubuntu/ros2_ws/build/turtlebot_test', 'catkin_cmake_args': None, 'catkin_skip_building_tests': False, 'cmake_args': None, 'cmake_clean_cache': False, 'cmake_clean_first': False, 'cmake_force_configure': False, 'cmake_target': None, 'cmake_target_skip_unavailable': False, 'install_base': '/home/ubuntu/ros2_ws/install/turtlebot_test', 'merge_install': False, 'path': '/home/ubuntu/ros2_ws/src/turtlebot_test', 'symlink_install': False, 'test_result_base': None}
[13.102s] INFO:colcon.colcon_core.executor:Executing jobs using 'parallel' executor
[13.109s] DEBUG:colcon.colcon_parallel_executor.executor.parallel:run_until_complete
[13.111s] INFO:colcon.colcon_core.task.python.build:Building Python package in '/home/ubuntu/ros2_ws/src/turtlebot_test'
[13.147s] INFO:colcon.colcon_core.plugin_system:Skipping extension 'colcon_core.shell.bat': Not used on non-Windows systems
[13.149s] INFO:colcon.colcon_core.shell:Skip shell extension 'powershell' for command environment: Not usable outside of PowerShell
[13.150s] DEBUG:colcon.colcon_core.shell:Skip shell extension 'dsv' for command environment
[29.696s] DEBUG:colcon.colcon_core.event_handler.log_command:Invoking command in '/home/ubuntu/ros2_ws/src/turtlebot_test': PYTHONPATH=/home/ubuntu/ros2_ws/build/turtlebot_test/prefix_override:/home/ubuntu/ros2_ws/install/turtlebot_test/lib/python3.10/site-packages:${PYTHONPATH} /usr/bin/python3 -W ignore:setup.py install is deprecated setup.py egg_info --egg-base ../../build/turtlebot_test build --build-base /home/ubuntu/ros2_ws/build/turtlebot_test/build install --record /home/ubuntu/ros2_ws/build/turtlebot_test/install.log --single-version-externally-managed install_data
[37.603s] DEBUG:colcon.colcon_core.event_handler.log_command:Invoked command in '/home/ubuntu/ros2_ws/src/turtlebot_test' returned '0': PYTHONPATH=/home/ubuntu/ros2_ws/build/turtlebot_test/prefix_override:/home/ubuntu/ros2_ws/install/turtlebot_test/lib/python3.10/site-packages:${PYTHONPATH} /usr/bin/python3 -W ignore:setup.py install is deprecated setup.py egg_info --egg-base ../../build/turtlebot_test build --build-base /home/ubuntu/ros2_ws/build/turtlebot_test/build install --record /home/ubuntu/ros2_ws/build/turtlebot_test/install.log --single-version-externally-managed install_data
[37.702s] Level 1:colcon.colcon_core.environment:checking '/home/ubuntu/ros2_ws/install/turtlebot_test' for CMake module files
[37.712s] Level 1:colcon.colcon_core.environment:checking '/home/ubuntu/ros2_ws/install/turtlebot_test' for CMake config files
[37.756s] Level 1:colcon.colcon_core.environment:checking '/home/ubuntu/ros2_ws/install/turtlebot_test/lib'
[37.759s] Level 1:colcon.colcon_core.environment:checking '/home/ubuntu/ros2_ws/install/turtlebot_test/bin'
[37.761s] Level 1:colcon.colcon_core.environment:checking '/home/ubuntu/ros2_ws/install/turtlebot_test/lib/pkgconfig/turtlebot_test.pc'
[37.764s] Level 1:colcon.colcon_core.environment:checking '/home/ubuntu/ros2_ws/install/turtlebot_test/lib/python3.10/site-packages'
[37.766s] Level 1:colcon.colcon_core.shell:create_environment_hook('turtlebot_test', 'pythonpath')
[37.773s] INFO:colcon.colcon_core.shell:Creating environment hook '/home/ubuntu/ros2_ws/install/turtlebot_test/share/turtlebot_test/hook/pythonpath.ps1'
[37.784s] INFO:colcon.colcon_core.shell:Creating environment descriptor '/home/ubuntu/ros2_ws/install/turtlebot_test/share/turtlebot_test/hook/pythonpath.dsv'
[37.801s] INFO:colcon.colcon_core.shell:Creating environment hook '/home/ubuntu/ros2_ws/install/turtlebot_test/share/turtlebot_test/hook/pythonpath.sh'
[37.819s] Level 1:colcon.colcon_core.environment:checking '/home/ubuntu/ros2_ws/install/turtlebot_test/bin'
[37.820s] Level 1:colcon.colcon_core.environment:create_environment_scripts_only(turtlebot_test)
[37.828s] INFO:colcon.colcon_core.shell:Creating package script '/home/ubuntu/ros2_ws/install/turtlebot_test/share/turtlebot_test/package.ps1'
[37.839s] INFO:colcon.colcon_core.shell:Creating package descriptor '/home/ubuntu/ros2_ws/install/turtlebot_test/share/turtlebot_test/package.dsv'
[37.856s] INFO:colcon.colcon_core.shell:Creating package script '/home/ubuntu/ros2_ws/install/turtlebot_test/share/turtlebot_test/package.sh'
[37.878s] INFO:colcon.colcon_core.shell:Creating package script '/home/ubuntu/ros2_ws/install/turtlebot_test/share/turtlebot_test/package.bash'
[37.893s] INFO:colcon.colcon_core.shell:Creating package script '/home/ubuntu/ros2_ws/install/turtlebot_test/share/turtlebot_test/package.zsh'
[37.907s] Level 1:colcon.colcon_core.environment:create_file_with_runtime_dependencies(/home/ubuntu/ros2_ws/install/turtlebot_test/share/colcon-core/packages/turtlebot_test)
[37.930s] DEBUG:colcon.colcon_parallel_executor.executor.parallel:closing loop
[37.933s] DEBUG:colcon.colcon_parallel_executor.executor.parallel:loop closed
[37.934s] DEBUG:colcon.colcon_parallel_executor.executor.parallel:run_until_complete finished with '0'
[37.936s] DEBUG:colcon.colcon_core.event_reactor:joining thread
[38.111s] INFO:colcon.colcon_core.plugin_system:Skipping extension 'colcon_notification.desktop_notification.notify_send': Could not find 'notify-send'
[38.112s] INFO:colcon.colcon_core.plugin_system:Skipping extension 'colcon_notification.desktop_notification.terminal_notifier': Not used on non-Darwin systems
[38.113s] INFO:colcon.colcon_core.plugin_system:Skipping extension 'colcon_notification.desktop_notification.win32': Not used on non-Windows systems
[38.114s] INFO:colcon.colcon_notification.desktop_notification:Sending desktop notification using 'notify2'
[38.128s] DEBUG:colcon.colcon_notification.desktop_notification.notify2:Failed to initialize notify2: org.freedesktop.DBus.Error.ServiceUnknown: The name org.freedesktop.Notifications was not provided by any .service files
[38.129s] DEBUG:colcon.colcon_core.event_reactor:joined thread
[38.134s] INFO:colcon.colcon_core.shell:Creating prefix script '/home/ubuntu/ros2_ws/install/local_setup.ps1'
[38.147s] INFO:colcon.colcon_core.shell:Creating prefix util module '/home/ubuntu/ros2_ws/install/_local_setup_util_ps1.py'
[38.161s] INFO:colcon.colcon_core.shell:Creating prefix chain script '/home/ubuntu/ros2_ws/install/setup.ps1'
[38.180s] INFO:colcon.colcon_core.shell:Creating prefix script '/home/ubuntu/ros2_ws/install/local_setup.sh'
[38.194s] INFO:colcon.colcon_core.shell:Creating prefix util module '/home/ubuntu/ros2_ws/install/_local_setup_util_sh.py'
[38.200s] INFO:colcon.colcon_core.shell:Creating prefix chain script '/home/ubuntu/ros2_ws/install/setup.sh'
[38.221s] INFO:colcon.colcon_core.shell:Creating prefix script '/home/ubuntu/ros2_ws/install/local_setup.bash'
[38.236s] INFO:colcon.colcon_core.shell:Creating prefix chain script '/home/ubuntu/ros2_ws/install/setup.bash'
[38.256s] INFO:colcon.colcon_core.shell:Creating prefix script '/home/ubuntu/ros2_ws/install/local_setup.zsh'
[38.270s] INFO:colcon.colcon_core.shell:Creating prefix chain script '/home/ubuntu/ros2_ws/install/setup.zsh'
