[0.009s] Invoking command in '/home/jestin/SegFault/tb_ws/build/project2': CMAKE_PREFIX_PATH=/opt/ros/humble /usr/bin/cmake --build /home/jestin/SegFault/tb_ws/build/project2 -- -j8 -l8
[0.031s] -- Found ament_cmake: 1.3.10 (/opt/ros/humble/share/ament_cmake/cmake)
[0.123s] [33mCMake Warning (dev) at /usr/share/cmake-3.22/Modules/FindPackageHandleStandardArgs.cmake:438 (message):
[0.123s]   The package name passed to `find_package_handle_standard_args` (PkgConfig)
[0.123s]   does not match the name of the calling package (gazebo).  This can lead to
[0.123s]   problems in calling code that expects `find_package` result variables
[0.123s]   (e.g., `_FOUND`) to follow a certain pattern.
[0.123s] Call Stack (most recent call first):
[0.123s]   /usr/share/cmake-3.22/Modules/FindPkgConfig.cmake:99 (find_package_handle_standard_args)
[0.123s]   /usr/lib/x86_64-linux-gnu/cmake/gazebo/gazebo-config.cmake:72 (include)
[0.123s]   CMakeLists.txt:23 (find_package)
[0.123s] This warning is for project developers.  Use -Wno-dev to suppress it.
[0.123s] [0m
[0.140s] -- Found DART: /usr/include (Required is at least version "6.6") found components: dart 
[0.161s] -- Found Protobuf: /usr/lib/x86_64-linux-gnu/libprotobuf.so (found version "3.12.4") 
[0.162s] -- Looking for ignition-math6 -- found version 6.15.1
[0.165s] -- Searching for dependencies of ignition-math6
[0.166s] -- Looking for OGRE...
[0.170s] -- Found Ogre Ghadamon (1.9.0)
[0.170s] -- Found OGRE: optimized;/usr/lib/x86_64-linux-gnu/libOgreMain.so;debug;/usr/lib/x86_64-linux-gnu/libOgreMain.so
[0.177s] -- Looking for OGRE_Paging...
[0.177s] -- Found OGRE_Paging: optimized;/usr/lib/x86_64-linux-gnu/libOgrePaging.so;debug;/usr/lib/x86_64-linux-gnu/libOgrePaging.so
[0.177s] -- Looking for OGRE_Terrain...
[0.177s] -- Found OGRE_Terrain: optimized;/usr/lib/x86_64-linux-gnu/libOgreTerrain.so;debug;/usr/lib/x86_64-linux-gnu/libOgreTerrain.so
[0.177s] -- Looking for OGRE_Property...
[0.177s] -- Found OGRE_Property: optimized;/usr/lib/x86_64-linux-gnu/libOgreProperty.so;debug;/usr/lib/x86_64-linux-gnu/libOgreProperty.so
[0.177s] -- Looking for OGRE_RTShaderSystem...
[0.177s] -- Found OGRE_RTShaderSystem: optimized;/usr/lib/x86_64-linux-gnu/libOgreRTShaderSystem.so;debug;/usr/lib/x86_64-linux-gnu/libOgreRTShaderSystem.so
[0.177s] -- Looking for OGRE_Volume...
[0.178s] -- Found OGRE_Volume: optimized;/usr/lib/x86_64-linux-gnu/libOgreVolume.so;debug;/usr/lib/x86_64-linux-gnu/libOgreVolume.so
[0.178s] -- Looking for OGRE_Overlay...
[0.178s] -- Found OGRE_Overlay: optimized;/usr/lib/x86_64-linux-gnu/libOgreOverlay.so;debug;/usr/lib/x86_64-linux-gnu/libOgreOverlay.so
[0.254s] -- Looking for ignition-math6 -- found version 6.15.1
[0.254s] -- Looking for ignition-transport8 -- found version 8.2.1
[0.255s] -- Searching for dependencies of ignition-transport8
[0.267s] -- Found Protobuf: /usr/lib/x86_64-linux-gnu/libprotobuf.so (found suitable version "3.12.4", minimum required is "3") 
[0.275s] -- Config-file not installed for ZeroMQ -- checking for pkg-config
[0.279s] -- Checking for module 'libzmq >= 4'
[0.287s] --   Found libzmq , version 4.3.4
[0.312s] -- Checking for module 'uuid'
[0.321s] --   Found uuid, version 2.37.2
[0.342s] -- Looking for ignition-msgs5 -- found version 5.8.1
[0.342s] -- Searching for dependencies of ignition-msgs5
[0.357s] -- Looking for ignition-math6 -- found version 6.15.1
[0.360s] -- Checking for module 'tinyxml2'
[0.369s] --   Found tinyxml2, version 9.0.0
[0.404s] -- Looking for ignition-msgs5 -- found version 5.8.1
[0.404s] -- Looking for ignition-common3 -- found version 3.14.0
[0.405s] -- Searching for dependencies of ignition-common3
[0.405s] -- Looking for dlfcn.h - found
[0.405s] -- Looking for libdl - found
[0.414s] -- Searching for <ignition-common3> component [graphics]
[0.414s] -- Looking for ignition-common3-graphics -- found version 3.14.0
[0.414s] -- Searching for dependencies of ignition-common3-graphics
[0.415s] -- Looking for ignition-math6 -- found version 6.15.1
[0.415s] -- Looking for ignition-fuel_tools4 -- found version 4.4.0
[0.416s] -- Searching for dependencies of ignition-fuel_tools4
[0.444s] -- Checking for module 'jsoncpp'
[0.452s] --   Found jsoncpp, version 1.9.5
[0.477s] -- Checking for module 'libzip'
[0.485s] --   Found libzip, version 1.7.3
[0.511s] -- Looking for ignition-common3 -- found version 3.14.0
[0.511s] -- Looking for ignition-math6 -- found version 6.15.1
[0.512s] -- Looking for ignition-msgs5 -- found version 5.8.1
[0.513s] -- Found gazebo_ros_pkgs: 3.7.0 (/opt/ros/humble/share/gazebo_ros_pkgs/cmake)
[0.513s] -- Found geometry_msgs: 4.2.4 (/opt/ros/humble/share/geometry_msgs/cmake)
[0.528s] -- Found rosidl_generator_c: 3.1.5 (/opt/ros/humble/share/rosidl_generator_c/cmake)
[0.529s] -- Found rosidl_adapter: 3.1.5 (/opt/ros/humble/share/rosidl_adapter/cmake)
[0.534s] -- Found rosidl_generator_cpp: 3.1.5 (/opt/ros/humble/share/rosidl_generator_cpp/cmake)
[0.540s] -- Using all available rosidl_typesupport_c: rosidl_typesupport_fastrtps_c;rosidl_typesupport_introspection_c
[0.548s] -- Using all available rosidl_typesupport_cpp: rosidl_typesupport_fastrtps_cpp;rosidl_typesupport_introspection_cpp
[0.573s] -- Found nav_msgs: 4.2.4 (/opt/ros/humble/share/nav_msgs/cmake)
[0.584s] -- Found rclcpp: 16.0.10 (/opt/ros/humble/share/rclcpp/cmake)
[0.600s] -- Found rmw_implementation_cmake: 6.1.2 (/opt/ros/humble/share/rmw_implementation_cmake/cmake)
[0.601s] -- Found rmw_fastrtps_cpp: 6.2.7 (/opt/ros/humble/share/rmw_fastrtps_cpp/cmake)
[0.677s] -- Using RMW implementation 'rmw_fastrtps_cpp' as default
[0.704s] -- Found sensor_msgs: 4.2.4 (/opt/ros/humble/share/sensor_msgs/cmake)
[0.716s] -- Found tf2: 0.25.7 (/opt/ros/humble/share/tf2/cmake)
[0.719s] -- Found visualization_msgs: 4.2.4 (/opt/ros/humble/share/visualization_msgs/cmake)
[0.733s] -- Found gazebo_msgs: 3.7.0 (/opt/ros/humble/share/gazebo_msgs/cmake)
[0.804s] -- Configuring done
[0.813s] -- Generating done
[0.815s] -- Build files have been written to: /home/jestin/SegFault/tb_ws/build/project2
[0.838s] [35m[1mConsolidate compiler generated dependencies of target project2[0m
[0.852s] [100%] Built target project2
[0.861s] Invoked command in '/home/jestin/SegFault/tb_ws/build/project2' returned '0': CMAKE_PREFIX_PATH=/opt/ros/humble /usr/bin/cmake --build /home/jestin/SegFault/tb_ws/build/project2 -- -j8 -l8
[0.895s] Invoking command in '/home/jestin/SegFault/tb_ws/build/project2': CMAKE_PREFIX_PATH=/opt/ros/humble /usr/bin/cmake --install /home/jestin/SegFault/tb_ws/build/project2
[0.902s] -- Install configuration: ""
[0.902s] -- Up-to-date: /home/jestin/SegFault/tb_ws/install/project2/lib/project2/project2
[0.902s] -- Up-to-date: /home/jestin/SegFault/tb_ws/install/project2/share/project2//launch
[0.902s] -- Up-to-date: /home/jestin/SegFault/tb_ws/install/project2/share/project2//models
[0.902s] -- Up-to-date: /home/jestin/SegFault/tb_ws/install/project2/share/project2//models/turtlebot3_burger
[0.902s] -- Up-to-date: /home/jestin/SegFault/tb_ws/install/project2/share/project2//models/turtlebot3_burger/model.config
[0.902s] -- Up-to-date: /home/jestin/SegFault/tb_ws/install/project2/share/project2//models/turtlebot3_burger/model.sdf
[0.902s] -- Up-to-date: /home/jestin/SegFault/tb_ws/install/project2/share/project2//models/turtlebot3_burger/model-1_4.sdf
[0.902s] -- Up-to-date: /home/jestin/SegFault/tb_ws/install/project2/share/project2//rviz
[0.902s] -- Up-to-date: /home/jestin/SegFault/tb_ws/install/project2/share/project2//urdf
[0.903s] -- Up-to-date: /home/jestin/SegFault/tb_ws/install/project2/share/project2//worlds
[0.903s] -- Up-to-date: /home/jestin/SegFault/tb_ws/install/project2/include/
[0.903s] -- Up-to-date: /home/jestin/SegFault/tb_ws/install/project2/include//TBmain.hpp
[0.903s] -- Up-to-date: /home/jestin/SegFault/tb_ws/install/project2/share/ament_index/resource_index/package_run_dependencies/project2
[0.903s] -- Up-to-date: /home/jestin/SegFault/tb_ws/install/project2/share/ament_index/resource_index/parent_prefix_path/project2
[0.903s] -- Up-to-date: /home/jestin/SegFault/tb_ws/install/project2/share/project2/environment/ament_prefix_path.sh
[0.903s] -- Installing: /home/jestin/SegFault/tb_ws/install/project2/share/project2/environment/ament_prefix_path.dsv
[0.903s] -- Up-to-date: /home/jestin/SegFault/tb_ws/install/project2/share/project2/environment/path.sh
[0.903s] -- Installing: /home/jestin/SegFault/tb_ws/install/project2/share/project2/environment/path.dsv
[0.903s] -- Up-to-date: /home/jestin/SegFault/tb_ws/install/project2/share/project2/local_setup.bash
[0.903s] -- Up-to-date: /home/jestin/SegFault/tb_ws/install/project2/share/project2/local_setup.sh
[0.904s] -- Up-to-date: /home/jestin/SegFault/tb_ws/install/project2/share/project2/local_setup.zsh
[0.904s] -- Installing: /home/jestin/SegFault/tb_ws/install/project2/share/project2/local_setup.dsv
[0.904s] -- Installing: /home/jestin/SegFault/tb_ws/install/project2/share/project2/package.dsv
[0.904s] -- Up-to-date: /home/jestin/SegFault/tb_ws/install/project2/share/ament_index/resource_index/packages/project2
[0.904s] -- Up-to-date: /home/jestin/SegFault/tb_ws/install/project2/share/project2/cmake/ament_cmake_export_include_directories-extras.cmake
[0.904s] -- Up-to-date: /home/jestin/SegFault/tb_ws/install/project2/share/project2/cmake/ament_cmake_export_dependencies-extras.cmake
[0.904s] -- Up-to-date: /home/jestin/SegFault/tb_ws/install/project2/share/project2/cmake/project2Config.cmake
[0.904s] -- Up-to-date: /home/jestin/SegFault/tb_ws/install/project2/share/project2/cmake/project2Config-version.cmake
[0.904s] -- Up-to-date: /home/jestin/SegFault/tb_ws/install/project2/share/project2/package.xml
[0.905s] Invoked command in '/home/jestin/SegFault/tb_ws/build/project2' returned '0': CMAKE_PREFIX_PATH=/opt/ros/humble /usr/bin/cmake --install /home/jestin/SegFault/tb_ws/build/project2
