[0.007s] Invoking command in '/home/jestin/SegFault/tb_ws/build/project2': /usr/bin/cmake /home/jestin/SegFault/tb_ws/src/project2 -DCMAKE_INSTALL_PREFIX=/home/jestin/SegFault/tb_ws/install/project2
[0.048s] -- The C compiler identification is GNU 11.4.0
[0.089s] -- The CXX compiler identification is GNU 11.4.0
[0.094s] -- Detecting C compiler ABI info
[0.143s] -- Detecting C compiler ABI info - done
[0.148s] -- Check for working C compiler: /usr/bin/cc - skipped
[0.148s] -- Detecting C compile features
[0.148s] -- Detecting C compile features - done
[0.150s] -- Detecting CXX compiler ABI info
[0.209s] -- Detecting CXX compiler ABI info - done
[0.214s] -- Check for working CXX compiler: /usr/bin/c++ - skipped
[0.215s] -- Detecting CXX compile features
[0.215s] -- Detecting CXX compile features - done
[0.217s] -- Found ament_cmake: 1.3.10 (/opt/ros/humble/share/ament_cmake/cmake)
[0.338s] -- Found Python3: /usr/bin/python3 (found version "3.10.12") found components: Interpreter 
[0.408s] [33mCMake Warning (dev) at /usr/share/cmake-3.22/Modules/FindPackageHandleStandardArgs.cmake:438 (message):
[0.408s]   The package name passed to `find_package_handle_standard_args` (PkgConfig)
[0.408s]   does not match the name of the calling package (gazebo).  This can lead to
[0.408s]   problems in calling code that expects `find_package` result variables
[0.408s]   (e.g., `_FOUND`) to follow a certain pattern.
[0.408s] Call Stack (most recent call first):
[0.408s]   /usr/share/cmake-3.22/Modules/FindPkgConfig.cmake:99 (find_package_handle_standard_args)
[0.408s]   /usr/lib/x86_64-linux-gnu/cmake/gazebo/gazebo-config.cmake:72 (include)
[0.408s]   CMakeLists.txt:23 (find_package)
[0.408s] This warning is for project developers.  Use -Wno-dev to suppress it.
[0.408s] [0m
[0.408s] -- Found PkgConfig: /usr/bin/pkg-config (found version "0.29.2") 
[0.412s] -- Checking for module 'bullet>=2.82'
[0.420s] --   Found bullet, version 3.05
[0.489s] -- Found fcl: /usr/include (found suitable version "0.7.0", minimum required is "0.5.0") 
[0.525s] -- Found assimp: /usr/include (found version "5.2.0") 
[0.535s] -- Found DART: /usr/include (Required is at least version "6.6") found components: dart 
[0.667s] -- Found Boost: /usr/lib/x86_64-linux-gnu/cmake/Boost-1.74.0/BoostConfig.cmake (found suitable version "1.74.0", minimum required is "1.40.0") found components: thread system filesystem program_options regex iostreams date_time 
[0.680s] -- Found Protobuf: /usr/lib/x86_64-linux-gnu/libprotobuf.so (found version "3.12.4") 
[0.684s] -- Looking for ignition-math6 -- found version 6.15.1
[0.689s] -- Searching for dependencies of ignition-math6
[0.689s] -- Looking for OGRE...
[0.690s] -- OGRE_PREFIX_WATCH changed.
[0.693s] -- Checking for module 'OGRE'
[0.701s] --   Found OGRE, version 1.9.0
[0.723s] -- Found Ogre Ghadamon (1.9.0)
[0.730s] -- Found OGRE: optimized;/usr/lib/x86_64-linux-gnu/libOgreMain.so;debug;/usr/lib/x86_64-linux-gnu/libOgreMain.so
[0.737s] -- Looking for OGRE_Paging...
[0.740s] -- Found OGRE_Paging: optimized;/usr/lib/x86_64-linux-gnu/libOgrePaging.so;debug;/usr/lib/x86_64-linux-gnu/libOgrePaging.so
[0.740s] -- Looking for OGRE_Terrain...
[0.743s] -- Found OGRE_Terrain: optimized;/usr/lib/x86_64-linux-gnu/libOgreTerrain.so;debug;/usr/lib/x86_64-linux-gnu/libOgreTerrain.so
[0.744s] -- Looking for OGRE_Property...
[0.746s] -- Found OGRE_Property: optimized;/usr/lib/x86_64-linux-gnu/libOgreProperty.so;debug;/usr/lib/x86_64-linux-gnu/libOgreProperty.so
[0.747s] -- Looking for OGRE_RTShaderSystem...
[0.749s] -- Found OGRE_RTShaderSystem: optimized;/usr/lib/x86_64-linux-gnu/libOgreRTShaderSystem.so;debug;/usr/lib/x86_64-linux-gnu/libOgreRTShaderSystem.so
[0.749s] -- Looking for OGRE_Volume...
[0.753s] -- Found OGRE_Volume: optimized;/usr/lib/x86_64-linux-gnu/libOgreVolume.so;debug;/usr/lib/x86_64-linux-gnu/libOgreVolume.so
[0.753s] -- Looking for OGRE_Overlay...
[0.756s] -- Found OGRE_Overlay: optimized;/usr/lib/x86_64-linux-gnu/libOgreOverlay.so;debug;/usr/lib/x86_64-linux-gnu/libOgreOverlay.so
[0.822s] -- Looking for ignition-math6 -- found version 6.15.1
[0.824s] -- Looking for ignition-transport8 -- found version 8.2.1
[0.824s] -- Searching for dependencies of ignition-transport8
[0.837s] -- Found Protobuf: /usr/lib/x86_64-linux-gnu/libprotobuf.so (found suitable version "3.12.4", minimum required is "3") 
[0.845s] -- Config-file not installed for ZeroMQ -- checking for pkg-config
[0.849s] -- Checking for module 'libzmq >= 4'
[0.857s] --   Found libzmq , version 4.3.4
[0.879s] -- Found ZeroMQ: TRUE (Required is at least version "4") 
[0.883s] -- Checking for module 'uuid'
[0.890s] --   Found uuid, version 2.37.2
[0.918s] -- Found UUID: TRUE  
[0.920s] -- Looking for ignition-msgs5 -- found version 5.8.1
[0.921s] -- Searching for dependencies of ignition-msgs5
[0.935s] -- Looking for ignition-math6 -- found version 6.15.1
[0.939s] -- Checking for module 'tinyxml2'
[0.946s] --   Found tinyxml2, version 9.0.0
[0.968s] -- Looking for ignition-msgs5 -- found version 5.8.1
[0.970s] -- Looking for ignition-common3 -- found version 3.14.0
[0.970s] -- Searching for dependencies of ignition-common3
[0.970s] -- Looking for dlfcn.h - found
[0.971s] -- Looking for libdl - found
[0.972s] -- Found DL: TRUE  
[0.980s] -- Found tinyobjloader: /usr/lib/x86_64-linux-gnu/cmake/tinyobjloader/tinyobjloader-config.cmake (found version "2.0.0") 
[0.980s] -- Searching for <ignition-common3> component [graphics]
[0.982s] -- Looking for ignition-common3-graphics -- found version 3.14.0
[0.982s] -- Searching for dependencies of ignition-common3-graphics
[0.982s] -- Looking for ignition-math6 -- found version 6.15.1
[0.984s] -- Looking for ignition-fuel_tools4 -- found version 4.4.0
[0.985s] -- Searching for dependencies of ignition-fuel_tools4
[1.037s] -- Found CURL: /usr/lib/x86_64-linux-gnu/libcurl.so (found version "7.81.0")  
[1.043s] -- Checking for module 'jsoncpp'
[1.051s] --   Found jsoncpp, version 1.9.5
[1.075s] -- Found JSONCPP: TRUE  
[1.080s] -- Checking for module 'libzip'
[1.088s] --   Found libzip, version 1.7.3
[1.119s] -- Found ZIP: TRUE  
[1.120s] -- Looking for ignition-common3 -- found version 3.14.0
[1.120s] -- Looking for ignition-math6 -- found version 6.15.1
[1.121s] -- Looking for ignition-msgs5 -- found version 5.8.1
[1.126s] -- Found gazebo_ros_pkgs: 3.7.0 (/opt/ros/humble/share/gazebo_ros_pkgs/cmake)
[1.127s] -- Found geometry_msgs: 4.2.4 (/opt/ros/humble/share/geometry_msgs/cmake)
[1.150s] -- Found rosidl_generator_c: 3.1.5 (/opt/ros/humble/share/rosidl_generator_c/cmake)
[1.154s] -- Found rosidl_adapter: 3.1.5 (/opt/ros/humble/share/rosidl_adapter/cmake)
[1.160s] -- Found rosidl_generator_cpp: 3.1.5 (/opt/ros/humble/share/rosidl_generator_cpp/cmake)
[1.169s] -- Using all available rosidl_typesupport_c: rosidl_typesupport_fastrtps_c;rosidl_typesupport_introspection_c
[1.180s] -- Using all available rosidl_typesupport_cpp: rosidl_typesupport_fastrtps_cpp;rosidl_typesupport_introspection_cpp
[1.208s] -- Found nav_msgs: 4.2.4 (/opt/ros/humble/share/nav_msgs/cmake)
[1.222s] -- Found rclcpp: 16.0.10 (/opt/ros/humble/share/rclcpp/cmake)
[1.250s] -- Found rmw_implementation_cmake: 6.1.2 (/opt/ros/humble/share/rmw_implementation_cmake/cmake)
[1.252s] -- Found rmw_fastrtps_cpp: 6.2.7 (/opt/ros/humble/share/rmw_fastrtps_cpp/cmake)
[1.314s] -- Found OpenSSL: /usr/lib/x86_64-linux-gnu/libcrypto.so (found version "3.0.2")  
[1.333s] -- Found FastRTPS: /opt/ros/humble/include  
[1.365s] -- Using RMW implementation 'rmw_fastrtps_cpp' as default
[1.371s] -- Found Threads: TRUE  
[1.398s] -- Found sensor_msgs: 4.2.4 (/opt/ros/humble/share/sensor_msgs/cmake)
[1.412s] -- Found tf2: 0.25.7 (/opt/ros/humble/share/tf2/cmake)
[1.421s] -- Found visualization_msgs: 4.2.4 (/opt/ros/humble/share/visualization_msgs/cmake)
[1.436s] -- Found gazebo_msgs: 3.7.0 (/opt/ros/humble/share/gazebo_msgs/cmake)
[1.500s] Error parsing '/home/jestin/SegFault/tb_ws/src/project2/package.xml':
[1.534s] Traceback (most recent call last):
[1.534s]   File "/usr/lib/python3/dist-packages/catkin_pkg/package.py", line 610, in parse_package_string
[1.534s]     root = dom.parseString(data)
[1.534s]   File "/usr/lib/python3.10/xml/dom/minidom.py", line 2000, in parseString
[1.534s]     return expatbuilder.parseString(string)
[1.534s]   File "/usr/lib/python3.10/xml/dom/expatbuilder.py", line 925, in parseString
[1.534s]     return builder.parseString(string)
[1.534s]   File "/usr/lib/python3.10/xml/dom/expatbuilder.py", line 223, in parseString
[1.534s]     parser.Parse(string, True)
[1.534s] xml.parsers.expat.ExpatError: unclosed token: line 2, column 0
[1.534s] 
[1.534s] During handling of the above exception, another exception occurred:
[1.534s] 
[1.535s] Traceback (most recent call last):
[1.535s]   File "/opt/ros/humble/share/ament_cmake_core/cmake/core/package_xml_2_cmake.py", line 150, in <module>
[1.535s]     main()
[1.535s]   File "/opt/ros/humble/share/ament_cmake_core/cmake/core/package_xml_2_cmake.py", line 53, in main
[1.535s]     raise e
[1.535s]   File "/opt/ros/humble/share/ament_cmake_core/cmake/core/package_xml_2_cmake.py", line 49, in main
[1.535s]     package = parse_package_string(
[1.535s]   File "/usr/lib/python3/dist-packages/catkin_pkg/package.py", line 612, in parse_package_string
[1.535s]     raise InvalidPackage('The manifest contains invalid XML:\n%s' % ex, filename)
[1.535s] catkin_pkg.package.InvalidPackage: Error(s) in package '/home/jestin/SegFault/tb_ws/src/project2/package.xml':
[1.535s] The manifest contains invalid XML:
[1.535s] unclosed token: line 2, column 0
[1.547s] [31mCMake Error at /opt/ros/humble/share/ament_cmake_core/cmake/core/ament_package_xml.cmake:95 (message):
[1.547s]   execute_process(/usr/bin/python3
[1.547s]   /opt/ros/humble/share/ament_cmake_core/cmake/core/package_xml_2_cmake.py
[1.547s]   /home/jestin/SegFault/tb_ws/src/project2/package.xml
[1.547s]   /home/jestin/SegFault/tb_ws/build/project2/ament_cmake_core/package.cmake)
[1.547s]   returned error code 1
[1.547s] Call Stack (most recent call first):
[1.547s]   /opt/ros/humble/share/ament_cmake_core/cmake/core/ament_package_xml.cmake:49 (_ament_package_xml)
[1.547s]   /opt/ros/humble/share/ament_cmake_core/cmake/core/ament_package.cmake:63 (ament_package_xml)
[1.547s]   CMakeLists.txt:104 (ament_package)
[1.547s] 
[1.547s] [0m
[1.547s] -- Configuring incomplete, errors occurred!
[1.547s] See also "/home/jestin/SegFault/tb_ws/build/project2/CMakeFiles/CMakeOutput.log".
[1.557s] Invoked command in '/home/jestin/SegFault/tb_ws/build/project2' returned '1': /usr/bin/cmake /home/jestin/SegFault/tb_ws/src/project2 -DCMAKE_INSTALL_PREFIX=/home/jestin/SegFault/tb_ws/install/project2
