[1.850s] DEBUG:colcon:Command line arguments: ['/usr/bin/colcon', 'build', '--packages-select', 'turtlebot_test']
[1.851s] DEBUG:colcon:Parsed command line arguments: Namespace(log_base=None, log_level=None, verb_name='build', build_base='build', install_base='install', merge_install=False, symlink_install=False, test_result_base=None, continue_on_error=False, executor='parallel', parallel_workers=4, event_handlers=None, ignore_user_meta=False, metas=['./colcon.meta'], base_paths=['.'], packages_ignore=None, packages_ignore_regex=None, paths=None, packages_up_to=None, packages_up_to_regex=None, packages_above=None, packages_above_and_dependencies=None, packages_above_depth=None, packages_select_by_dep=None, packages_skip_by_dep=None, packages_skip_up_to=None, packages_select_build_failed=False, packages_skip_build_finished=False, packages_select_test_failures=False, packages_skip_test_passed=False, packages_select=['turtlebot_test'], packages_skip=None, packages_select_regex=None, packages_skip_regex=None, packages_start=None, packages_end=None, allow_overriding=[], cmake_args=None, cmake_target=None, cmake_target_skip_unavailable=False, cmake_clean_cache=False, cmake_clean_first=False, cmake_force_configure=False, ament_cmake_args=None, catkin_cmake_args=None, catkin_skip_building_tests=False, mixin_files=None, mixin=None, verb_parser=<colcon_mixin.mixin.mixin_argument.MixinArgumentDecorator object at 0xffff866e59c0>, verb_extension=<colcon_core.verb.build.BuildVerb object at 0xffff8682a0e0>, main=<bound method BuildVerb.main of <colcon_core.verb.build.BuildVerb object at 0xffff8682a0e0>>, mixin_verb=('build',))
[3.796s] Level 1:colcon.colcon_core.package_discovery:discover_packages(colcon_meta) check parameters
[3.798s] Level 1:colcon.colcon_core.package_discovery:discover_packages(recursive) check parameters
[3.798s] Level 1:colcon.colcon_core.package_discovery:discover_packages(ignore) check parameters
[3.799s] Level 1:colcon.colcon_core.package_discovery:discover_packages(path) check parameters
[3.799s] Level 1:colcon.colcon_core.package_discovery:discover_packages(colcon_meta) discover
[3.799s] Level 1:colcon.colcon_core.package_discovery:discover_packages(recursive) discover
[3.800s] INFO:colcon.colcon_core.package_discovery:Crawling recursively for packages in '/home/ubuntu/ros2_ws'
[3.801s] Level 1:colcon.colcon_core.package_identification:_identify(.) by extensions ['ignore', 'ignore_ament_install']
[3.802s] Level 1:colcon.colcon_core.package_identification:_identify(.) by extension 'ignore'
[3.803s] Level 1:colcon.colcon_core.package_identification:_identify(.) by extension 'ignore_ament_install'
[3.804s] Level 1:colcon.colcon_core.package_identification:_identify(.) by extensions ['colcon_pkg']
[3.804s] Level 1:colcon.colcon_core.package_identification:_identify(.) by extension 'colcon_pkg'
[3.805s] Level 1:colcon.colcon_core.package_identification:_identify(.) by extensions ['colcon_meta']
[3.806s] Level 1:colcon.colcon_core.package_identification:_identify(.) by extension 'colcon_meta'
[3.806s] Level 1:colcon.colcon_core.package_identification:_identify(.) by extensions ['ros']
[3.807s] Level 1:colcon.colcon_core.package_identification:_identify(.) by extension 'ros'
[3.931s] Level 1:colcon.colcon_core.package_identification:_identify(.) by extensions ['cmake', 'python']
[3.932s] Level 1:colcon.colcon_core.package_identification:_identify(.) by extension 'cmake'
[3.932s] Level 1:colcon.colcon_core.package_identification:_identify(.) by extension 'python'
[3.933s] Level 1:colcon.colcon_core.package_identification:_identify(.) by extensions ['python_setup_py']
[3.933s] Level 1:colcon.colcon_core.package_identification:_identify(.) by extension 'python_setup_py'
[3.935s] Level 1:colcon.colcon_core.package_identification:_identify(build) by extensions ['ignore', 'ignore_ament_install']
[3.936s] Level 1:colcon.colcon_core.package_identification:_identify(build) by extension 'ignore'
[3.936s] Level 1:colcon.colcon_core.package_identification:_identify(build) ignored
[3.938s] Level 1:colcon.colcon_core.package_identification:_identify(install) by extensions ['ignore', 'ignore_ament_install']
[3.940s] Level 1:colcon.colcon_core.package_identification:_identify(install) by extension 'ignore'
[3.940s] Level 1:colcon.colcon_core.package_identification:_identify(install) ignored
[3.942s] Level 1:colcon.colcon_core.package_identification:_identify(log) by extensions ['ignore', 'ignore_ament_install']
[3.943s] Level 1:colcon.colcon_core.package_identification:_identify(log) by extension 'ignore'
[3.943s] Level 1:colcon.colcon_core.package_identification:_identify(log) ignored
[3.944s] Level 1:colcon.colcon_core.package_identification:_identify(src) by extensions ['ignore', 'ignore_ament_install']
[3.945s] Level 1:colcon.colcon_core.package_identification:_identify(src) by extension 'ignore'
[3.946s] Level 1:colcon.colcon_core.package_identification:_identify(src) by extension 'ignore_ament_install'
[3.947s] Level 1:colcon.colcon_core.package_identification:_identify(src) by extensions ['colcon_pkg']
[3.947s] Level 1:colcon.colcon_core.package_identification:_identify(src) by extension 'colcon_pkg'
[3.948s] Level 1:colcon.colcon_core.package_identification:_identify(src) by extensions ['colcon_meta']
[3.948s] Level 1:colcon.colcon_core.package_identification:_identify(src) by extension 'colcon_meta'
[3.949s] Level 1:colcon.colcon_core.package_identification:_identify(src) by extensions ['ros']
[3.949s] Level 1:colcon.colcon_core.package_identification:_identify(src) by extension 'ros'
[3.950s] Level 1:colcon.colcon_core.package_identification:_identify(src) by extensions ['cmake', 'python']
[3.951s] Level 1:colcon.colcon_core.package_identification:_identify(src) by extension 'cmake'
[3.951s] Level 1:colcon.colcon_core.package_identification:_identify(src) by extension 'python'
[3.952s] Level 1:colcon.colcon_core.package_identification:_identify(src) by extensions ['python_setup_py']
[3.952s] Level 1:colcon.colcon_core.package_identification:_identify(src) by extension 'python_setup_py'
[3.954s] Level 1:colcon.colcon_core.package_identification:_identify(src/camera_ros) by extensions ['ignore', 'ignore_ament_install']
[3.955s] Level 1:colcon.colcon_core.package_identification:_identify(src/camera_ros) by extension 'ignore'
[3.955s] Level 1:colcon.colcon_core.package_identification:_identify(src/camera_ros) by extension 'ignore_ament_install'
[3.956s] Level 1:colcon.colcon_core.package_identification:_identify(src/camera_ros) by extensions ['colcon_pkg']
[3.957s] Level 1:colcon.colcon_core.package_identification:_identify(src/camera_ros) by extension 'colcon_pkg'
[3.957s] Level 1:colcon.colcon_core.package_identification:_identify(src/camera_ros) by extensions ['colcon_meta']
[3.958s] Level 1:colcon.colcon_core.package_identification:_identify(src/camera_ros) by extension 'colcon_meta'
[3.958s] Level 1:colcon.colcon_core.package_identification:_identify(src/camera_ros) by extensions ['ros']
[3.959s] Level 1:colcon.colcon_core.package_identification:_identify(src/camera_ros) by extension 'ros'
[3.983s] DEBUG:colcon.colcon_core.package_identification:Package 'src/camera_ros' with type 'ros.ament_cmake' and name 'camera_ros'
[3.985s] Level 1:colcon.colcon_core.package_identification:_identify(src/samplepackage_turtlebot) by extensions ['ignore', 'ignore_ament_install']
[3.986s] Level 1:colcon.colcon_core.package_identification:_identify(src/samplepackage_turtlebot) by extension 'ignore'
[3.987s] Level 1:colcon.colcon_core.package_identification:_identify(src/samplepackage_turtlebot) by extension 'ignore_ament_install'
[3.987s] Level 1:colcon.colcon_core.package_identification:_identify(src/samplepackage_turtlebot) by extensions ['colcon_pkg']
[3.988s] Level 1:colcon.colcon_core.package_identification:_identify(src/samplepackage_turtlebot) by extension 'colcon_pkg'
[3.989s] Level 1:colcon.colcon_core.package_identification:_identify(src/samplepackage_turtlebot) by extensions ['colcon_meta']
[3.989s] Level 1:colcon.colcon_core.package_identification:_identify(src/samplepackage_turtlebot) by extension 'colcon_meta'
[3.990s] Level 1:colcon.colcon_core.package_identification:_identify(src/samplepackage_turtlebot) by extensions ['ros']
[3.990s] Level 1:colcon.colcon_core.package_identification:_identify(src/samplepackage_turtlebot) by extension 'ros'
[3.995s] DEBUG:colcon.colcon_core.package_identification:Package 'src/samplepackage_turtlebot' with type 'ros.ament_cmake' and name 'samplepackage_turtlebot'
[3.996s] Level 1:colcon.colcon_core.package_identification:_identify(src/self_test) by extensions ['ignore', 'ignore_ament_install']
[3.997s] Level 1:colcon.colcon_core.package_identification:_identify(src/self_test) by extension 'ignore'
[3.998s] Level 1:colcon.colcon_core.package_identification:_identify(src/self_test) by extension 'ignore_ament_install'
[3.999s] Level 1:colcon.colcon_core.package_identification:_identify(src/self_test) by extensions ['colcon_pkg']
[3.999s] Level 1:colcon.colcon_core.package_identification:_identify(src/self_test) by extension 'colcon_pkg'
[4.000s] Level 1:colcon.colcon_core.package_identification:_identify(src/self_test) by extensions ['colcon_meta']
[4.000s] Level 1:colcon.colcon_core.package_identification:_identify(src/self_test) by extension 'colcon_meta'
[4.001s] Level 1:colcon.colcon_core.package_identification:_identify(src/self_test) by extensions ['ros']
[4.002s] Level 1:colcon.colcon_core.package_identification:_identify(src/self_test) by extension 'ros'
[4.007s] DEBUG:colcon.colcon_core.package_identification:Failed to parse potential ROS package manifest in'src/self_test': Error(s) in package 'src/self_test/package.xml':
The manifest contains invalid XML:
mismatched tag: line 23, column 2
[4.008s] Level 1:colcon.colcon_core.package_identification:_identify(src/self_test) by extensions ['cmake', 'python']
[4.008s] Level 1:colcon.colcon_core.package_identification:_identify(src/self_test) by extension 'cmake'
[4.009s] Level 1:colcon.colcon_core.package_identification:_identify(src/self_test) by extension 'python'
[4.010s] DEBUG:colcon.colcon_core.package_identification:Python package in 'src/self_test' passes arguments to the setup() function which requires a different identification extension than 'python'
[4.011s] Level 1:colcon.colcon_core.package_identification:_identify(src/self_test) by extensions ['python_setup_py']
[4.011s] Level 1:colcon.colcon_core.package_identification:_identify(src/self_test) by extension 'python_setup_py'
[6.779s] DEBUG:colcon.colcon_core.package_identification:Package 'src/self_test' with type 'python' and name 'self_test'
[6.781s] Level 1:colcon.colcon_core.package_identification:_identify(src/test_package) by extensions ['ignore', 'ignore_ament_install']
[6.782s] Level 1:colcon.colcon_core.package_identification:_identify(src/test_package) by extension 'ignore'
[6.783s] Level 1:colcon.colcon_core.package_identification:_identify(src/test_package) by extension 'ignore_ament_install'
[6.783s] Level 1:colcon.colcon_core.package_identification:_identify(src/test_package) by extensions ['colcon_pkg']
[6.784s] Level 1:colcon.colcon_core.package_identification:_identify(src/test_package) by extension 'colcon_pkg'
[6.785s] Level 1:colcon.colcon_core.package_identification:_identify(src/test_package) by extensions ['colcon_meta']
[6.785s] Level 1:colcon.colcon_core.package_identification:_identify(src/test_package) by extension 'colcon_meta'
[6.786s] Level 1:colcon.colcon_core.package_identification:_identify(src/test_package) by extensions ['ros']
[6.786s] Level 1:colcon.colcon_core.package_identification:_identify(src/test_package) by extension 'ros'
[6.791s] DEBUG:colcon.colcon_core.package_identification:Failed to parse potential ROS package manifest in'src/test_package': Error(s) in package 'src/test_package/package.xml':
The manifest contains invalid XML:
mismatched tag: line 23, column 2
[6.791s] Level 1:colcon.colcon_core.package_identification:_identify(src/test_package) by extensions ['cmake', 'python']
[6.792s] Level 1:colcon.colcon_core.package_identification:_identify(src/test_package) by extension 'cmake'
[6.793s] Level 1:colcon.colcon_core.package_identification:_identify(src/test_package) by extension 'python'
[6.794s] DEBUG:colcon.colcon_core.package_identification:Python package in 'src/test_package' passes arguments to the setup() function which requires a different identification extension than 'python'
[6.794s] Level 1:colcon.colcon_core.package_identification:_identify(src/test_package) by extensions ['python_setup_py']
[6.795s] Level 1:colcon.colcon_core.package_identification:_identify(src/test_package) by extension 'python_setup_py'
[9.566s] DEBUG:colcon.colcon_core.package_identification:Package 'src/test_package' with type 'python' and name 'test_package'
[9.568s] Level 1:colcon.colcon_core.package_identification:_identify(src/turtlebot_test) by extensions ['ignore', 'ignore_ament_install']
[9.569s] Level 1:colcon.colcon_core.package_identification:_identify(src/turtlebot_test) by extension 'ignore'
[9.570s] Level 1:colcon.colcon_core.package_identification:_identify(src/turtlebot_test) by extension 'ignore_ament_install'
[9.571s] Level 1:colcon.colcon_core.package_identification:_identify(src/turtlebot_test) by extensions ['colcon_pkg']
[9.571s] Level 1:colcon.colcon_core.package_identification:_identify(src/turtlebot_test) by extension 'colcon_pkg'
[9.572s] Level 1:colcon.colcon_core.package_identification:_identify(src/turtlebot_test) by extensions ['colcon_meta']
[9.572s] Level 1:colcon.colcon_core.package_identification:_identify(src/turtlebot_test) by extension 'colcon_meta'
[9.573s] Level 1:colcon.colcon_core.package_identification:_identify(src/turtlebot_test) by extensions ['ros']
[9.574s] Level 1:colcon.colcon_core.package_identification:_identify(src/turtlebot_test) by extension 'ros'
[9.578s] DEBUG:colcon.colcon_core.package_identification:Failed to parse potential ROS package manifest in'src/turtlebot_test': Error(s) in package 'src/turtlebot_test/package.xml':
The manifest contains invalid XML:
mismatched tag: line 23, column 2
[9.579s] Level 1:colcon.colcon_core.package_identification:_identify(src/turtlebot_test) by extensions ['cmake', 'python']
[9.580s] Level 1:colcon.colcon_core.package_identification:_identify(src/turtlebot_test) by extension 'cmake'
[9.580s] Level 1:colcon.colcon_core.package_identification:_identify(src/turtlebot_test) by extension 'python'
[9.582s] DEBUG:colcon.colcon_core.package_identification:Python package in 'src/turtlebot_test' passes arguments to the setup() function which requires a different identification extension than 'python'
[9.582s] Level 1:colcon.colcon_core.package_identification:_identify(src/turtlebot_test) by extensions ['python_setup_py']
[9.583s] Level 1:colcon.colcon_core.package_identification:_identify(src/turtlebot_test) by extension 'python_setup_py'
[12.343s] DEBUG:colcon.colcon_core.package_identification:Package 'src/turtlebot_test' with type 'python' and name 'turtlebot_test'
[12.344s] Level 1:colcon.colcon_core.package_discovery:discover_packages(recursive) using defaults
[12.344s] Level 1:colcon.colcon_core.package_discovery:discover_packages(ignore) discover
[12.345s] Level 1:colcon.colcon_core.package_discovery:discover_packages(ignore) using defaults
[12.345s] Level 1:colcon.colcon_core.package_discovery:discover_packages(path) discover
[12.345s] Level 1:colcon.colcon_core.package_discovery:discover_packages(path) using defaults
[12.541s] INFO:colcon.colcon_core.package_selection:Skipping not selected package 'camera_ros' in 'src/camera_ros'
[12.542s] INFO:colcon.colcon_core.package_selection:Skipping not selected package 'samplepackage_turtlebot' in 'src/samplepackage_turtlebot'
[12.542s] INFO:colcon.colcon_core.package_selection:Skipping not selected package 'self_test' in 'src/self_test'
[12.542s] INFO:colcon.colcon_core.package_selection:Skipping not selected package 'test_package' in 'src/test_package'
[12.547s] Level 1:colcon.colcon_core.package_discovery:discover_packages(prefix_path) check parameters
[12.547s] Level 1:colcon.colcon_core.package_discovery:discover_packages(prefix_path) discover
[12.557s] WARNING:colcon.colcon_core.prefix_path.colcon:The path '/home/ubuntu/ros2_ws/src/install' in the environment variable COLCON_PREFIX_PATH doesn't exist
[12.559s] WARNING:colcon.colcon_ros.prefix_path.ament:The path '/home/ubuntu/ros2_ws/src/install/test_package' in the environment variable AMENT_PREFIX_PATH doesn't exist
[12.576s] DEBUG:colcon.colcon_installed_package_information.package_discovery:Found 6 installed packages in /home/ubuntu/ros2_ws/install
[12.583s] DEBUG:colcon.colcon_installed_package_information.package_discovery:Found 7 installed packages in /home/ubuntu/turtlebot3_ws/install
[12.603s] DEBUG:colcon.colcon_installed_package_information.package_discovery:Found 259 installed packages in /opt/ros/humble
[12.628s] Level 1:colcon.colcon_core.package_discovery:discover_packages(prefix_path) using defaults
[13.166s] Level 5:colcon.colcon_core.verb:set package 'turtlebot_test' build argument 'cmake_args' from command line to 'None'
[13.166s] Level 5:colcon.colcon_core.verb:set package 'turtlebot_test' build argument 'cmake_target' from command line to 'None'
[13.167s] Level 5:colcon.colcon_core.verb:set package 'turtlebot_test' build argument 'cmake_target_skip_unavailable' from command line to 'False'
[13.167s] Level 5:colcon.colcon_core.verb:set package 'turtlebot_test' build argument 'cmake_clean_cache' from command line to 'False'
[13.167s] Level 5:colcon.colcon_core.verb:set package 'turtlebot_test' build argument 'cmake_clean_first' from command line to 'False'
[13.168s] Level 5:colcon.colcon_core.verb:set package 'turtlebot_test' build argument 'cmake_force_configure' from command line to 'False'
[13.168s] Level 5:colcon.colcon_core.verb:set package 'turtlebot_test' build argument 'ament_cmake_args' from command line to 'None'
[13.168s] Level 5:colcon.colcon_core.verb:set package 'turtlebot_test' build argument 'catkin_cmake_args' from command line to 'None'
[13.168s] Level 5:colcon.colcon_core.verb:set package 'turtlebot_test' build argument 'catkin_skip_building_tests' from command line to 'False'
[13.169s] DEBUG:colcon.colcon_core.verb:Building package 'turtlebot_test' with the following arguments: {'ament_cmake_args': None, 'build_base': '/home/ubuntu/ros2_ws/build/turtlebot_test', 'catkin_cmake_args': None, 'catkin_skip_building_tests': False, 'cmake_args': None, 'cmake_clean_cache': False, 'cmake_clean_first': False, 'cmake_force_configure': False, 'cmake_target': None, 'cmake_target_skip_unavailable': False, 'install_base': '/home/ubuntu/ros2_ws/install/turtlebot_test', 'merge_install': False, 'path': '/home/ubuntu/ros2_ws/src/turtlebot_test', 'symlink_install': False, 'test_result_base': None}
[13.170s] INFO:colcon.colcon_core.executor:Executing jobs using 'parallel' executor
[13.177s] DEBUG:colcon.colcon_parallel_executor.executor.parallel:run_until_complete
[13.179s] INFO:colcon.colcon_core.task.python.build:Building Python package in '/home/ubuntu/ros2_ws/src/turtlebot_test'
[13.205s] INFO:colcon.colcon_core.plugin_system:Skipping extension 'colcon_core.shell.bat': Not used on non-Windows systems
[13.207s] INFO:colcon.colcon_core.shell:Skip shell extension 'powershell' for command environment: Not usable outside of PowerShell
[13.208s] DEBUG:colcon.colcon_core.shell:Skip shell extension 'dsv' for command environment
[19.997s] DEBUG:colcon.colcon_core.event_handler.log_command:Invoking command in '/home/ubuntu/ros2_ws/src/turtlebot_test': PYTHONPATH=/home/ubuntu/ros2_ws/build/turtlebot_test/prefix_override:/home/ubuntu/ros2_ws/install/turtlebot_test/lib/python3.10/site-packages:${PYTHONPATH} /usr/bin/python3 -W ignore:setup.py install is deprecated setup.py egg_info --egg-base ../../build/turtlebot_test build --build-base /home/ubuntu/ros2_ws/build/turtlebot_test/build install --record /home/ubuntu/ros2_ws/build/turtlebot_test/install.log --single-version-externally-managed install_data
[23.280s] DEBUG:colcon.colcon_core.event_handler.log_command:Invoked command in '/home/ubuntu/ros2_ws/src/turtlebot_test' returned '0': PYTHONPATH=/home/ubuntu/ros2_ws/build/turtlebot_test/prefix_override:/home/ubuntu/ros2_ws/install/turtlebot_test/lib/python3.10/site-packages:${PYTHONPATH} /usr/bin/python3 -W ignore:setup.py install is deprecated setup.py egg_info --egg-base ../../build/turtlebot_test build --build-base /home/ubuntu/ros2_ws/build/turtlebot_test/build install --record /home/ubuntu/ros2_ws/build/turtlebot_test/install.log --single-version-externally-managed install_data
[23.306s] Level 1:colcon.colcon_core.environment:checking '/home/ubuntu/ros2_ws/install/turtlebot_test' for CMake module files
[23.313s] Level 1:colcon.colcon_core.environment:checking '/home/ubuntu/ros2_ws/install/turtlebot_test' for CMake config files
[23.322s] Level 1:colcon.colcon_core.environment:checking '/home/ubuntu/ros2_ws/install/turtlebot_test/lib'
[23.324s] Level 1:colcon.colcon_core.environment:checking '/home/ubuntu/ros2_ws/install/turtlebot_test/bin'
[23.325s] Level 1:colcon.colcon_core.environment:checking '/home/ubuntu/ros2_ws/install/turtlebot_test/lib/pkgconfig/turtlebot_test.pc'
[23.327s] Level 1:colcon.colcon_core.environment:checking '/home/ubuntu/ros2_ws/install/turtlebot_test/lib/python3.10/site-packages'
[23.328s] Level 1:colcon.colcon_core.shell:create_environment_hook('turtlebot_test', 'pythonpath')
[23.330s] INFO:colcon.colcon_core.shell:Creating environment hook '/home/ubuntu/ros2_ws/install/turtlebot_test/share/turtlebot_test/hook/pythonpath.ps1'
[23.336s] INFO:colcon.colcon_core.shell:Creating environment descriptor '/home/ubuntu/ros2_ws/install/turtlebot_test/share/turtlebot_test/hook/pythonpath.dsv'
[23.341s] INFO:colcon.colcon_core.shell:Creating environment hook '/home/ubuntu/ros2_ws/install/turtlebot_test/share/turtlebot_test/hook/pythonpath.sh'
[23.349s] Level 1:colcon.colcon_core.environment:checking '/home/ubuntu/ros2_ws/install/turtlebot_test/bin'
[23.350s] Level 1:colcon.colcon_core.environment:create_environment_scripts_only(turtlebot_test)
[23.353s] INFO:colcon.colcon_core.shell:Creating package script '/home/ubuntu/ros2_ws/install/turtlebot_test/share/turtlebot_test/package.ps1'
[23.361s] INFO:colcon.colcon_core.shell:Creating package descriptor '/home/ubuntu/ros2_ws/install/turtlebot_test/share/turtlebot_test/package.dsv'
[23.367s] INFO:colcon.colcon_core.shell:Creating package script '/home/ubuntu/ros2_ws/install/turtlebot_test/share/turtlebot_test/package.sh'
[23.374s] INFO:colcon.colcon_core.shell:Creating package script '/home/ubuntu/ros2_ws/install/turtlebot_test/share/turtlebot_test/package.bash'
[23.382s] INFO:colcon.colcon_core.shell:Creating package script '/home/ubuntu/ros2_ws/install/turtlebot_test/share/turtlebot_test/package.zsh'
[23.389s] Level 1:colcon.colcon_core.environment:create_file_with_runtime_dependencies(/home/ubuntu/ros2_ws/install/turtlebot_test/share/colcon-core/packages/turtlebot_test)
[23.392s] DEBUG:colcon.colcon_parallel_executor.executor.parallel:closing loop
[23.395s] DEBUG:colcon.colcon_parallel_executor.executor.parallel:loop closed
[23.396s] DEBUG:colcon.colcon_parallel_executor.executor.parallel:run_until_complete finished with '0'
[23.396s] DEBUG:colcon.colcon_core.event_reactor:joining thread
[23.446s] INFO:colcon.colcon_core.plugin_system:Skipping extension 'colcon_notification.desktop_notification.notify_send': Could not find 'notify-send'
[23.447s] INFO:colcon.colcon_core.plugin_system:Skipping extension 'colcon_notification.desktop_notification.terminal_notifier': Not used on non-Darwin systems
[23.448s] INFO:colcon.colcon_core.plugin_system:Skipping extension 'colcon_notification.desktop_notification.win32': Not used on non-Windows systems
[23.448s] INFO:colcon.colcon_notification.desktop_notification:Sending desktop notification using 'notify2'
[23.454s] DEBUG:colcon.colcon_notification.desktop_notification.notify2:Failed to initialize notify2: org.freedesktop.DBus.Error.ServiceUnknown: The name org.freedesktop.Notifications was not provided by any .service files
[23.455s] DEBUG:colcon.colcon_core.event_reactor:joined thread
[23.458s] INFO:colcon.colcon_core.shell:Creating prefix script '/home/ubuntu/ros2_ws/install/local_setup.ps1'
[23.467s] INFO:colcon.colcon_core.shell:Creating prefix util module '/home/ubuntu/ros2_ws/install/_local_setup_util_ps1.py'
[23.481s] INFO:colcon.colcon_core.shell:Creating prefix chain script '/home/ubuntu/ros2_ws/install/setup.ps1'
[23.497s] INFO:colcon.colcon_core.shell:Creating prefix script '/home/ubuntu/ros2_ws/install/local_setup.sh'
[23.502s] INFO:colcon.colcon_core.shell:Creating prefix util module '/home/ubuntu/ros2_ws/install/_local_setup_util_sh.py'
[23.507s] INFO:colcon.colcon_core.shell:Creating prefix chain script '/home/ubuntu/ros2_ws/install/setup.sh'
[23.524s] INFO:colcon.colcon_core.shell:Creating prefix script '/home/ubuntu/ros2_ws/install/local_setup.bash'
[23.529s] INFO:colcon.colcon_core.shell:Creating prefix chain script '/home/ubuntu/ros2_ws/install/setup.bash'
[23.545s] INFO:colcon.colcon_core.shell:Creating prefix script '/home/ubuntu/ros2_ws/install/local_setup.zsh'
[23.550s] INFO:colcon.colcon_core.shell:Creating prefix chain script '/home/ubuntu/ros2_ws/install/setup.zsh'
