[0.336s] Invoking command in '/home/ubuntu/ros2_ws/build/camera_ros': CMAKE_PREFIX_PATH=${CMAKE_PREFIX_PATH}:/home/ubuntu/ros2_ws/install/my_package:/home/ubuntu/turtlebot3_ws/install/turtlebot3_teleop:/home/ubuntu/turtlebot3_ws/install/turtlebot3_example:/opt/ros/humble /usr/bin/cmake --build /home/ubuntu/ros2_ws/build/camera_ros -- -j4 -l4
[3.843s] [35m[1mConsolidate compiler generated dependencies of target camera_node[0m
[3.845s] [35m[1mConsolidate compiler generated dependencies of target utils[0m
[3.846s] [ 66%] Built target utils
[3.848s] [ 83%] Built target camera_node
[3.849s] [35m[1mConsolidate compiler generated dependencies of target camera_component[0m
[3.850s] [100%] Built target camera_component
[3.872s] Invoked command in '/home/ubuntu/ros2_ws/build/camera_ros' returned '0': CMAKE_PREFIX_PATH=${CMAKE_PREFIX_PATH}:/home/ubuntu/ros2_ws/install/my_package:/home/ubuntu/turtlebot3_ws/install/turtlebot3_teleop:/home/ubuntu/turtlebot3_ws/install/turtlebot3_example:/opt/ros/humble /usr/bin/cmake --build /home/ubuntu/ros2_ws/build/camera_ros -- -j4 -l4
[7.409s] Invoking command in '/home/ubuntu/ros2_ws/build/camera_ros': CMAKE_PREFIX_PATH=${CMAKE_PREFIX_PATH}:/home/ubuntu/ros2_ws/install/my_package:/home/ubuntu/turtlebot3_ws/install/turtlebot3_teleop:/home/ubuntu/turtlebot3_ws/install/turtlebot3_example:/opt/ros/humble /usr/bin/cmake --install /home/ubuntu/ros2_ws/build/camera_ros
[7.509s] -- Install configuration: ""
[7.541s] -- Up-to-date: /home/ubuntu/ros2_ws/install/camera_ros/lib/camera_ros/camera_node
[7.572s] -- Up-to-date: /home/ubuntu/ros2_ws/install/camera_ros/lib/libcamera_component.so
[7.573s] -- Up-to-date: /home/ubuntu/ros2_ws/install/camera_ros/share/camera_ros//launch
[7.575s] -- Up-to-date: /home/ubuntu/ros2_ws/install/camera_ros/share/camera_ros//launch/camera.launch.py
[7.576s] -- Up-to-date: /home/ubuntu/ros2_ws/install/camera_ros/share/ament_index/resource_index/package_run_dependencies/camera_ros
[7.585s] -- Up-to-date: /home/ubuntu/ros2_ws/install/camera_ros/share/ament_index/resource_index/parent_prefix_path/camera_ros
[7.591s] -- Up-to-date: /home/ubuntu/ros2_ws/install/camera_ros/share/camera_ros/environment/ament_prefix_path.sh
[7.594s] -- Up-to-date: /home/ubuntu/ros2_ws/install/camera_ros/share/camera_ros/environment/ament_prefix_path.dsv
[7.597s] -- Up-to-date: /home/ubuntu/ros2_ws/install/camera_ros/share/camera_ros/environment/path.sh
[7.599s] -- Up-to-date: /home/ubuntu/ros2_ws/install/camera_ros/share/camera_ros/environment/path.dsv
[7.600s] -- Up-to-date: /home/ubuntu/ros2_ws/install/camera_ros/share/camera_ros/local_setup.bash
[7.611s] -- Up-to-date: /home/ubuntu/ros2_ws/install/camera_ros/share/camera_ros/local_setup.sh
[7.613s] -- Up-to-date: /home/ubuntu/ros2_ws/install/camera_ros/share/camera_ros/local_setup.zsh
[7.615s] -- Up-to-date: /home/ubuntu/ros2_ws/install/camera_ros/share/camera_ros/local_setup.dsv
[7.616s] -- Installing: /home/ubuntu/ros2_ws/install/camera_ros/share/camera_ros/package.dsv
[7.633s] -- Up-to-date: /home/ubuntu/ros2_ws/install/camera_ros/share/ament_index/resource_index/packages/camera_ros
[7.635s] -- Up-to-date: /home/ubuntu/ros2_ws/install/camera_ros/share/ament_index/resource_index/rclcpp_components/camera_ros
[7.636s] -- Up-to-date: /home/ubuntu/ros2_ws/install/camera_ros/share/camera_ros/cmake/camera_rosConfig.cmake
[7.638s] -- Up-to-date: /home/ubuntu/ros2_ws/install/camera_ros/share/camera_ros/cmake/camera_rosConfig-version.cmake
[7.639s] -- Up-to-date: /home/ubuntu/ros2_ws/install/camera_ros/share/camera_ros/package.xml
[7.838s] Invoked command in '/home/ubuntu/ros2_ws/build/camera_ros' returned '0': CMAKE_PREFIX_PATH=${CMAKE_PREFIX_PATH}:/home/ubuntu/ros2_ws/install/my_package:/home/ubuntu/turtlebot3_ws/install/turtlebot3_teleop:/home/ubuntu/turtlebot3_ws/install/turtlebot3_example:/opt/ros/humble /usr/bin/cmake --install /home/ubuntu/ros2_ws/build/camera_ros
