[0.288s] Invoking command in '/home/ubuntu/ros2_ws/build/camera_ros': CMAKE_PREFIX_PATH=${CMAKE_PREFIX_PATH}:/home/ubuntu/ros2_ws/install/my_package:/home/ubuntu/turtlebot3_ws/install/turtlebot3_teleop:/home/ubuntu/turtlebot3_ws/install/turtlebot3_example:/opt/ros/humble /usr/bin/cmake --build /home/ubuntu/ros2_ws/build/camera_ros -- -j4 -l4
[3.444s] [ 58%] Built target camera_node
[3.451s] [ 83%] Built target utils
[3.461s] [100%] Built target camera_component
[6.693s] Invoked command in '/home/ubuntu/ros2_ws/build/camera_ros' returned '0': CMAKE_PREFIX_PATH=${CMAKE_PREFIX_PATH}:/home/ubuntu/ros2_ws/install/my_package:/home/ubuntu/turtlebot3_ws/install/turtlebot3_teleop:/home/ubuntu/turtlebot3_ws/install/turtlebot3_example:/opt/ros/humble /usr/bin/cmake --build /home/ubuntu/ros2_ws/build/camera_ros -- -j4 -l4
[7.508s] Invoking command in '/home/ubuntu/ros2_ws/build/camera_ros': CMAKE_PREFIX_PATH=${CMAKE_PREFIX_PATH}:/home/ubuntu/ros2_ws/install/my_package:/home/ubuntu/turtlebot3_ws/install/turtlebot3_teleop:/home/ubuntu/turtlebot3_ws/install/turtlebot3_example:/opt/ros/humble /usr/bin/cmake --install /home/ubuntu/ros2_ws/build/camera_ros
[7.612s] -- Install configuration: ""
[7.618s] -- Up-to-date: /home/ubuntu/ros2_ws/install/camera_ros/lib/camera_ros/camera_node
[7.626s] -- Up-to-date: /home/ubuntu/ros2_ws/install/camera_ros/lib/libcamera_component.so
[7.633s] -- Up-to-date: /home/ubuntu/ros2_ws/install/camera_ros/share/camera_ros//launch
[7.636s] -- Up-to-date: /home/ubuntu/ros2_ws/install/camera_ros/share/camera_ros//launch/camera.launch.py
[7.642s] -- Up-to-date: /home/ubuntu/ros2_ws/install/camera_ros/share/ament_index/resource_index/package_run_dependencies/camera_ros
[7.644s] -- Up-to-date: /home/ubuntu/ros2_ws/install/camera_ros/share/ament_index/resource_index/parent_prefix_path/camera_ros
[7.649s] -- Up-to-date: /home/ubuntu/ros2_ws/install/camera_ros/share/camera_ros/environment/ament_prefix_path.sh
[7.654s] -- Up-to-date: /home/ubuntu/ros2_ws/install/camera_ros/share/camera_ros/environment/ament_prefix_path.dsv
[7.661s] -- Up-to-date: /home/ubuntu/ros2_ws/install/camera_ros/share/camera_ros/environment/path.sh
[7.662s] -- Up-to-date: /home/ubuntu/ros2_ws/install/camera_ros/share/camera_ros/environment/path.dsv
[7.664s] -- Up-to-date: /home/ubuntu/ros2_ws/install/camera_ros/share/camera_ros/local_setup.bash
[7.689s] -- Up-to-date: /home/ubuntu/ros2_ws/install/camera_ros/share/camera_ros/local_setup.sh
[7.690s] -- Up-to-date: /home/ubuntu/ros2_ws/install/camera_ros/share/camera_ros/local_setup.zsh
[7.692s] -- Up-to-date: /home/ubuntu/ros2_ws/install/camera_ros/share/camera_ros/local_setup.dsv
[7.694s] -- Installing: /home/ubuntu/ros2_ws/install/camera_ros/share/camera_ros/package.dsv
[7.706s] -- Up-to-date: /home/ubuntu/ros2_ws/install/camera_ros/share/ament_index/resource_index/packages/camera_ros
[7.734s] -- Up-to-date: /home/ubuntu/ros2_ws/install/camera_ros/share/ament_index/resource_index/rclcpp_components/camera_ros
[7.754s] -- Up-to-date: /home/ubuntu/ros2_ws/install/camera_ros/share/camera_ros/cmake/camera_rosConfig.cmake
[7.755s] -- Up-to-date: /home/ubuntu/ros2_ws/install/camera_ros/share/camera_ros/cmake/camera_rosConfig-version.cmake
[7.757s] -- Up-to-date: /home/ubuntu/ros2_ws/install/camera_ros/share/camera_ros/package.xml
[7.763s] Invoked command in '/home/ubuntu/ros2_ws/build/camera_ros' returned '0': CMAKE_PREFIX_PATH=${CMAKE_PREFIX_PATH}:/home/ubuntu/ros2_ws/install/my_package:/home/ubuntu/turtlebot3_ws/install/turtlebot3_teleop:/home/ubuntu/turtlebot3_ws/install/turtlebot3_example:/opt/ros/humble /usr/bin/cmake --install /home/ubuntu/ros2_ws/build/camera_ros
