[2.516s] DEBUG:colcon:Command line arguments: ['/usr/bin/colcon', 'build', '--packages-select', 'turtlebot_test']
[2.517s] DEBUG:colcon:Parsed command line arguments: Namespace(log_base=None, log_level=None, verb_name='build', build_base='build', install_base='install', merge_install=False, symlink_install=False, test_result_base=None, continue_on_error=False, executor='parallel', parallel_workers=4, event_handlers=None, ignore_user_meta=False, metas=['./colcon.meta'], base_paths=['.'], packages_ignore=None, packages_ignore_regex=None, paths=None, packages_up_to=None, packages_up_to_regex=None, packages_above=None, packages_above_and_dependencies=None, packages_above_depth=None, packages_select_by_dep=None, packages_skip_by_dep=None, packages_skip_up_to=None, packages_select_build_failed=False, packages_skip_build_finished=False, packages_select_test_failures=False, packages_skip_test_passed=False, packages_select=['turtlebot_test'], packages_skip=None, packages_select_regex=None, packages_skip_regex=None, packages_start=None, packages_end=None, allow_overriding=[], cmake_args=None, cmake_target=None, cmake_target_skip_unavailable=False, cmake_clean_cache=False, cmake_clean_first=False, cmake_force_configure=False, ament_cmake_args=None, catkin_cmake_args=None, catkin_skip_building_tests=False, mixin_files=None, mixin=None, verb_parser=<colcon_mixin.mixin.mixin_argument.MixinArgumentDecorator object at 0xffffa69d1ae0>, verb_extension=<colcon_core.verb.build.BuildVerb object at 0xffffa6b16200>, main=<bound method BuildVerb.main of <colcon_core.verb.build.BuildVerb object at 0xffffa6b16200>>, mixin_verb=('build',))
[5.863s] Level 1:colcon.colcon_core.package_discovery:discover_packages(colcon_meta) check parameters
[5.864s] Level 1:colcon.colcon_core.package_discovery:discover_packages(recursive) check parameters
[5.865s] Level 1:colcon.colcon_core.package_discovery:discover_packages(ignore) check parameters
[5.865s] Level 1:colcon.colcon_core.package_discovery:discover_packages(path) check parameters
[5.866s] Level 1:colcon.colcon_core.package_discovery:discover_packages(colcon_meta) discover
[5.867s] Level 1:colcon.colcon_core.package_discovery:discover_packages(recursive) discover
[5.867s] INFO:colcon.colcon_core.package_discovery:Crawling recursively for packages in '/home/ubuntu/ros2_ws'
[5.869s] Level 1:colcon.colcon_core.package_identification:_identify(.) by extensions ['ignore', 'ignore_ament_install']
[5.871s] Level 1:colcon.colcon_core.package_identification:_identify(.) by extension 'ignore'
[5.872s] Level 1:colcon.colcon_core.package_identification:_identify(.) by extension 'ignore_ament_install'
[5.873s] Level 1:colcon.colcon_core.package_identification:_identify(.) by extensions ['colcon_pkg']
[5.874s] Level 1:colcon.colcon_core.package_identification:_identify(.) by extension 'colcon_pkg'
[5.874s] Level 1:colcon.colcon_core.package_identification:_identify(.) by extensions ['colcon_meta']
[5.875s] Level 1:colcon.colcon_core.package_identification:_identify(.) by extension 'colcon_meta'
[5.875s] Level 1:colcon.colcon_core.package_identification:_identify(.) by extensions ['ros']
[5.876s] Level 1:colcon.colcon_core.package_identification:_identify(.) by extension 'ros'
[6.041s] Level 1:colcon.colcon_core.package_identification:_identify(.) by extensions ['cmake', 'python']
[6.041s] Level 1:colcon.colcon_core.package_identification:_identify(.) by extension 'cmake'
[6.042s] Level 1:colcon.colcon_core.package_identification:_identify(.) by extension 'python'
[6.043s] Level 1:colcon.colcon_core.package_identification:_identify(.) by extensions ['python_setup_py']
[6.043s] Level 1:colcon.colcon_core.package_identification:_identify(.) by extension 'python_setup_py'
[6.044s] Level 1:colcon.colcon_core.package_identification:_identify(build) by extensions ['ignore', 'ignore_ament_install']
[6.045s] Level 1:colcon.colcon_core.package_identification:_identify(build) by extension 'ignore'
[6.046s] Level 1:colcon.colcon_core.package_identification:_identify(build) ignored
[6.048s] Level 1:colcon.colcon_core.package_identification:_identify(install) by extensions ['ignore', 'ignore_ament_install']
[6.049s] Level 1:colcon.colcon_core.package_identification:_identify(install) by extension 'ignore'
[6.049s] Level 1:colcon.colcon_core.package_identification:_identify(install) ignored
[6.051s] Level 1:colcon.colcon_core.package_identification:_identify(log) by extensions ['ignore', 'ignore_ament_install']
[6.052s] Level 1:colcon.colcon_core.package_identification:_identify(log) by extension 'ignore'
[6.052s] Level 1:colcon.colcon_core.package_identification:_identify(log) ignored
[6.053s] Level 1:colcon.colcon_core.package_identification:_identify(src) by extensions ['ignore', 'ignore_ament_install']
[6.054s] Level 1:colcon.colcon_core.package_identification:_identify(src) by extension 'ignore'
[6.055s] Level 1:colcon.colcon_core.package_identification:_identify(src) by extension 'ignore_ament_install'
[6.056s] Level 1:colcon.colcon_core.package_identification:_identify(src) by extensions ['colcon_pkg']
[6.056s] Level 1:colcon.colcon_core.package_identification:_identify(src) by extension 'colcon_pkg'
[6.057s] Level 1:colcon.colcon_core.package_identification:_identify(src) by extensions ['colcon_meta']
[6.058s] Level 1:colcon.colcon_core.package_identification:_identify(src) by extension 'colcon_meta'
[6.058s] Level 1:colcon.colcon_core.package_identification:_identify(src) by extensions ['ros']
[6.059s] Level 1:colcon.colcon_core.package_identification:_identify(src) by extension 'ros'
[6.060s] Level 1:colcon.colcon_core.package_identification:_identify(src) by extensions ['cmake', 'python']
[6.060s] Level 1:colcon.colcon_core.package_identification:_identify(src) by extension 'cmake'
[6.061s] Level 1:colcon.colcon_core.package_identification:_identify(src) by extension 'python'
[6.061s] Level 1:colcon.colcon_core.package_identification:_identify(src) by extensions ['python_setup_py']
[6.062s] Level 1:colcon.colcon_core.package_identification:_identify(src) by extension 'python_setup_py'
[6.067s] Level 1:colcon.colcon_core.package_identification:_identify(src/camera_ros) by extensions ['ignore', 'ignore_ament_install']
[6.068s] Level 1:colcon.colcon_core.package_identification:_identify(src/camera_ros) by extension 'ignore'
[6.069s] Level 1:colcon.colcon_core.package_identification:_identify(src/camera_ros) by extension 'ignore_ament_install'
[6.070s] Level 1:colcon.colcon_core.package_identification:_identify(src/camera_ros) by extensions ['colcon_pkg']
[6.070s] Level 1:colcon.colcon_core.package_identification:_identify(src/camera_ros) by extension 'colcon_pkg'
[6.071s] Level 1:colcon.colcon_core.package_identification:_identify(src/camera_ros) by extensions ['colcon_meta']
[6.072s] Level 1:colcon.colcon_core.package_identification:_identify(src/camera_ros) by extension 'colcon_meta'
[6.072s] Level 1:colcon.colcon_core.package_identification:_identify(src/camera_ros) by extensions ['ros']
[6.073s] Level 1:colcon.colcon_core.package_identification:_identify(src/camera_ros) by extension 'ros'
[6.117s] DEBUG:colcon.colcon_core.package_identification:Package 'src/camera_ros' with type 'ros.ament_cmake' and name 'camera_ros'
[6.123s] Level 1:colcon.colcon_core.package_identification:_identify(src/samplepackage_turtlebot) by extensions ['ignore', 'ignore_ament_install']
[6.124s] Level 1:colcon.colcon_core.package_identification:_identify(src/samplepackage_turtlebot) by extension 'ignore'
[6.125s] Level 1:colcon.colcon_core.package_identification:_identify(src/samplepackage_turtlebot) by extension 'ignore_ament_install'
[6.126s] Level 1:colcon.colcon_core.package_identification:_identify(src/samplepackage_turtlebot) by extensions ['colcon_pkg']
[6.127s] Level 1:colcon.colcon_core.package_identification:_identify(src/samplepackage_turtlebot) by extension 'colcon_pkg'
[6.128s] Level 1:colcon.colcon_core.package_identification:_identify(src/samplepackage_turtlebot) by extensions ['colcon_meta']
[6.128s] Level 1:colcon.colcon_core.package_identification:_identify(src/samplepackage_turtlebot) by extension 'colcon_meta'
[6.129s] Level 1:colcon.colcon_core.package_identification:_identify(src/samplepackage_turtlebot) by extensions ['ros']
[6.129s] Level 1:colcon.colcon_core.package_identification:_identify(src/samplepackage_turtlebot) by extension 'ros'
[6.147s] DEBUG:colcon.colcon_core.package_identification:Package 'src/samplepackage_turtlebot' with type 'ros.ament_cmake' and name 'samplepackage_turtlebot'
[6.149s] Level 1:colcon.colcon_core.package_identification:_identify(src/self_test) by extensions ['ignore', 'ignore_ament_install']
[6.150s] Level 1:colcon.colcon_core.package_identification:_identify(src/self_test) by extension 'ignore'
[6.151s] Level 1:colcon.colcon_core.package_identification:_identify(src/self_test) by extension 'ignore_ament_install'
[6.152s] Level 1:colcon.colcon_core.package_identification:_identify(src/self_test) by extensions ['colcon_pkg']
[6.153s] Level 1:colcon.colcon_core.package_identification:_identify(src/self_test) by extension 'colcon_pkg'
[6.153s] Level 1:colcon.colcon_core.package_identification:_identify(src/self_test) by extensions ['colcon_meta']
[6.154s] Level 1:colcon.colcon_core.package_identification:_identify(src/self_test) by extension 'colcon_meta'
[6.155s] Level 1:colcon.colcon_core.package_identification:_identify(src/self_test) by extensions ['ros']
[6.155s] Level 1:colcon.colcon_core.package_identification:_identify(src/self_test) by extension 'ros'
[6.164s] DEBUG:colcon.colcon_core.package_identification:Failed to parse potential ROS package manifest in'src/self_test': Error(s) in package 'src/self_test/package.xml':
The manifest contains invalid XML:
mismatched tag: line 23, column 2
[6.165s] Level 1:colcon.colcon_core.package_identification:_identify(src/self_test) by extensions ['cmake', 'python']
[6.166s] Level 1:colcon.colcon_core.package_identification:_identify(src/self_test) by extension 'cmake'
[6.166s] Level 1:colcon.colcon_core.package_identification:_identify(src/self_test) by extension 'python'
[6.172s] DEBUG:colcon.colcon_core.package_identification:Python package in 'src/self_test' passes arguments to the setup() function which requires a different identification extension than 'python'
[6.172s] Level 1:colcon.colcon_core.package_identification:_identify(src/self_test) by extensions ['python_setup_py']
[6.173s] Level 1:colcon.colcon_core.package_identification:_identify(src/self_test) by extension 'python_setup_py'
[8.972s] DEBUG:colcon.colcon_core.package_identification:Package 'src/self_test' with type 'python' and name 'self_test'
[8.973s] Level 1:colcon.colcon_core.package_identification:_identify(src/test_package) by extensions ['ignore', 'ignore_ament_install']
[8.974s] Level 1:colcon.colcon_core.package_identification:_identify(src/test_package) by extension 'ignore'
[8.975s] Level 1:colcon.colcon_core.package_identification:_identify(src/test_package) by extension 'ignore_ament_install'
[8.976s] Level 1:colcon.colcon_core.package_identification:_identify(src/test_package) by extensions ['colcon_pkg']
[8.976s] Level 1:colcon.colcon_core.package_identification:_identify(src/test_package) by extension 'colcon_pkg'
[8.977s] Level 1:colcon.colcon_core.package_identification:_identify(src/test_package) by extensions ['colcon_meta']
[8.977s] Level 1:colcon.colcon_core.package_identification:_identify(src/test_package) by extension 'colcon_meta'
[8.978s] Level 1:colcon.colcon_core.package_identification:_identify(src/test_package) by extensions ['ros']
[8.978s] Level 1:colcon.colcon_core.package_identification:_identify(src/test_package) by extension 'ros'
[8.994s] DEBUG:colcon.colcon_core.package_identification:Failed to parse potential ROS package manifest in'src/test_package': Error(s) in package 'src/test_package/package.xml':
The manifest contains invalid XML:
mismatched tag: line 23, column 2
[8.996s] Level 1:colcon.colcon_core.package_identification:_identify(src/test_package) by extensions ['cmake', 'python']
[8.996s] Level 1:colcon.colcon_core.package_identification:_identify(src/test_package) by extension 'cmake'
[8.997s] Level 1:colcon.colcon_core.package_identification:_identify(src/test_package) by extension 'python'
[9.003s] DEBUG:colcon.colcon_core.package_identification:Python package in 'src/test_package' passes arguments to the setup() function which requires a different identification extension than 'python'
[9.003s] Level 1:colcon.colcon_core.package_identification:_identify(src/test_package) by extensions ['python_setup_py']
[9.004s] Level 1:colcon.colcon_core.package_identification:_identify(src/test_package) by extension 'python_setup_py'
[11.777s] DEBUG:colcon.colcon_core.package_identification:Package 'src/test_package' with type 'python' and name 'test_package'
[11.779s] Level 1:colcon.colcon_core.package_identification:_identify(src/turtlebot_test) by extensions ['ignore', 'ignore_ament_install']
[11.780s] Level 1:colcon.colcon_core.package_identification:_identify(src/turtlebot_test) by extension 'ignore'
[11.781s] Level 1:colcon.colcon_core.package_identification:_identify(src/turtlebot_test) by extension 'ignore_ament_install'
[11.782s] Level 1:colcon.colcon_core.package_identification:_identify(src/turtlebot_test) by extensions ['colcon_pkg']
[11.783s] Level 1:colcon.colcon_core.package_identification:_identify(src/turtlebot_test) by extension 'colcon_pkg'
[11.783s] Level 1:colcon.colcon_core.package_identification:_identify(src/turtlebot_test) by extensions ['colcon_meta']
[11.784s] Level 1:colcon.colcon_core.package_identification:_identify(src/turtlebot_test) by extension 'colcon_meta'
[11.785s] Level 1:colcon.colcon_core.package_identification:_identify(src/turtlebot_test) by extensions ['ros']
[11.785s] Level 1:colcon.colcon_core.package_identification:_identify(src/turtlebot_test) by extension 'ros'
[11.794s] DEBUG:colcon.colcon_core.package_identification:Failed to parse potential ROS package manifest in'src/turtlebot_test': Error(s) in package 'src/turtlebot_test/package.xml':
The manifest contains invalid XML:
mismatched tag: line 23, column 2
[11.795s] Level 1:colcon.colcon_core.package_identification:_identify(src/turtlebot_test) by extensions ['cmake', 'python']
[11.796s] Level 1:colcon.colcon_core.package_identification:_identify(src/turtlebot_test) by extension 'cmake'
[11.797s] Level 1:colcon.colcon_core.package_identification:_identify(src/turtlebot_test) by extension 'python'
[11.802s] DEBUG:colcon.colcon_core.package_identification:Python package in 'src/turtlebot_test' passes arguments to the setup() function which requires a different identification extension than 'python'
[11.802s] Level 1:colcon.colcon_core.package_identification:_identify(src/turtlebot_test) by extensions ['python_setup_py']
[11.803s] Level 1:colcon.colcon_core.package_identification:_identify(src/turtlebot_test) by extension 'python_setup_py'
[14.576s] DEBUG:colcon.colcon_core.package_identification:Package 'src/turtlebot_test' with type 'python' and name 'turtlebot_test'
[14.577s] Level 1:colcon.colcon_core.package_discovery:discover_packages(recursive) using defaults
[14.578s] Level 1:colcon.colcon_core.package_discovery:discover_packages(ignore) discover
[14.578s] Level 1:colcon.colcon_core.package_discovery:discover_packages(ignore) using defaults
[14.578s] Level 1:colcon.colcon_core.package_discovery:discover_packages(path) discover
[14.579s] Level 1:colcon.colcon_core.package_discovery:discover_packages(path) using defaults
[14.910s] INFO:colcon.colcon_core.package_selection:Skipping not selected package 'camera_ros' in 'src/camera_ros'
[14.911s] INFO:colcon.colcon_core.package_selection:Skipping not selected package 'samplepackage_turtlebot' in 'src/samplepackage_turtlebot'
[14.912s] INFO:colcon.colcon_core.package_selection:Skipping not selected package 'self_test' in 'src/self_test'
[14.912s] INFO:colcon.colcon_core.package_selection:Skipping not selected package 'test_package' in 'src/test_package'
[14.920s] Level 1:colcon.colcon_core.package_discovery:discover_packages(prefix_path) check parameters
[14.921s] Level 1:colcon.colcon_core.package_discovery:discover_packages(prefix_path) discover
[14.939s] WARNING:colcon.colcon_core.prefix_path.colcon:The path '/home/ubuntu/ros2_ws/src/install' in the environment variable COLCON_PREFIX_PATH doesn't exist
[14.942s] WARNING:colcon.colcon_ros.prefix_path.ament:The path '/home/ubuntu/ros2_ws/src/install/test_package' in the environment variable AMENT_PREFIX_PATH doesn't exist
[14.991s] DEBUG:colcon.colcon_installed_package_information.package_discovery:Found 6 installed packages in /home/ubuntu/ros2_ws/install
[15.027s] DEBUG:colcon.colcon_installed_package_information.package_discovery:Found 7 installed packages in /home/ubuntu/turtlebot3_ws/install
[15.057s] DEBUG:colcon.colcon_installed_package_information.package_discovery:Found 259 installed packages in /opt/ros/humble
[15.082s] Level 1:colcon.colcon_core.package_discovery:discover_packages(prefix_path) using defaults
[16.010s] Level 5:colcon.colcon_core.verb:set package 'turtlebot_test' build argument 'cmake_args' from command line to 'None'
[16.010s] Level 5:colcon.colcon_core.verb:set package 'turtlebot_test' build argument 'cmake_target' from command line to 'None'
[16.020s] Level 5:colcon.colcon_core.verb:set package 'turtlebot_test' build argument 'cmake_target_skip_unavailable' from command line to 'False'
[16.021s] Level 5:colcon.colcon_core.verb:set package 'turtlebot_test' build argument 'cmake_clean_cache' from command line to 'False'
[16.021s] Level 5:colcon.colcon_core.verb:set package 'turtlebot_test' build argument 'cmake_clean_first' from command line to 'False'
[16.022s] Level 5:colcon.colcon_core.verb:set package 'turtlebot_test' build argument 'cmake_force_configure' from command line to 'False'
[16.022s] Level 5:colcon.colcon_core.verb:set package 'turtlebot_test' build argument 'ament_cmake_args' from command line to 'None'
[16.022s] Level 5:colcon.colcon_core.verb:set package 'turtlebot_test' build argument 'catkin_cmake_args' from command line to 'None'
[16.023s] Level 5:colcon.colcon_core.verb:set package 'turtlebot_test' build argument 'catkin_skip_building_tests' from command line to 'False'
[16.023s] DEBUG:colcon.colcon_core.verb:Building package 'turtlebot_test' with the following arguments: {'ament_cmake_args': None, 'build_base': '/home/ubuntu/ros2_ws/build/turtlebot_test', 'catkin_cmake_args': None, 'catkin_skip_building_tests': False, 'cmake_args': None, 'cmake_clean_cache': False, 'cmake_clean_first': False, 'cmake_force_configure': False, 'cmake_target': None, 'cmake_target_skip_unavailable': False, 'install_base': '/home/ubuntu/ros2_ws/install/turtlebot_test', 'merge_install': False, 'path': '/home/ubuntu/ros2_ws/src/turtlebot_test', 'symlink_install': False, 'test_result_base': None}
[16.025s] INFO:colcon.colcon_core.executor:Executing jobs using 'parallel' executor
[16.034s] DEBUG:colcon.colcon_parallel_executor.executor.parallel:run_until_complete
[16.036s] INFO:colcon.colcon_core.task.python.build:Building Python package in '/home/ubuntu/ros2_ws/src/turtlebot_test'
[16.086s] INFO:colcon.colcon_core.plugin_system:Skipping extension 'colcon_core.shell.bat': Not used on non-Windows systems
[16.089s] INFO:colcon.colcon_core.shell:Skip shell extension 'powershell' for command environment: Not usable outside of PowerShell
[16.089s] DEBUG:colcon.colcon_core.shell:Skip shell extension 'dsv' for command environment
[24.243s] DEBUG:colcon.colcon_core.event_handler.log_command:Invoking command in '/home/ubuntu/ros2_ws/src/turtlebot_test': PYTHONPATH=/home/ubuntu/ros2_ws/build/turtlebot_test/prefix_override:/home/ubuntu/ros2_ws/install/turtlebot_test/lib/python3.10/site-packages:${PYTHONPATH} /usr/bin/python3 -W ignore:setup.py install is deprecated setup.py egg_info --egg-base ../../build/turtlebot_test build --build-base /home/ubuntu/ros2_ws/build/turtlebot_test/build install --record /home/ubuntu/ros2_ws/build/turtlebot_test/install.log --single-version-externally-managed install_data
[27.608s] DEBUG:colcon.colcon_core.event_handler.log_command:Invoked command in '/home/ubuntu/ros2_ws/src/turtlebot_test' returned '0': PYTHONPATH=/home/ubuntu/ros2_ws/build/turtlebot_test/prefix_override:/home/ubuntu/ros2_ws/install/turtlebot_test/lib/python3.10/site-packages:${PYTHONPATH} /usr/bin/python3 -W ignore:setup.py install is deprecated setup.py egg_info --egg-base ../../build/turtlebot_test build --build-base /home/ubuntu/ros2_ws/build/turtlebot_test/build install --record /home/ubuntu/ros2_ws/build/turtlebot_test/install.log --single-version-externally-managed install_data
[27.667s] Level 1:colcon.colcon_core.environment:checking '/home/ubuntu/ros2_ws/install/turtlebot_test' for CMake module files
[27.675s] Level 1:colcon.colcon_core.environment:checking '/home/ubuntu/ros2_ws/install/turtlebot_test' for CMake config files
[27.690s] Level 1:colcon.colcon_core.environment:checking '/home/ubuntu/ros2_ws/install/turtlebot_test/lib'
[27.692s] Level 1:colcon.colcon_core.environment:checking '/home/ubuntu/ros2_ws/install/turtlebot_test/bin'
[27.693s] Level 1:colcon.colcon_core.environment:checking '/home/ubuntu/ros2_ws/install/turtlebot_test/lib/pkgconfig/turtlebot_test.pc'
[27.696s] Level 1:colcon.colcon_core.environment:checking '/home/ubuntu/ros2_ws/install/turtlebot_test/lib/python3.10/site-packages'
[27.697s] Level 1:colcon.colcon_core.shell:create_environment_hook('turtlebot_test', 'pythonpath')
[27.699s] INFO:colcon.colcon_core.shell:Creating environment hook '/home/ubuntu/ros2_ws/install/turtlebot_test/share/turtlebot_test/hook/pythonpath.ps1'
[27.709s] INFO:colcon.colcon_core.shell:Creating environment descriptor '/home/ubuntu/ros2_ws/install/turtlebot_test/share/turtlebot_test/hook/pythonpath.dsv'
[27.723s] INFO:colcon.colcon_core.shell:Creating environment hook '/home/ubuntu/ros2_ws/install/turtlebot_test/share/turtlebot_test/hook/pythonpath.sh'
[27.738s] Level 1:colcon.colcon_core.environment:checking '/home/ubuntu/ros2_ws/install/turtlebot_test/bin'
[27.739s] Level 1:colcon.colcon_core.environment:create_environment_scripts_only(turtlebot_test)
[27.742s] INFO:colcon.colcon_core.shell:Creating package script '/home/ubuntu/ros2_ws/install/turtlebot_test/share/turtlebot_test/package.ps1'
[27.755s] INFO:colcon.colcon_core.shell:Creating package descriptor '/home/ubuntu/ros2_ws/install/turtlebot_test/share/turtlebot_test/package.dsv'
[27.768s] INFO:colcon.colcon_core.shell:Creating package script '/home/ubuntu/ros2_ws/install/turtlebot_test/share/turtlebot_test/package.sh'
[27.784s] INFO:colcon.colcon_core.shell:Creating package script '/home/ubuntu/ros2_ws/install/turtlebot_test/share/turtlebot_test/package.bash'
[27.801s] INFO:colcon.colcon_core.shell:Creating package script '/home/ubuntu/ros2_ws/install/turtlebot_test/share/turtlebot_test/package.zsh'
[27.816s] Level 1:colcon.colcon_core.environment:create_file_with_runtime_dependencies(/home/ubuntu/ros2_ws/install/turtlebot_test/share/colcon-core/packages/turtlebot_test)
[27.820s] DEBUG:colcon.colcon_parallel_executor.executor.parallel:closing loop
[27.824s] DEBUG:colcon.colcon_parallel_executor.executor.parallel:loop closed
[27.824s] DEBUG:colcon.colcon_parallel_executor.executor.parallel:run_until_complete finished with '0'
[27.825s] DEBUG:colcon.colcon_core.event_reactor:joining thread
[27.924s] INFO:colcon.colcon_core.plugin_system:Skipping extension 'colcon_notification.desktop_notification.notify_send': Could not find 'notify-send'
[27.926s] INFO:colcon.colcon_core.plugin_system:Skipping extension 'colcon_notification.desktop_notification.terminal_notifier': Not used on non-Darwin systems
[27.927s] INFO:colcon.colcon_core.plugin_system:Skipping extension 'colcon_notification.desktop_notification.win32': Not used on non-Windows systems
[27.927s] INFO:colcon.colcon_notification.desktop_notification:Sending desktop notification using 'notify2'
[27.935s] DEBUG:colcon.colcon_notification.desktop_notification.notify2:Failed to initialize notify2: org.freedesktop.DBus.Error.ServiceUnknown: The name org.freedesktop.Notifications was not provided by any .service files
[27.936s] DEBUG:colcon.colcon_core.event_reactor:joined thread
[27.939s] INFO:colcon.colcon_core.shell:Creating prefix script '/home/ubuntu/ros2_ws/install/local_setup.ps1'
[27.952s] INFO:colcon.colcon_core.shell:Creating prefix util module '/home/ubuntu/ros2_ws/install/_local_setup_util_ps1.py'
[27.979s] INFO:colcon.colcon_core.shell:Creating prefix chain script '/home/ubuntu/ros2_ws/install/setup.ps1'
[27.996s] INFO:colcon.colcon_core.shell:Creating prefix script '/home/ubuntu/ros2_ws/install/local_setup.sh'
[28.009s] INFO:colcon.colcon_core.shell:Creating prefix util module '/home/ubuntu/ros2_ws/install/_local_setup_util_sh.py'
[28.015s] INFO:colcon.colcon_core.shell:Creating prefix chain script '/home/ubuntu/ros2_ws/install/setup.sh'
[28.037s] INFO:colcon.colcon_core.shell:Creating prefix script '/home/ubuntu/ros2_ws/install/local_setup.bash'
[28.049s] INFO:colcon.colcon_core.shell:Creating prefix chain script '/home/ubuntu/ros2_ws/install/setup.bash'
[28.071s] INFO:colcon.colcon_core.shell:Creating prefix script '/home/ubuntu/ros2_ws/install/local_setup.zsh'
[28.087s] INFO:colcon.colcon_core.shell:Creating prefix chain script '/home/ubuntu/ros2_ws/install/setup.zsh'
