[33mCMake Warning (dev) at /usr/share/cmake-3.22/Modules/FindPackageHandleStandardArgs.cmake:438 (message):
  The package name passed to `find_package_handle_standard_args` (PkgConfig)
  does not match the name of the calling package (gazebo).  This can lead to
  problems in calling code that expects `find_package` result variables
  (e.g., `_FOUND`) to follow a certain pattern.
Call Stack (most recent call first):
  /usr/share/cmake-3.22/Modules/FindPkgConfig.cmake:99 (find_package_handle_standard_args)
  /usr/lib/x86_64-linux-gnu/cmake/gazebo/gazebo-config.cmake:72 (include)
  CMakeLists.txt:23 (find_package)
This warning is for project developers.  Use -Wno-dev to suppress it.
[0m
[01m[K/home/jestin/SegFault/tb_ws/src/turtlebot3_simulations/turtlebot3_gazebo/src/turtlebot3_drive.cpp:[m[K In constructor ‘[01m[KTurtlebot3Drive::Turtlebot3Drive()[m[K’:
[01m[K/home/jestin/SegFault/tb_ws/src/turtlebot3_simulations/turtlebot3_gazebo/src/turtlebot3_drive.cpp:32:8:[m[K [01;35m[Kwarning: [m[Kvariable ‘[01m[Kqos[m[K’ set but not used [[01;35m[K]8;;https://gcc.gnu.org/onlinedocs/gcc/Warning-Options.html#index-Wunused-but-set-variable-Wunused-but-set-variable]8;;[m[K]
   32 |   auto [01;35m[Kqos[m[K = rclcpp::QoS(rclcpp::KeepLast(10));
      |        [01;35m[K^~~[m[K
/usr/bin/ld: CMakeFiles/turtlebot3_drive.dir/src/turtlebot3_drive.cpp.o: in function `Turtlebot3Drive::Turtlebot3Drive()':
turtlebot3_drive.cpp:(.text+0x10a): undefined reference to `CDriver::CDriver()'
/usr/bin/ld: turtlebot3_drive.cpp:(.text+0x11f): undefined reference to `COdometer::COdometer()'
/usr/bin/ld: turtlebot3_drive.cpp:(.text+0x134): undefined reference to `CLidar::CLidar()'
/usr/bin/ld: turtlebot3_drive.cpp:(.text+0x149): undefined reference to `CCamera::CCamera()'
/usr/bin/ld: turtlebot3_drive.cpp:(.text+0x1d0): undefined reference to `Turtlebot3Drive::update_callback()'
/usr/bin/ld: turtlebot3_drive.cpp:(.text+0x4a6): undefined reference to `CCamera::~CCamera()'
/usr/bin/ld: turtlebot3_drive.cpp:(.text+0x4c4): undefined reference to `CLidar::~CLidar()'
/usr/bin/ld: turtlebot3_drive.cpp:(.text+0x4e2): undefined reference to `COdometer::~COdometer()'
/usr/bin/ld: turtlebot3_drive.cpp:(.text+0x500): undefined reference to `CDriver::~CDriver()'
/usr/bin/ld: CMakeFiles/turtlebot3_drive.dir/src/turtlebot3_drive.cpp.o: in function `Turtlebot3Drive::~Turtlebot3Drive()':
turtlebot3_drive.cpp:(.text+0x5a1): undefined reference to `CDriver::update_cmd_vel(double, double)'
/usr/bin/ld: turtlebot3_drive.cpp:(.text+0x736): undefined reference to `CCamera::~CCamera()'
/usr/bin/ld: turtlebot3_drive.cpp:(.text+0x74b): undefined reference to `CLidar::~CLidar()'
/usr/bin/ld: turtlebot3_drive.cpp:(.text+0x760): undefined reference to `COdometer::~COdometer()'
/usr/bin/ld: turtlebot3_drive.cpp:(.text+0x775): undefined reference to `CDriver::~CDriver()'
collect2: error: ld returned 1 exit status
gmake[2]: *** [CMakeFiles/turtlebot3_drive.dir/build.make:208: turtlebot3_drive] Error 1
gmake[1]: *** [CMakeFiles/Makefile2:143: CMakeFiles/turtlebot3_drive.dir/all] Error 2
gmake[1]: *** Waiting for unfinished jobs....
gmake: *** [Makefile:146: all] Error 2
