[0.007s] Invoking command in '/home/jestin/SegFault/tb_ws/build/turtlebot3_gazebo': CMAKE_PREFIX_PATH=${CMAKE_PREFIX_PATH}:/opt/ros/humble /usr/bin/cmake /home/jestin/SegFault/tb_ws/src/turtlebot3_simulations/turtlebot3_gazebo -DCMAKE_INSTALL_PREFIX=/home/jestin/SegFault/tb_ws/install/turtlebot3_gazebo
[0.119s] -- The C compiler identification is GNU 11.4.0
[0.220s] -- The CXX compiler identification is GNU 11.4.0
[0.233s] -- Detecting C compiler ABI info
[0.296s] -- Detecting C compiler ABI info - done
[0.305s] -- Check for working C compiler: /usr/bin/cc - skipped
[0.306s] -- Detecting C compile features
[0.306s] -- Detecting C compile features - done
[0.309s] -- Detecting CXX compiler ABI info
[0.375s] -- Detecting CXX compiler ABI info - done
[0.380s] -- Check for working CXX compiler: /usr/bin/c++ - skipped
[0.381s] -- Detecting CXX compile features
[0.381s] -- Detecting CXX compile features - done
[0.386s] -- Found ament_cmake: 1.3.10 (/opt/ros/humble/share/ament_cmake/cmake)
[0.504s] -- Found Python3: /usr/bin/python3 (found version "3.10.12") found components: Interpreter 
[0.612s] [33mCMake Warning (dev) at /usr/share/cmake-3.22/Modules/FindPackageHandleStandardArgs.cmake:438 (message):
[0.612s]   The package name passed to `find_package_handle_standard_args` (PkgConfig)
[0.612s]   does not match the name of the calling package (gazebo).  This can lead to
[0.612s]   problems in calling code that expects `find_package` result variables
[0.612s]   (e.g., `_FOUND`) to follow a certain pattern.
[0.612s] Call Stack (most recent call first):
[0.612s]   /usr/share/cmake-3.22/Modules/FindPkgConfig.cmake:99 (find_package_handle_standard_args)
[0.612s]   /usr/lib/x86_64-linux-gnu/cmake/gazebo/gazebo-config.cmake:72 (include)
[0.612s]   CMakeLists.txt:23 (find_package)
[0.612s] This warning is for project developers.  Use -Wno-dev to suppress it.
[0.612s] [0m
[0.612s] -- Found PkgConfig: /usr/bin/pkg-config (found version "0.29.2") 
[0.616s] -- Checking for module 'bullet>=2.82'
[0.627s] --   Found bullet, version 3.05
[0.710s] -- Found fcl: /usr/include (found suitable version "0.7.0", minimum required is "0.5.0") 
[0.747s] -- Found assimp: /usr/include (found version "5.2.0") 
[0.774s] -- Found DART: /usr/include (Required is at least version "6.6") found components: dart 
[0.914s] -- Found Boost: /usr/lib/x86_64-linux-gnu/cmake/Boost-1.74.0/BoostConfig.cmake (found suitable version "1.74.0", minimum required is "1.40.0") found components: thread system filesystem program_options regex iostreams date_time 
[0.940s] -- Found Protobuf: /usr/lib/x86_64-linux-gnu/libprotobuf.so (found version "3.12.4") 
[0.948s] -- Looking for ignition-math6 -- found version 6.15.1
[0.958s] -- Searching for dependencies of ignition-math6
[0.961s] -- Looking for OGRE...
[0.961s] -- OGRE_PREFIX_WATCH changed.
[0.966s] -- Checking for module 'OGRE'
[0.975s] --   Found OGRE, version 1.9.0
[0.995s] -- Found Ogre Ghadamon (1.9.0)
[1.003s] -- Found OGRE: optimized;/usr/lib/x86_64-linux-gnu/libOgreMain.so;debug;/usr/lib/x86_64-linux-gnu/libOgreMain.so
[1.010s] -- Looking for OGRE_Paging...
[1.015s] -- Found OGRE_Paging: optimized;/usr/lib/x86_64-linux-gnu/libOgrePaging.so;debug;/usr/lib/x86_64-linux-gnu/libOgrePaging.so
[1.015s] -- Looking for OGRE_Terrain...
[1.018s] -- Found OGRE_Terrain: optimized;/usr/lib/x86_64-linux-gnu/libOgreTerrain.so;debug;/usr/lib/x86_64-linux-gnu/libOgreTerrain.so
[1.019s] -- Looking for OGRE_Property...
[1.023s] -- Found OGRE_Property: optimized;/usr/lib/x86_64-linux-gnu/libOgreProperty.so;debug;/usr/lib/x86_64-linux-gnu/libOgreProperty.so
[1.023s] -- Looking for OGRE_RTShaderSystem...
[1.030s] -- Found OGRE_RTShaderSystem: optimized;/usr/lib/x86_64-linux-gnu/libOgreRTShaderSystem.so;debug;/usr/lib/x86_64-linux-gnu/libOgreRTShaderSystem.so
[1.031s] -- Looking for OGRE_Volume...
[1.035s] -- Found OGRE_Volume: optimized;/usr/lib/x86_64-linux-gnu/libOgreVolume.so;debug;/usr/lib/x86_64-linux-gnu/libOgreVolume.so
[1.035s] -- Looking for OGRE_Overlay...
[1.039s] -- Found OGRE_Overlay: optimized;/usr/lib/x86_64-linux-gnu/libOgreOverlay.so;debug;/usr/lib/x86_64-linux-gnu/libOgreOverlay.so
[1.123s] -- Looking for ignition-math6 -- found version 6.15.1
[1.126s] -- Looking for ignition-transport8 -- found version 8.2.1
[1.126s] -- Searching for dependencies of ignition-transport8
[1.140s] -- Found Protobuf: /usr/lib/x86_64-linux-gnu/libprotobuf.so (found suitable version "3.12.4", minimum required is "3") 
[1.149s] -- Config-file not installed for ZeroMQ -- checking for pkg-config
[1.152s] -- Checking for module 'libzmq >= 4'
[1.162s] --   Found libzmq , version 4.3.4
[1.186s] -- Found ZeroMQ: TRUE (Required is at least version "4") 
[1.190s] -- Checking for module 'uuid'
[1.198s] --   Found uuid, version 2.37.2
[1.218s] -- Found UUID: TRUE  
[1.221s] -- Looking for ignition-msgs5 -- found version 5.8.1
[1.221s] -- Searching for dependencies of ignition-msgs5
[1.236s] -- Looking for ignition-math6 -- found version 6.15.1
[1.240s] -- Checking for module 'tinyxml2'
[1.250s] --   Found tinyxml2, version 9.0.0
[1.271s] -- Looking for ignition-msgs5 -- found version 5.8.1
[1.273s] -- Looking for ignition-common3 -- found version 3.14.0
[1.274s] -- Searching for dependencies of ignition-common3
[1.274s] -- Looking for dlfcn.h - found
[1.275s] -- Looking for libdl - found
[1.276s] -- Found DL: TRUE  
[1.286s] -- Found tinyobjloader: /usr/lib/x86_64-linux-gnu/cmake/tinyobjloader/tinyobjloader-config.cmake (found version "2.0.0") 
[1.286s] -- Searching for <ignition-common3> component [graphics]
[1.289s] -- Looking for ignition-common3-graphics -- found version 3.14.0
[1.289s] -- Searching for dependencies of ignition-common3-graphics
[1.289s] -- Looking for ignition-math6 -- found version 6.15.1
[1.292s] -- Looking for ignition-fuel_tools4 -- found version 4.4.0
[1.293s] -- Searching for dependencies of ignition-fuel_tools4
[1.354s] -- Found CURL: /usr/lib/x86_64-linux-gnu/libcurl.so (found version "7.81.0")  
[1.362s] -- Checking for module 'jsoncpp'
[1.370s] --   Found jsoncpp, version 1.9.5
[1.391s] -- Found JSONCPP: TRUE  
[1.396s] -- Checking for module 'libzip'
[1.404s] --   Found libzip, version 1.7.3
[1.424s] -- Found ZIP: TRUE  
[1.425s] -- Looking for ignition-common3 -- found version 3.14.0
[1.425s] -- Looking for ignition-math6 -- found version 6.15.1
[1.425s] -- Looking for ignition-msgs5 -- found version 5.8.1
[1.431s] -- Found gazebo_ros_pkgs: 3.7.0 (/opt/ros/humble/share/gazebo_ros_pkgs/cmake)
[1.433s] -- Found geometry_msgs: 4.2.4 (/opt/ros/humble/share/geometry_msgs/cmake)
[1.456s] -- Found rosidl_generator_c: 3.1.5 (/opt/ros/humble/share/rosidl_generator_c/cmake)
[1.460s] -- Found rosidl_adapter: 3.1.5 (/opt/ros/humble/share/rosidl_adapter/cmake)
[1.467s] -- Found rosidl_generator_cpp: 3.1.5 (/opt/ros/humble/share/rosidl_generator_cpp/cmake)
[1.476s] -- Using all available rosidl_typesupport_c: rosidl_typesupport_fastrtps_c;rosidl_typesupport_introspection_c
[1.489s] -- Using all available rosidl_typesupport_cpp: rosidl_typesupport_fastrtps_cpp;rosidl_typesupport_introspection_cpp
[1.517s] -- Found nav_msgs: 4.2.4 (/opt/ros/humble/share/nav_msgs/cmake)
[1.530s] -- Found rclcpp: 16.0.10 (/opt/ros/humble/share/rclcpp/cmake)
[1.571s] -- Found rmw_implementation_cmake: 6.1.2 (/opt/ros/humble/share/rmw_implementation_cmake/cmake)
[1.573s] -- Found rmw_fastrtps_cpp: 6.2.7 (/opt/ros/humble/share/rmw_fastrtps_cpp/cmake)
[1.643s] -- Found OpenSSL: /usr/lib/x86_64-linux-gnu/libcrypto.so (found version "3.0.2")  
[1.662s] -- Found FastRTPS: /opt/ros/humble/include  
[1.694s] -- Using RMW implementation 'rmw_fastrtps_cpp' as default
[1.701s] -- Found Threads: TRUE  
[1.731s] -- Found sensor_msgs: 4.2.4 (/opt/ros/humble/share/sensor_msgs/cmake)
[1.744s] -- Found tf2: 0.25.7 (/opt/ros/humble/share/tf2/cmake)
[1.753s] -- Found visualization_msgs: 4.2.4 (/opt/ros/humble/share/visualization_msgs/cmake)
[1.774s] -- Found gazebo_msgs: 3.7.0 (/opt/ros/humble/share/gazebo_msgs/cmake)
[1.864s] -- Configuring done
[1.910s] -- Generating done
[1.912s] -- Build files have been written to: /home/jestin/SegFault/tb_ws/build/turtlebot3_gazebo
[1.923s] Invoked command in '/home/jestin/SegFault/tb_ws/build/turtlebot3_gazebo' returned '0': CMAKE_PREFIX_PATH=${CMAKE_PREFIX_PATH}:/opt/ros/humble /usr/bin/cmake /home/jestin/SegFault/tb_ws/src/turtlebot3_simulations/turtlebot3_gazebo -DCMAKE_INSTALL_PREFIX=/home/jestin/SegFault/tb_ws/install/turtlebot3_gazebo
[1.925s] Invoking command in '/home/jestin/SegFault/tb_ws/build/turtlebot3_gazebo': CMAKE_PREFIX_PATH=${CMAKE_PREFIX_PATH}:/opt/ros/humble /usr/bin/cmake --build /home/jestin/SegFault/tb_ws/build/turtlebot3_gazebo -- -j8 -l8
[1.964s] [ 12%] [32mBuilding CXX object CMakeFiles/obstacle2.dir/models/turtlebot3_dqn_world/obstacle_plugin/obstacle2.cc.o[0m
[1.965s] [ 25%] [32mBuilding CXX object CMakeFiles/obstacle1.dir/models/turtlebot3_dqn_world/obstacle_plugin/obstacle1.cc.o[0m
[1.965s] [ 37%] [32mBuilding CXX object CMakeFiles/turtlebot3_drive.dir/src/turtlebot3_drive.cpp.o[0m
[1.968s] [ 50%] [32mBuilding CXX object CMakeFiles/obstacles.dir/models/turtlebot3_dqn_world/obstacle_plugin/obstacles.cc.o[0m
[4.355s] [01m[K/home/jestin/SegFault/tb_ws/src/turtlebot3_simulations/turtlebot3_gazebo/src/turtlebot3_drive.cpp:[m[K In constructor ‘[01m[KTurtlebot3Drive::Turtlebot3Drive()[m[K’:
[4.355s] [01m[K/home/jestin/SegFault/tb_ws/src/turtlebot3_simulations/turtlebot3_gazebo/src/turtlebot3_drive.cpp:32:8:[m[K [01;35m[Kwarning: [m[Kvariable ‘[01m[Kqos[m[K’ set but not used [[01;35m[K]8;;https://gcc.gnu.org/onlinedocs/gcc/Warning-Options.html#index-Wunused-but-set-variable-Wunused-but-set-variable]8;;[m[K]
[4.355s]    32 |   auto [01;35m[Kqos[m[K = rclcpp::QoS(rclcpp::KeepLast(10));
[4.356s]       |        [01;35m[K^~~[m[K
[5.026s] [ 62%] [32m[1mLinking CXX executable turtlebot3_drive[0m
[5.294s] /usr/bin/ld: CMakeFiles/turtlebot3_drive.dir/src/turtlebot3_drive.cpp.o: in function `Turtlebot3Drive::Turtlebot3Drive()':
[5.294s] turtlebot3_drive.cpp:(.text+0x10a): undefined reference to `CDriver::CDriver()'
[5.294s] /usr/bin/ld: turtlebot3_drive.cpp:(.text+0x11f): undefined reference to `COdometer::COdometer()'
[5.294s] /usr/bin/ld: turtlebot3_drive.cpp:(.text+0x134): undefined reference to `CLidar::CLidar()'
[5.294s] /usr/bin/ld: turtlebot3_drive.cpp:(.text+0x149): undefined reference to `CCamera::CCamera()'
[5.294s] /usr/bin/ld: turtlebot3_drive.cpp:(.text+0x1d0): undefined reference to `Turtlebot3Drive::update_callback()'
[5.294s] /usr/bin/ld: turtlebot3_drive.cpp:(.text+0x4a6): undefined reference to `CCamera::~CCamera()'
[5.294s] /usr/bin/ld: turtlebot3_drive.cpp:(.text+0x4c4): undefined reference to `CLidar::~CLidar()'
[5.294s] /usr/bin/ld: turtlebot3_drive.cpp:(.text+0x4e2): undefined reference to `COdometer::~COdometer()'
[5.295s] /usr/bin/ld: turtlebot3_drive.cpp:(.text+0x500): undefined reference to `CDriver::~CDriver()'
[5.295s] /usr/bin/ld: CMakeFiles/turtlebot3_drive.dir/src/turtlebot3_drive.cpp.o: in function `Turtlebot3Drive::~Turtlebot3Drive()':
[5.295s] turtlebot3_drive.cpp:(.text+0x5a1): undefined reference to `CDriver::update_cmd_vel(double, double)'
[5.295s] /usr/bin/ld: turtlebot3_drive.cpp:(.text+0x736): undefined reference to `CCamera::~CCamera()'
[5.295s] /usr/bin/ld: turtlebot3_drive.cpp:(.text+0x74b): undefined reference to `CLidar::~CLidar()'
[5.295s] /usr/bin/ld: turtlebot3_drive.cpp:(.text+0x760): undefined reference to `COdometer::~COdometer()'
[5.295s] /usr/bin/ld: turtlebot3_drive.cpp:(.text+0x775): undefined reference to `CDriver::~CDriver()'
[5.305s] collect2: error: ld returned 1 exit status
[5.307s] gmake[2]: *** [CMakeFiles/turtlebot3_drive.dir/build.make:208: turtlebot3_drive] Error 1
[5.307s] gmake[1]: *** [CMakeFiles/Makefile2:143: CMakeFiles/turtlebot3_drive.dir/all] Error 2
[5.307s] gmake[1]: *** Waiting for unfinished jobs....
[13.088s] [ 75%] [32m[1mLinking CXX shared library libobstacle1.so[0m
[13.104s] [ 87%] [32m[1mLinking CXX shared library libobstacle2.so[0m
[13.149s] [100%] [32m[1mLinking CXX shared library libobstacles.so[0m
[13.449s] [100%] Built target obstacle2
[13.455s] [100%] Built target obstacle1
[13.471s] [100%] Built target obstacles
[13.472s] gmake: *** [Makefile:146: all] Error 2
[13.474s] Invoked command in '/home/jestin/SegFault/tb_ws/build/turtlebot3_gazebo' returned '2': CMAKE_PREFIX_PATH=${CMAKE_PREFIX_PATH}:/opt/ros/humble /usr/bin/cmake --build /home/jestin/SegFault/tb_ws/build/turtlebot3_gazebo -- -j8 -l8
