[0.008s] Invoking command in '/home/jestin/SegFault/tb_ws/build/project2': CMAKE_PREFIX_PATH=/opt/ros/humble /usr/bin/cmake /home/jestin/SegFault/tb_ws/src/project2 -DCMAKE_INSTALL_PREFIX=/home/jestin/SegFault/tb_ws/install/project2
[0.019s] -- Found ament_cmake: 1.3.10 (/opt/ros/humble/share/ament_cmake/cmake)
[0.110s] [33mCMake Warning (dev) at /usr/share/cmake-3.22/Modules/FindPackageHandleStandardArgs.cmake:438 (message):
[0.110s]   The package name passed to `find_package_handle_standard_args` (PkgConfig)
[0.110s]   does not match the name of the calling package (gazebo).  This can lead to
[0.110s]   problems in calling code that expects `find_package` result variables
[0.110s]   (e.g., `_FOUND`) to follow a certain pattern.
[0.110s] Call Stack (most recent call first):
[0.110s]   /usr/share/cmake-3.22/Modules/FindPkgConfig.cmake:99 (find_package_handle_standard_args)
[0.110s]   /usr/lib/x86_64-linux-gnu/cmake/gazebo/gazebo-config.cmake:72 (include)
[0.110s]   CMakeLists.txt:23 (find_package)
[0.110s] This warning is for project developers.  Use -Wno-dev to suppress it.
[0.110s] [0m
[0.129s] -- Found DART: /usr/include (Required is at least version "6.6") found components: dart 
[0.151s] -- Found Protobuf: /usr/lib/x86_64-linux-gnu/libprotobuf.so (found version "3.12.4") 
[0.151s] -- Looking for ignition-math6 -- found version 6.15.1
[0.154s] -- Searching for dependencies of ignition-math6
[0.155s] -- Looking for OGRE...
[0.159s] -- Found Ogre Ghadamon (1.9.0)
[0.159s] -- Found OGRE: optimized;/usr/lib/x86_64-linux-gnu/libOgreMain.so;debug;/usr/lib/x86_64-linux-gnu/libOgreMain.so
[0.166s] -- Looking for OGRE_Paging...
[0.166s] -- Found OGRE_Paging: optimized;/usr/lib/x86_64-linux-gnu/libOgrePaging.so;debug;/usr/lib/x86_64-linux-gnu/libOgrePaging.so
[0.166s] -- Looking for OGRE_Terrain...
[0.167s] -- Found OGRE_Terrain: optimized;/usr/lib/x86_64-linux-gnu/libOgreTerrain.so;debug;/usr/lib/x86_64-linux-gnu/libOgreTerrain.so
[0.167s] -- Looking for OGRE_Property...
[0.167s] -- Found OGRE_Property: optimized;/usr/lib/x86_64-linux-gnu/libOgreProperty.so;debug;/usr/lib/x86_64-linux-gnu/libOgreProperty.so
[0.167s] -- Looking for OGRE_RTShaderSystem...
[0.167s] -- Found OGRE_RTShaderSystem: optimized;/usr/lib/x86_64-linux-gnu/libOgreRTShaderSystem.so;debug;/usr/lib/x86_64-linux-gnu/libOgreRTShaderSystem.so
[0.167s] -- Looking for OGRE_Volume...
[0.167s] -- Found OGRE_Volume: optimized;/usr/lib/x86_64-linux-gnu/libOgreVolume.so;debug;/usr/lib/x86_64-linux-gnu/libOgreVolume.so
[0.167s] -- Looking for OGRE_Overlay...
[0.167s] -- Found OGRE_Overlay: optimized;/usr/lib/x86_64-linux-gnu/libOgreOverlay.so;debug;/usr/lib/x86_64-linux-gnu/libOgreOverlay.so
[0.243s] -- Looking for ignition-math6 -- found version 6.15.1
[0.243s] -- Looking for ignition-transport8 -- found version 8.2.1
[0.243s] -- Searching for dependencies of ignition-transport8
[0.256s] -- Found Protobuf: /usr/lib/x86_64-linux-gnu/libprotobuf.so (found suitable version "3.12.4", minimum required is "3") 
[0.264s] -- Config-file not installed for ZeroMQ -- checking for pkg-config
[0.267s] -- Checking for module 'libzmq >= 4'
[0.275s] --   Found libzmq , version 4.3.4
[0.301s] -- Checking for module 'uuid'
[0.309s] --   Found uuid, version 2.37.2
[0.330s] -- Looking for ignition-msgs5 -- found version 5.8.1
[0.330s] -- Searching for dependencies of ignition-msgs5
[0.346s] -- Looking for ignition-math6 -- found version 6.15.1
[0.349s] -- Checking for module 'tinyxml2'
[0.356s] --   Found tinyxml2, version 9.0.0
[0.378s] -- Looking for ignition-msgs5 -- found version 5.8.1
[0.379s] -- Looking for ignition-common3 -- found version 3.14.0
[0.379s] -- Searching for dependencies of ignition-common3
[0.379s] -- Looking for dlfcn.h - found
[0.379s] -- Looking for libdl - found
[0.388s] -- Searching for <ignition-common3> component [graphics]
[0.388s] -- Looking for ignition-common3-graphics -- found version 3.14.0
[0.388s] -- Searching for dependencies of ignition-common3-graphics
[0.388s] -- Looking for ignition-math6 -- found version 6.15.1
[0.389s] -- Looking for ignition-fuel_tools4 -- found version 4.4.0
[0.389s] -- Searching for dependencies of ignition-fuel_tools4
[0.417s] -- Checking for module 'jsoncpp'
[0.425s] --   Found jsoncpp, version 1.9.5
[0.449s] -- Checking for module 'libzip'
[0.456s] --   Found libzip, version 1.7.3
[0.482s] -- Looking for ignition-common3 -- found version 3.14.0
[0.482s] -- Looking for ignition-math6 -- found version 6.15.1
[0.482s] -- Looking for ignition-msgs5 -- found version 5.8.1
[0.484s] -- Found gazebo_ros_pkgs: 3.7.0 (/opt/ros/humble/share/gazebo_ros_pkgs/cmake)
[0.484s] -- Found geometry_msgs: 4.2.4 (/opt/ros/humble/share/geometry_msgs/cmake)
[0.500s] -- Found rosidl_generator_c: 3.1.5 (/opt/ros/humble/share/rosidl_generator_c/cmake)
[0.502s] -- Found rosidl_adapter: 3.1.5 (/opt/ros/humble/share/rosidl_adapter/cmake)
[0.506s] -- Found rosidl_generator_cpp: 3.1.5 (/opt/ros/humble/share/rosidl_generator_cpp/cmake)
[0.513s] -- Using all available rosidl_typesupport_c: rosidl_typesupport_fastrtps_c;rosidl_typesupport_introspection_c
[0.522s] -- Using all available rosidl_typesupport_cpp: rosidl_typesupport_fastrtps_cpp;rosidl_typesupport_introspection_cpp
[0.547s] -- Found nav_msgs: 4.2.4 (/opt/ros/humble/share/nav_msgs/cmake)
[0.558s] -- Found rclcpp: 16.0.10 (/opt/ros/humble/share/rclcpp/cmake)
[0.575s] -- Found rmw_implementation_cmake: 6.1.2 (/opt/ros/humble/share/rmw_implementation_cmake/cmake)
[0.576s] -- Found rmw_fastrtps_cpp: 6.2.7 (/opt/ros/humble/share/rmw_fastrtps_cpp/cmake)
[0.651s] -- Using RMW implementation 'rmw_fastrtps_cpp' as default
[0.678s] -- Found sensor_msgs: 4.2.4 (/opt/ros/humble/share/sensor_msgs/cmake)
[0.691s] -- Found tf2: 0.25.7 (/opt/ros/humble/share/tf2/cmake)
[0.693s] -- Found visualization_msgs: 4.2.4 (/opt/ros/humble/share/visualization_msgs/cmake)
[0.707s] -- Found gazebo_msgs: 3.7.0 (/opt/ros/humble/share/gazebo_msgs/cmake)
[0.784s] -- Configuring done
[0.787s] [31mCMake Error at CMakeLists.txt:68 (add_library):
[0.787s]   Cannot find source file:
[0.787s] 
[0.787s]     models/turtlebot3_dqn_world/obstacle_plugin/obstacle1.cc
[0.787s] 
[0.787s]   Tried extensions .c .C .c++ .cc .cpp .cxx .cu .mpp .m .M .mm .ixx .cppm .h
[0.787s]   .hh .h++ .hm .hpp .hxx .in .txx .f .F .for .f77 .f90 .f95 .f03 .hip .ispc
[0.787s] 
[0.787s] [0m
[0.787s] [31mCMake Error at CMakeLists.txt:71 (add_library):
[0.787s]   Cannot find source file:
[0.788s] 
[0.788s]     models/turtlebot3_dqn_world/obstacle_plugin/obstacle2.cc
[0.788s] 
[0.788s]   Tried extensions .c .C .c++ .cc .cpp .cxx .cu .mpp .m .M .mm .ixx .cppm .h
[0.788s]   .hh .h++ .hm .hpp .hxx .in .txx .f .F .for .f77 .f90 .f95 .f03 .hip .ispc
[0.788s] 
[0.788s] [0m
[0.788s] [31mCMake Error at CMakeLists.txt:74 (add_library):
[0.788s]   Cannot find source file:
[0.788s] 
[0.788s]     models/turtlebot3_dqn_world/obstacle_plugin/obstacles.cc
[0.788s] 
[0.788s]   Tried extensions .c .C .c++ .cc .cpp .cxx .cu .mpp .m .M .mm .ixx .cppm .h
[0.788s]   .hh .h++ .hm .hpp .hxx .in .txx .f .F .for .f77 .f90 .f95 .f03 .hip .ispc
[0.788s] 
[0.788s] [0m
[0.788s] [31mCMake Error at CMakeLists.txt:68 (add_library):
[0.788s]   No SOURCES given to target: obstacle1
[0.788s] 
[0.788s] [0m
[0.788s] [31mCMake Error at CMakeLists.txt:71 (add_library):
[0.788s]   No SOURCES given to target: obstacle2
[0.788s] 
[0.788s] [0m
[0.789s] [31mCMake Error at CMakeLists.txt:74 (add_library):
[0.789s]   No SOURCES given to target: obstacles
[0.789s] 
[0.789s] [0m
[0.789s] [0mCMake Generate step failed.  Build files cannot be regenerated correctly.[0m
[0.796s] Invoked command in '/home/jestin/SegFault/tb_ws/build/project2' returned '1': CMAKE_PREFIX_PATH=/opt/ros/humble /usr/bin/cmake /home/jestin/SegFault/tb_ws/src/project2 -DCMAKE_INSTALL_PREFIX=/home/jestin/SegFault/tb_ws/install/project2
