[0.011s] Invoking command in '/home/jestin/SegFault/tb_ws/build/project2': CMAKE_PREFIX_PATH=${CMAKE_PREFIX_PATH}:/opt/ros/humble /usr/bin/cmake --build /home/jestin/SegFault/tb_ws/build/project2 -- -j8 -l8
[0.035s] -- Found ament_cmake: 1.3.10 (/opt/ros/humble/share/ament_cmake/cmake)
[0.152s] -- Found rclcpp: 16.0.10 (/opt/ros/humble/share/rclcpp/cmake)
[0.195s] -- Found rosidl_generator_c: 3.1.5 (/opt/ros/humble/share/rosidl_generator_c/cmake)
[0.198s] -- Found rosidl_adapter: 3.1.5 (/opt/ros/humble/share/rosidl_adapter/cmake)
[0.207s] -- Found rosidl_generator_cpp: 3.1.5 (/opt/ros/humble/share/rosidl_generator_cpp/cmake)
[0.220s] -- Using all available rosidl_typesupport_c: rosidl_typesupport_fastrtps_c;rosidl_typesupport_introspection_c
[0.234s] -- Using all available rosidl_typesupport_cpp: rosidl_typesupport_fastrtps_cpp;rosidl_typesupport_introspection_cpp
[0.276s] -- Found rmw_implementation_cmake: 6.1.2 (/opt/ros/humble/share/rmw_implementation_cmake/cmake)
[0.278s] -- Found rmw_fastrtps_cpp: 6.2.7 (/opt/ros/humble/share/rmw_fastrtps_cpp/cmake)
[0.369s] -- Using RMW implementation 'rmw_fastrtps_cpp' as default
[0.435s] [33mCMake Warning (dev) at /usr/share/cmake-3.22/Modules/FindPackageHandleStandardArgs.cmake:438 (message):
[0.435s]   The package name passed to `find_package_handle_standard_args` (PkgConfig)
[0.435s]   does not match the name of the calling package (gazebo).  This can lead to
[0.435s]   problems in calling code that expects `find_package` result variables
[0.435s]   (e.g., `_FOUND`) to follow a certain pattern.
[0.435s] Call Stack (most recent call first):
[0.435s]   /usr/share/cmake-3.22/Modules/FindPkgConfig.cmake:99 (find_package_handle_standard_args)
[0.435s]   /usr/lib/x86_64-linux-gnu/cmake/gazebo/gazebo-config.cmake:72 (include)
[0.435s]   CMakeLists.txt:12 (find_package)
[0.435s] This warning is for project developers.  Use -Wno-dev to suppress it.
[0.435s] [0m
[0.435s] -- Found PkgConfig: /usr/bin/pkg-config (found version "0.29.2") 
[0.436s] -- Checking for module 'bullet>=2.82'
[0.447s] --   Found bullet, version 3.05
[0.536s] -- Found fcl: /usr/include (found suitable version "0.7.0", minimum required is "0.5.0") 
[0.572s] -- Found assimp: /usr/include (found version "5.2.0") 
[0.592s] -- Found DART: /usr/include (Required is at least version "6.6") found components: dart 
[0.621s] -- Found Boost: /usr/lib/x86_64-linux-gnu/cmake/Boost-1.74.0/BoostConfig.cmake (found suitable version "1.74.0", minimum required is "1.40.0") found components: thread system filesystem program_options regex iostreams date_time 
[0.643s] -- Found Protobuf: /usr/lib/x86_64-linux-gnu/libprotobuf.so (found version "3.12.4") 
[0.650s] -- Looking for ignition-math6 -- found version 6.15.1
[0.660s] -- Searching for dependencies of ignition-math6
[0.662s] -- Looking for OGRE...
[0.662s] -- OGRE_PREFIX_WATCH changed.
[0.666s] -- Checking for module 'OGRE'
[0.675s] --   Found OGRE, version 1.9.0
[0.704s] -- Found Ogre Ghadamon (1.9.0)
[0.711s] -- Found OGRE: optimized;/usr/lib/x86_64-linux-gnu/libOgreMain.so;debug;/usr/lib/x86_64-linux-gnu/libOgreMain.so
[0.718s] -- Looking for OGRE_Paging...
[0.722s] -- Found OGRE_Paging: optimized;/usr/lib/x86_64-linux-gnu/libOgrePaging.so;debug;/usr/lib/x86_64-linux-gnu/libOgrePaging.so
[0.722s] -- Looking for OGRE_Terrain...
[0.725s] -- Found OGRE_Terrain: optimized;/usr/lib/x86_64-linux-gnu/libOgreTerrain.so;debug;/usr/lib/x86_64-linux-gnu/libOgreTerrain.so
[0.725s] -- Looking for OGRE_Property...
[0.730s] -- Found OGRE_Property: optimized;/usr/lib/x86_64-linux-gnu/libOgreProperty.so;debug;/usr/lib/x86_64-linux-gnu/libOgreProperty.so
[0.731s] -- Looking for OGRE_RTShaderSystem...
[0.735s] -- Found OGRE_RTShaderSystem: optimized;/usr/lib/x86_64-linux-gnu/libOgreRTShaderSystem.so;debug;/usr/lib/x86_64-linux-gnu/libOgreRTShaderSystem.so
[0.735s] -- Looking for OGRE_Volume...
[0.739s] -- Found OGRE_Volume: optimized;/usr/lib/x86_64-linux-gnu/libOgreVolume.so;debug;/usr/lib/x86_64-linux-gnu/libOgreVolume.so
[0.739s] -- Looking for OGRE_Overlay...
[0.744s] -- Found OGRE_Overlay: optimized;/usr/lib/x86_64-linux-gnu/libOgreOverlay.so;debug;/usr/lib/x86_64-linux-gnu/libOgreOverlay.so
[0.812s] -- Looking for ignition-math6 -- found version 6.15.1
[0.814s] -- Looking for ignition-transport8 -- found version 8.2.1
[0.814s] -- Searching for dependencies of ignition-transport8
[0.828s] -- Found Protobuf: /usr/lib/x86_64-linux-gnu/libprotobuf.so (found suitable version "3.12.4", minimum required is "3") 
[0.837s] -- Config-file not installed for ZeroMQ -- checking for pkg-config
[0.842s] -- Checking for module 'libzmq >= 4'
[0.853s] --   Found libzmq , version 4.3.4
[0.879s] -- Found ZeroMQ: TRUE (Required is at least version "4") 
[0.884s] -- Checking for module 'uuid'
[0.893s] --   Found uuid, version 2.37.2
[0.921s] -- Found UUID: TRUE  
[0.925s] -- Looking for ignition-msgs5 -- found version 5.8.1
[0.925s] -- Searching for dependencies of ignition-msgs5
[0.942s] -- Looking for ignition-math6 -- found version 6.15.1
[0.946s] -- Checking for module 'tinyxml2'
[0.955s] --   Found tinyxml2, version 9.0.0
[0.987s] -- Looking for ignition-msgs5 -- found version 5.8.1
[0.990s] -- Looking for ignition-common3 -- found version 3.14.0
[0.991s] -- Searching for dependencies of ignition-common3
[0.991s] -- Looking for dlfcn.h - found
[0.992s] -- Looking for libdl - found
[0.993s] -- Found DL: TRUE  
[1.002s] -- Found tinyobjloader: /usr/lib/x86_64-linux-gnu/cmake/tinyobjloader/tinyobjloader-config.cmake (found version "2.0.0") 
[1.003s] -- Searching for <ignition-common3> component [graphics]
[1.005s] -- Looking for ignition-common3-graphics -- found version 3.14.0
[1.006s] -- Searching for dependencies of ignition-common3-graphics
[1.006s] -- Looking for ignition-math6 -- found version 6.15.1
[1.009s] -- Looking for ignition-fuel_tools4 -- found version 4.4.0
[1.009s] -- Searching for dependencies of ignition-fuel_tools4
[1.075s] -- Found CURL: /usr/lib/x86_64-linux-gnu/libcurl.so (found version "7.81.0")  
[1.084s] -- Checking for module 'jsoncpp'
[1.092s] --   Found jsoncpp, version 1.9.5
[1.123s] -- Found JSONCPP: TRUE  
[1.130s] -- Checking for module 'libzip'
[1.144s] --   Found libzip, version 1.7.3
[1.175s] -- Found ZIP: TRUE  
[1.176s] -- Looking for ignition-common3 -- found version 3.14.0
[1.176s] -- Looking for ignition-math6 -- found version 6.15.1
[1.176s] -- Looking for ignition-msgs5 -- found version 5.8.1
[1.184s] -- Found gazebo_ros_pkgs: 3.7.0 (/opt/ros/humble/share/gazebo_ros_pkgs/cmake)
[1.186s] -- Found geometry_msgs: 4.2.4 (/opt/ros/humble/share/geometry_msgs/cmake)
[1.201s] -- Found nav_msgs: 4.2.4 (/opt/ros/humble/share/nav_msgs/cmake)
[1.218s] -- Found sensor_msgs: 4.2.4 (/opt/ros/humble/share/sensor_msgs/cmake)
[1.238s] -- Found tf2: 0.25.7 (/opt/ros/humble/share/tf2/cmake)
[1.251s] -- Found visualization_msgs: 4.2.4 (/opt/ros/humble/share/visualization_msgs/cmake)
[1.270s] -- Found gazebo_msgs: 3.7.0 (/opt/ros/humble/share/gazebo_msgs/cmake)
[1.307s] -- Found ament_lint_auto: 0.12.11 (/opt/ros/humble/share/ament_lint_auto/cmake)
[1.359s] -- Added test 'cppcheck' to perform static code analysis on C / C++ code
[1.360s] -- Configured cppcheck include dirs: /home/jestin/SegFault/tb_ws/src/project2/include;$<BUILD_INTERFACE:/home/jestin/SegFault/tb_ws/src/project2/include>
[1.360s] -- Configured cppcheck exclude dirs and/or files: 
[1.360s] -- Added test 'lint_cmake' to check CMake code style
[1.361s] -- Added test 'uncrustify' to check C / C++ code style
[1.361s] -- Configured uncrustify additional arguments: 
[1.361s] -- Added test 'xmllint' to check XML markup files
[1.363s] -- Configuring done
[1.381s] -- Generating done
[1.383s] -- Build files have been written to: /home/jestin/SegFault/tb_ws/build/project2
[1.415s] [35m[1mConsolidate compiler generated dependencies of target robot[0m
[1.417s] [35m[1mConsolidate compiler generated dependencies of target listener[0m
[1.424s] [35m[1mConsolidate compiler generated dependencies of target talker[0m
[1.432s] [ 16%] [32mBuilding CXX object CMakeFiles/robot.dir/src/robot.cpp.o[0m
[1.434s] [ 33%] [32mBuilding CXX object CMakeFiles/listener.dir/src/subscriber_member_function.cpp.o[0m
[1.447s] [ 50%] [32mBuilding CXX object CMakeFiles/talker.dir/src/publisher_member_function.cpp.o[0m
[1.480s] [ 66%] [32m[1mLinking CXX executable robot[0m
[1.515s] [ 66%] Built target robot
[4.828s] [ 83%] [32m[1mLinking CXX executable talker[0m
[5.016s] [ 83%] Built target talker
[7.606s] [100%] [32m[1mLinking CXX executable listener[0m
[7.899s] [100%] Built target listener
[7.907s] Invoked command in '/home/jestin/SegFault/tb_ws/build/project2' returned '0': CMAKE_PREFIX_PATH=${CMAKE_PREFIX_PATH}:/opt/ros/humble /usr/bin/cmake --build /home/jestin/SegFault/tb_ws/build/project2 -- -j8 -l8
[7.936s] Invoking command in '/home/jestin/SegFault/tb_ws/build/project2': CMAKE_PREFIX_PATH=${CMAKE_PREFIX_PATH}:/opt/ros/humble /usr/bin/cmake --install /home/jestin/SegFault/tb_ws/build/project2
[7.943s] -- Install configuration: ""
[7.944s] -- Installing: /home/jestin/SegFault/tb_ws/install/project2/lib/project2/robot
[7.944s] -- Installing: /home/jestin/SegFault/tb_ws/install/project2/lib/project2/talker
[7.945s] -- Set runtime path of "/home/jestin/SegFault/tb_ws/install/project2/lib/project2/talker" to ""
[7.945s] -- Installing: /home/jestin/SegFault/tb_ws/install/project2/lib/project2/listener
[7.947s] -- Set runtime path of "/home/jestin/SegFault/tb_ws/install/project2/lib/project2/listener" to ""
[7.947s] -- Installing: /home/jestin/SegFault/tb_ws/install/project2/share/ament_index/resource_index/package_run_dependencies/project2
[7.947s] -- Up-to-date: /home/jestin/SegFault/tb_ws/install/project2/share/ament_index/resource_index/parent_prefix_path/project2
[7.947s] -- Up-to-date: /home/jestin/SegFault/tb_ws/install/project2/share/project2/environment/ament_prefix_path.sh
[7.947s] -- Installing: /home/jestin/SegFault/tb_ws/install/project2/share/project2/environment/ament_prefix_path.dsv
[7.948s] -- Up-to-date: /home/jestin/SegFault/tb_ws/install/project2/share/project2/environment/path.sh
[7.948s] -- Installing: /home/jestin/SegFault/tb_ws/install/project2/share/project2/environment/path.dsv
[7.948s] -- Up-to-date: /home/jestin/SegFault/tb_ws/install/project2/share/project2/local_setup.bash
[7.948s] -- Up-to-date: /home/jestin/SegFault/tb_ws/install/project2/share/project2/local_setup.sh
[7.948s] -- Up-to-date: /home/jestin/SegFault/tb_ws/install/project2/share/project2/local_setup.zsh
[7.948s] -- Installing: /home/jestin/SegFault/tb_ws/install/project2/share/project2/local_setup.dsv
[7.948s] -- Installing: /home/jestin/SegFault/tb_ws/install/project2/share/project2/package.dsv
[7.948s] -- Up-to-date: /home/jestin/SegFault/tb_ws/install/project2/share/ament_index/resource_index/packages/project2
[7.948s] -- Installing: /home/jestin/SegFault/tb_ws/install/project2/share/project2/cmake/ament_cmake_export_include_directories-extras.cmake
[7.948s] -- Installing: /home/jestin/SegFault/tb_ws/install/project2/share/project2/cmake/ament_cmake_export_dependencies-extras.cmake
[7.948s] -- Installing: /home/jestin/SegFault/tb_ws/install/project2/share/project2/cmake/project2Config.cmake
[7.948s] -- Up-to-date: /home/jestin/SegFault/tb_ws/install/project2/share/project2/cmake/project2Config-version.cmake
[7.948s] -- Installing: /home/jestin/SegFault/tb_ws/install/project2/share/project2/package.xml
[7.950s] Invoked command in '/home/jestin/SegFault/tb_ws/build/project2' returned '0': CMAKE_PREFIX_PATH=${CMAKE_PREFIX_PATH}:/opt/ros/humble /usr/bin/cmake --install /home/jestin/SegFault/tb_ws/build/project2
