[3.142s] Invoking command in '/home/ubuntu/turtlebot3_ws/build/ld08_driver': CMAKE_PREFIX_PATH=/opt/ros/humble /usr/bin/cmake /home/ubuntu/turtlebot3_ws/src/ld08_driver -DAMENT_CMAKE_SYMLINK_INSTALL=1 -DCMAKE_INSTALL_PREFIX=/home/ubuntu/turtlebot3_ws/install/ld08_driver
[38.414s] -- The C compiler identification is GNU 11.4.0
[43.462s] -- The CXX compiler identification is GNU 11.4.0
[44.899s] -- Detecting C compiler ABI info
[62.945s] -- Detecting C compiler ABI info - done
[62.984s] -- Check for working C compiler: /usr/bin/cc - skipped
[63.003s] -- Detecting C compile features
[63.043s] -- Detecting C compile features - done
[63.675s] -- Detecting CXX compiler ABI info
[70.239s] -- Detecting CXX compiler ABI info - done
[70.313s] -- Check for working CXX compiler: /usr/bin/c++ - skipped
[70.316s] -- Detecting CXX compile features
[70.321s] -- Detecting CXX compile features - done
[70.631s] -- Found ament_cmake: 1.3.8 (/opt/ros/humble/share/ament_cmake/cmake)
[74.330s] -- Found Python3: /usr/bin/python3 (found version "3.10.12") found components: Interpreter 
[76.809s] -- Override CMake install command with custom implementation using symlinks instead of copying resources
[77.845s] -- Found rclcpp: 16.0.8 (/opt/ros/humble/share/rclcpp/cmake)
[79.160s] -- Found rosidl_generator_c: 3.1.5 (/opt/ros/humble/share/rosidl_generator_c/cmake)
[79.298s] -- Found rosidl_adapter: 3.1.5 (/opt/ros/humble/share/rosidl_adapter/cmake)
[79.550s] -- Found rosidl_generator_cpp: 3.1.5 (/opt/ros/humble/share/rosidl_generator_cpp/cmake)
[79.908s] -- Using all available rosidl_typesupport_c: rosidl_typesupport_fastrtps_c;rosidl_typesupport_introspection_c
[80.314s] -- Using all available rosidl_typesupport_cpp: rosidl_typesupport_fastrtps_cpp;rosidl_typesupport_introspection_cpp
[81.742s] -- Found rmw_implementation_cmake: 6.1.1 (/opt/ros/humble/share/rmw_implementation_cmake/cmake)
[81.814s] -- Found rmw_fastrtps_cpp: 6.2.6 (/opt/ros/humble/share/rmw_fastrtps_cpp/cmake)
[85.147s] -- Found OpenSSL: /usr/lib/aarch64-linux-gnu/libcrypto.so (found version "3.0.2")  
[85.432s] -- Found FastRTPS: /opt/ros/humble/include  
[85.966s] -- Using RMW implementation 'rmw_fastrtps_cpp' as default
[86.517s] -- Looking for pthread.h
[94.691s] -- Looking for pthread.h - found
[94.696s] -- Performing Test CMAKE_HAVE_LIBC_PTHREAD
[95.667s] -- Performing Test CMAKE_HAVE_LIBC_PTHREAD - Success
[95.691s] -- Found Threads: TRUE  
[98.772s] -- Found sensor_msgs: 4.2.3 (/opt/ros/humble/share/sensor_msgs/cmake)
[100.924s] -- Found Boost: /usr/lib/aarch64-linux-gnu/cmake/Boost-1.74.0/BoostConfig.cmake (found version "1.74.0") found components: system 
[101.015s] -- Found ament_lint_auto: 0.12.10 (/opt/ros/humble/share/ament_lint_auto/cmake)
[106.178s] -- Configuring done
[107.151s] -- Generating done
[107.173s] -- Build files have been written to: /home/ubuntu/turtlebot3_ws/build/ld08_driver
[109.588s] Invoked command in '/home/ubuntu/turtlebot3_ws/build/ld08_driver' returned '0': CMAKE_PREFIX_PATH=/opt/ros/humble /usr/bin/cmake /home/ubuntu/turtlebot3_ws/src/ld08_driver -DAMENT_CMAKE_SYMLINK_INSTALL=1 -DCMAKE_INSTALL_PREFIX=/home/ubuntu/turtlebot3_ws/install/ld08_driver
[109.922s] Invoking command in '/home/ubuntu/turtlebot3_ws/build/ld08_driver': CMAKE_PREFIX_PATH=/opt/ros/humble /usr/bin/cmake --build /home/ubuntu/turtlebot3_ws/build/ld08_driver -- -j4 -l4
[112.449s] [ 16%] [32mBuilding CXX object CMakeFiles/ld08_driver.dir/src/cmd_interface_linux.cpp.o[0m
[141.039s] [ 33%] [32mBuilding CXX object CMakeFiles/ld08_driver.dir/src/slbf.cpp.o[0m
[195.594s] [ 50%] [32mBuilding CXX object CMakeFiles/ld08_driver.dir/src/transform.cpp.o[0m
[226.342s] [01m[K/home/ubuntu/turtlebot3_ws/src/ld08_driver/src/transform.cpp:[m[K In constructor ‘[01m[KSlTransform::SlTransform(LDVersion, bool)[m[K’:
[226.405s] [01m[K/home/ubuntu/turtlebot3_ws/src/ld08_driver/src/transform.cpp:30:50:[m[K [01;35m[Kwarning: [m[Kunused parameter ‘[01m[Kto_right_hand[m[K’ [[01;35m[K]8;;https://gcc.gnu.org/onlinedocs/gcc/Warning-Options.html#index-Wunused-parameter-Wunused-parameter]8;;[m[K]
[226.406s]    30 | SlTransform::SlTransform(LDVersion version, [01;35m[Kbool to_right_hand[m[K)
[226.407s]       |                                             [01;35m[K~~~~~^~~~~~~~~~~~~[m[K
[234.167s] [ 66%] [32mBuilding CXX object CMakeFiles/ld08_driver.dir/src/main.cpp.o[0m
[288.819s] [ 83%] [32mBuilding CXX object CMakeFiles/ld08_driver.dir/src/lipkg.cpp.o[0m
[331.542s] [100%] [32m[1mLinking CXX executable ld08_driver[0m
[336.037s] [100%] Built target ld08_driver
[338.466s] Invoked command in '/home/ubuntu/turtlebot3_ws/build/ld08_driver' returned '0': CMAKE_PREFIX_PATH=/opt/ros/humble /usr/bin/cmake --build /home/ubuntu/turtlebot3_ws/build/ld08_driver -- -j4 -l4
[340.160s] Invoking command in '/home/ubuntu/turtlebot3_ws/build/ld08_driver': CMAKE_PREFIX_PATH=/opt/ros/humble /usr/bin/cmake --install /home/ubuntu/turtlebot3_ws/build/ld08_driver
[340.354s] -- Install configuration: ""
[340.356s] -- Execute custom install script
[340.357s] -- Symlinking: /home/ubuntu/turtlebot3_ws/install/ld08_driver/share/ld08_driver/launch/ld08.launch.py
[340.416s] -- Symlinking: /home/ubuntu/turtlebot3_ws/install/ld08_driver/lib/ld08_driver/ld08_driver
[340.507s] -- Symlinking: /home/ubuntu/turtlebot3_ws/install/ld08_driver/share/ament_index/resource_index/package_run_dependencies/ld08_driver
[340.586s] -- Symlinking: /home/ubuntu/turtlebot3_ws/install/ld08_driver/share/ament_index/resource_index/parent_prefix_path/ld08_driver
[340.679s] -- Symlinking: /home/ubuntu/turtlebot3_ws/install/ld08_driver/share/ld08_driver/environment/ament_prefix_path.sh
[340.759s] -- Symlinking: /home/ubuntu/turtlebot3_ws/install/ld08_driver/share/ld08_driver/environment/ament_prefix_path.dsv
[340.850s] -- Symlinking: /home/ubuntu/turtlebot3_ws/install/ld08_driver/share/ld08_driver/environment/path.sh
[340.919s] -- Symlinking: /home/ubuntu/turtlebot3_ws/install/ld08_driver/share/ld08_driver/environment/path.dsv
[340.994s] -- Symlinking: /home/ubuntu/turtlebot3_ws/install/ld08_driver/share/ld08_driver/local_setup.bash
[341.067s] -- Symlinking: /home/ubuntu/turtlebot3_ws/install/ld08_driver/share/ld08_driver/local_setup.sh
[341.139s] -- Symlinking: /home/ubuntu/turtlebot3_ws/install/ld08_driver/share/ld08_driver/local_setup.zsh
[341.211s] -- Symlinking: /home/ubuntu/turtlebot3_ws/install/ld08_driver/share/ld08_driver/local_setup.dsv
[341.287s] -- Symlinking: /home/ubuntu/turtlebot3_ws/install/ld08_driver/share/ld08_driver/package.dsv
[341.364s] -- Symlinking: /home/ubuntu/turtlebot3_ws/install/ld08_driver/share/ament_index/resource_index/packages/ld08_driver
[341.446s] -- Symlinking: /home/ubuntu/turtlebot3_ws/install/ld08_driver/share/ld08_driver/cmake/ament_cmake_export_dependencies-extras.cmake
[341.522s] -- Symlinking: /home/ubuntu/turtlebot3_ws/install/ld08_driver/share/ld08_driver/cmake/ament_cmake_export_include_directories-extras.cmake
[341.600s] -- Symlinking: /home/ubuntu/turtlebot3_ws/install/ld08_driver/share/ld08_driver/cmake/ld08_driverConfig.cmake
[341.673s] -- Symlinking: /home/ubuntu/turtlebot3_ws/install/ld08_driver/share/ld08_driver/cmake/ld08_driverConfig-version.cmake
[341.744s] -- Symlinking: /home/ubuntu/turtlebot3_ws/install/ld08_driver/share/ld08_driver/package.xml
[341.861s] Invoked command in '/home/ubuntu/turtlebot3_ws/build/ld08_driver' returned '0': CMAKE_PREFIX_PATH=/opt/ros/humble /usr/bin/cmake --install /home/ubuntu/turtlebot3_ws/build/ld08_driver
