[1.162s] DEBUG:colcon:Command line arguments: ['/usr/bin/colcon', 'build']
[1.163s] DEBUG:colcon:Parsed command line arguments: Namespace(log_base=None, log_level=None, verb_name='build', build_base='build', install_base='install', merge_install=False, symlink_install=False, test_result_base=None, continue_on_error=False, executor='parallel', parallel_workers=4, event_handlers=None, ignore_user_meta=False, metas=['./colcon.meta'], base_paths=['.'], packages_ignore=None, packages_ignore_regex=None, paths=None, packages_up_to=None, packages_up_to_regex=None, packages_above=None, packages_above_and_dependencies=None, packages_above_depth=None, packages_select_by_dep=None, packages_skip_by_dep=None, packages_skip_up_to=None, packages_select_build_failed=False, packages_skip_build_finished=False, packages_select_test_failures=False, packages_skip_test_passed=False, packages_select=None, packages_skip=None, packages_select_regex=None, packages_skip_regex=None, packages_start=None, packages_end=None, allow_overriding=[], cmake_args=None, cmake_target=None, cmake_target_skip_unavailable=False, cmake_clean_cache=False, cmake_clean_first=False, cmake_force_configure=False, ament_cmake_args=None, catkin_cmake_args=None, catkin_skip_building_tests=False, mixin_files=None, mixin=None, verb_parser=<colcon_mixin.mixin.mixin_argument.MixinArgumentDecorator object at 0xffff83291600>, verb_extension=<colcon_core.verb.build.BuildVerb object at 0xffff833d9db0>, main=<bound method BuildVerb.main of <colcon_core.verb.build.BuildVerb object at 0xffff833d9db0>>, mixin_verb=('build',))
[3.088s] Level 1:colcon.colcon_core.package_discovery:discover_packages(colcon_meta) check parameters
[3.089s] Level 1:colcon.colcon_core.package_discovery:discover_packages(recursive) check parameters
[3.090s] Level 1:colcon.colcon_core.package_discovery:discover_packages(ignore) check parameters
[3.091s] Level 1:colcon.colcon_core.package_discovery:discover_packages(path) check parameters
[3.091s] Level 1:colcon.colcon_core.package_discovery:discover_packages(colcon_meta) discover
[3.092s] Level 1:colcon.colcon_core.package_discovery:discover_packages(recursive) discover
[3.092s] INFO:colcon.colcon_core.package_discovery:Crawling recursively for packages in '/home/ubuntu/ros2_ws'
[3.093s] Level 1:colcon.colcon_core.package_identification:_identify(.) by extensions ['ignore', 'ignore_ament_install']
[3.096s] Level 1:colcon.colcon_core.package_identification:_identify(.) by extension 'ignore'
[3.097s] Level 1:colcon.colcon_core.package_identification:_identify(.) by extension 'ignore_ament_install'
[3.097s] Level 1:colcon.colcon_core.package_identification:_identify(.) by extensions ['colcon_pkg']
[3.098s] Level 1:colcon.colcon_core.package_identification:_identify(.) by extension 'colcon_pkg'
[3.099s] Level 1:colcon.colcon_core.package_identification:_identify(.) by extensions ['colcon_meta']
[3.099s] Level 1:colcon.colcon_core.package_identification:_identify(.) by extension 'colcon_meta'
[3.100s] Level 1:colcon.colcon_core.package_identification:_identify(.) by extensions ['ros']
[3.100s] Level 1:colcon.colcon_core.package_identification:_identify(.) by extension 'ros'
[3.223s] Level 1:colcon.colcon_core.package_identification:_identify(.) by extensions ['cmake', 'python']
[3.224s] Level 1:colcon.colcon_core.package_identification:_identify(.) by extension 'cmake'
[3.224s] Level 1:colcon.colcon_core.package_identification:_identify(.) by extension 'python'
[3.225s] Level 1:colcon.colcon_core.package_identification:_identify(.) by extensions ['python_setup_py']
[3.225s] Level 1:colcon.colcon_core.package_identification:_identify(.) by extension 'python_setup_py'
[3.227s] Level 1:colcon.colcon_core.package_identification:_identify(build) by extensions ['ignore', 'ignore_ament_install']
[3.228s] Level 1:colcon.colcon_core.package_identification:_identify(build) by extension 'ignore'
[3.228s] Level 1:colcon.colcon_core.package_identification:_identify(build) ignored
[3.230s] Level 1:colcon.colcon_core.package_identification:_identify(install) by extensions ['ignore', 'ignore_ament_install']
[3.231s] Level 1:colcon.colcon_core.package_identification:_identify(install) by extension 'ignore'
[3.232s] Level 1:colcon.colcon_core.package_identification:_identify(install) ignored
[3.233s] Level 1:colcon.colcon_core.package_identification:_identify(log) by extensions ['ignore', 'ignore_ament_install']
[3.234s] Level 1:colcon.colcon_core.package_identification:_identify(log) by extension 'ignore'
[3.235s] Level 1:colcon.colcon_core.package_identification:_identify(log) ignored
[3.236s] Level 1:colcon.colcon_core.package_identification:_identify(src) by extensions ['ignore', 'ignore_ament_install']
[3.237s] Level 1:colcon.colcon_core.package_identification:_identify(src) by extension 'ignore'
[3.238s] Level 1:colcon.colcon_core.package_identification:_identify(src) by extension 'ignore_ament_install'
[3.238s] Level 1:colcon.colcon_core.package_identification:_identify(src) by extensions ['colcon_pkg']
[3.239s] Level 1:colcon.colcon_core.package_identification:_identify(src) by extension 'colcon_pkg'
[3.239s] Level 1:colcon.colcon_core.package_identification:_identify(src) by extensions ['colcon_meta']
[3.240s] Level 1:colcon.colcon_core.package_identification:_identify(src) by extension 'colcon_meta'
[3.240s] Level 1:colcon.colcon_core.package_identification:_identify(src) by extensions ['ros']
[3.241s] Level 1:colcon.colcon_core.package_identification:_identify(src) by extension 'ros'
[3.242s] Level 1:colcon.colcon_core.package_identification:_identify(src) by extensions ['cmake', 'python']
[3.242s] Level 1:colcon.colcon_core.package_identification:_identify(src) by extension 'cmake'
[3.243s] Level 1:colcon.colcon_core.package_identification:_identify(src) by extension 'python'
[3.243s] Level 1:colcon.colcon_core.package_identification:_identify(src) by extensions ['python_setup_py']
[3.243s] Level 1:colcon.colcon_core.package_identification:_identify(src) by extension 'python_setup_py'
[3.245s] Level 1:colcon.colcon_core.package_identification:_identify(src/camera_ros) by extensions ['ignore', 'ignore_ament_install']
[3.246s] Level 1:colcon.colcon_core.package_identification:_identify(src/camera_ros) by extension 'ignore'
[3.246s] Level 1:colcon.colcon_core.package_identification:_identify(src/camera_ros) by extension 'ignore_ament_install'
[3.247s] Level 1:colcon.colcon_core.package_identification:_identify(src/camera_ros) by extensions ['colcon_pkg']
[3.248s] Level 1:colcon.colcon_core.package_identification:_identify(src/camera_ros) by extension 'colcon_pkg'
[3.248s] Level 1:colcon.colcon_core.package_identification:_identify(src/camera_ros) by extensions ['colcon_meta']
[3.249s] Level 1:colcon.colcon_core.package_identification:_identify(src/camera_ros) by extension 'colcon_meta'
[3.249s] Level 1:colcon.colcon_core.package_identification:_identify(src/camera_ros) by extensions ['ros']
[3.249s] Level 1:colcon.colcon_core.package_identification:_identify(src/camera_ros) by extension 'ros'
[3.273s] DEBUG:colcon.colcon_core.package_identification:Package 'src/camera_ros' with type 'ros.ament_cmake' and name 'camera_ros'
[3.274s] Level 1:colcon.colcon_core.package_identification:_identify(src/samplepackage_turtlebot) by extensions ['ignore', 'ignore_ament_install']
[3.275s] Level 1:colcon.colcon_core.package_identification:_identify(src/samplepackage_turtlebot) by extension 'ignore'
[3.276s] Level 1:colcon.colcon_core.package_identification:_identify(src/samplepackage_turtlebot) by extension 'ignore_ament_install'
[3.277s] Level 1:colcon.colcon_core.package_identification:_identify(src/samplepackage_turtlebot) by extensions ['colcon_pkg']
[3.277s] Level 1:colcon.colcon_core.package_identification:_identify(src/samplepackage_turtlebot) by extension 'colcon_pkg'
[3.278s] Level 1:colcon.colcon_core.package_identification:_identify(src/samplepackage_turtlebot) by extensions ['colcon_meta']
[3.278s] Level 1:colcon.colcon_core.package_identification:_identify(src/samplepackage_turtlebot) by extension 'colcon_meta'
[3.279s] Level 1:colcon.colcon_core.package_identification:_identify(src/samplepackage_turtlebot) by extensions ['ros']
[3.279s] Level 1:colcon.colcon_core.package_identification:_identify(src/samplepackage_turtlebot) by extension 'ros'
[3.284s] DEBUG:colcon.colcon_core.package_identification:Package 'src/samplepackage_turtlebot' with type 'ros.ament_cmake' and name 'samplepackage_turtlebot'
[3.286s] Level 1:colcon.colcon_core.package_identification:_identify(src/self_test) by extensions ['ignore', 'ignore_ament_install']
[3.287s] Level 1:colcon.colcon_core.package_identification:_identify(src/self_test) by extension 'ignore'
[3.287s] Level 1:colcon.colcon_core.package_identification:_identify(src/self_test) by extension 'ignore_ament_install'
[3.288s] Level 1:colcon.colcon_core.package_identification:_identify(src/self_test) by extensions ['colcon_pkg']
[3.289s] Level 1:colcon.colcon_core.package_identification:_identify(src/self_test) by extension 'colcon_pkg'
[3.289s] Level 1:colcon.colcon_core.package_identification:_identify(src/self_test) by extensions ['colcon_meta']
[3.290s] Level 1:colcon.colcon_core.package_identification:_identify(src/self_test) by extension 'colcon_meta'
[3.290s] Level 1:colcon.colcon_core.package_identification:_identify(src/self_test) by extensions ['ros']
[3.291s] Level 1:colcon.colcon_core.package_identification:_identify(src/self_test) by extension 'ros'
[3.295s] DEBUG:colcon.colcon_core.package_identification:Failed to parse potential ROS package manifest in'src/self_test': Error(s) in package 'src/self_test/package.xml':
The manifest contains invalid XML:
mismatched tag: line 23, column 2
[3.296s] Level 1:colcon.colcon_core.package_identification:_identify(src/self_test) by extensions ['cmake', 'python']
[3.296s] Level 1:colcon.colcon_core.package_identification:_identify(src/self_test) by extension 'cmake'
[3.297s] Level 1:colcon.colcon_core.package_identification:_identify(src/self_test) by extension 'python'
[3.298s] DEBUG:colcon.colcon_core.package_identification:Python package in 'src/self_test' passes arguments to the setup() function which requires a different identification extension than 'python'
[3.299s] Level 1:colcon.colcon_core.package_identification:_identify(src/self_test) by extensions ['python_setup_py']
[3.299s] Level 1:colcon.colcon_core.package_identification:_identify(src/self_test) by extension 'python_setup_py'
[6.175s] DEBUG:colcon.colcon_core.package_identification:Package 'src/self_test' with type 'python' and name 'self_test'
[6.177s] Level 1:colcon.colcon_core.package_identification:_identify(src/test_package) by extensions ['ignore', 'ignore_ament_install']
[6.178s] Level 1:colcon.colcon_core.package_identification:_identify(src/test_package) by extension 'ignore'
[6.179s] Level 1:colcon.colcon_core.package_identification:_identify(src/test_package) by extension 'ignore_ament_install'
[6.180s] Level 1:colcon.colcon_core.package_identification:_identify(src/test_package) by extensions ['colcon_pkg']
[6.180s] Level 1:colcon.colcon_core.package_identification:_identify(src/test_package) by extension 'colcon_pkg'
[6.181s] Level 1:colcon.colcon_core.package_identification:_identify(src/test_package) by extensions ['colcon_meta']
[6.181s] Level 1:colcon.colcon_core.package_identification:_identify(src/test_package) by extension 'colcon_meta'
[6.182s] Level 1:colcon.colcon_core.package_identification:_identify(src/test_package) by extensions ['ros']
[6.182s] Level 1:colcon.colcon_core.package_identification:_identify(src/test_package) by extension 'ros'
[6.188s] DEBUG:colcon.colcon_core.package_identification:Failed to parse potential ROS package manifest in'src/test_package': Error(s) in package 'src/test_package/package.xml':
The manifest contains invalid XML:
mismatched tag: line 23, column 2
[6.189s] Level 1:colcon.colcon_core.package_identification:_identify(src/test_package) by extensions ['cmake', 'python']
[6.190s] Level 1:colcon.colcon_core.package_identification:_identify(src/test_package) by extension 'cmake'
[6.190s] Level 1:colcon.colcon_core.package_identification:_identify(src/test_package) by extension 'python'
[6.191s] DEBUG:colcon.colcon_core.package_identification:Python package in 'src/test_package' passes arguments to the setup() function which requires a different identification extension than 'python'
[6.192s] Level 1:colcon.colcon_core.package_identification:_identify(src/test_package) by extensions ['python_setup_py']
[6.192s] Level 1:colcon.colcon_core.package_identification:_identify(src/test_package) by extension 'python_setup_py'
[9.044s] DEBUG:colcon.colcon_core.package_identification:Package 'src/test_package' with type 'python' and name 'test_package'
[9.046s] Level 1:colcon.colcon_core.package_identification:_identify(src/turtlebot_test) by extensions ['ignore', 'ignore_ament_install']
[9.047s] Level 1:colcon.colcon_core.package_identification:_identify(src/turtlebot_test) by extension 'ignore'
[9.047s] Level 1:colcon.colcon_core.package_identification:_identify(src/turtlebot_test) by extension 'ignore_ament_install'
[9.048s] Level 1:colcon.colcon_core.package_identification:_identify(src/turtlebot_test) by extensions ['colcon_pkg']
[9.049s] Level 1:colcon.colcon_core.package_identification:_identify(src/turtlebot_test) by extension 'colcon_pkg'
[9.049s] Level 1:colcon.colcon_core.package_identification:_identify(src/turtlebot_test) by extensions ['colcon_meta']
[9.050s] Level 1:colcon.colcon_core.package_identification:_identify(src/turtlebot_test) by extension 'colcon_meta'
[9.050s] Level 1:colcon.colcon_core.package_identification:_identify(src/turtlebot_test) by extensions ['ros']
[9.051s] Level 1:colcon.colcon_core.package_identification:_identify(src/turtlebot_test) by extension 'ros'
[9.056s] DEBUG:colcon.colcon_core.package_identification:Failed to parse potential ROS package manifest in'src/turtlebot_test': Error(s) in package 'src/turtlebot_test/package.xml':
The manifest contains invalid XML:
mismatched tag: line 23, column 2
[9.057s] Level 1:colcon.colcon_core.package_identification:_identify(src/turtlebot_test) by extensions ['cmake', 'python']
[9.058s] Level 1:colcon.colcon_core.package_identification:_identify(src/turtlebot_test) by extension 'cmake'
[9.058s] Level 1:colcon.colcon_core.package_identification:_identify(src/turtlebot_test) by extension 'python'
[9.060s] DEBUG:colcon.colcon_core.package_identification:Python package in 'src/turtlebot_test' passes arguments to the setup() function which requires a different identification extension than 'python'
[9.060s] Level 1:colcon.colcon_core.package_identification:_identify(src/turtlebot_test) by extensions ['python_setup_py']
[9.061s] Level 1:colcon.colcon_core.package_identification:_identify(src/turtlebot_test) by extension 'python_setup_py'
[11.821s] DEBUG:colcon.colcon_core.package_identification:Package 'src/turtlebot_test' with type 'python' and name 'turtlebot_test'
[11.822s] Level 1:colcon.colcon_core.package_discovery:discover_packages(recursive) using defaults
[11.823s] Level 1:colcon.colcon_core.package_discovery:discover_packages(ignore) discover
[11.823s] Level 1:colcon.colcon_core.package_discovery:discover_packages(ignore) using defaults
[11.823s] Level 1:colcon.colcon_core.package_discovery:discover_packages(path) discover
[11.824s] Level 1:colcon.colcon_core.package_discovery:discover_packages(path) using defaults
[12.026s] Level 1:colcon.colcon_core.package_discovery:discover_packages(prefix_path) check parameters
[12.026s] Level 1:colcon.colcon_core.package_discovery:discover_packages(prefix_path) discover
[12.051s] DEBUG:colcon.colcon_installed_package_information.package_discovery:Found 6 installed packages in /home/ubuntu/ros2_ws/install
[12.059s] DEBUG:colcon.colcon_installed_package_information.package_discovery:Found 7 installed packages in /home/ubuntu/turtlebot3_ws/install
[12.079s] DEBUG:colcon.colcon_installed_package_information.package_discovery:Found 259 installed packages in /opt/ros/humble
[12.104s] Level 1:colcon.colcon_core.package_discovery:discover_packages(prefix_path) using defaults
[12.570s] Level 5:colcon.colcon_core.verb:set package 'camera_ros' build argument 'cmake_args' from command line to 'None'
[12.571s] Level 5:colcon.colcon_core.verb:set package 'camera_ros' build argument 'cmake_target' from command line to 'None'
[12.571s] Level 5:colcon.colcon_core.verb:set package 'camera_ros' build argument 'cmake_target_skip_unavailable' from command line to 'False'
[12.571s] Level 5:colcon.colcon_core.verb:set package 'camera_ros' build argument 'cmake_clean_cache' from command line to 'False'
[12.572s] Level 5:colcon.colcon_core.verb:set package 'camera_ros' build argument 'cmake_clean_first' from command line to 'False'
[12.572s] Level 5:colcon.colcon_core.verb:set package 'camera_ros' build argument 'cmake_force_configure' from command line to 'False'
[12.572s] Level 5:colcon.colcon_core.verb:set package 'camera_ros' build argument 'ament_cmake_args' from command line to 'None'
[12.572s] Level 5:colcon.colcon_core.verb:set package 'camera_ros' build argument 'catkin_cmake_args' from command line to 'None'
[12.573s] Level 5:colcon.colcon_core.verb:set package 'camera_ros' build argument 'catkin_skip_building_tests' from command line to 'False'
[12.573s] DEBUG:colcon.colcon_core.verb:Building package 'camera_ros' with the following arguments: {'ament_cmake_args': None, 'build_base': '/home/ubuntu/ros2_ws/build/camera_ros', 'catkin_cmake_args': None, 'catkin_skip_building_tests': False, 'cmake_args': None, 'cmake_clean_cache': False, 'cmake_clean_first': False, 'cmake_force_configure': False, 'cmake_target': None, 'cmake_target_skip_unavailable': False, 'install_base': '/home/ubuntu/ros2_ws/install/camera_ros', 'merge_install': False, 'path': '/home/ubuntu/ros2_ws/src/camera_ros', 'symlink_install': False, 'test_result_base': None}
[12.577s] Level 5:colcon.colcon_core.verb:set package 'samplepackage_turtlebot' build argument 'cmake_args' from command line to 'None'
[12.577s] Level 5:colcon.colcon_core.verb:set package 'samplepackage_turtlebot' build argument 'cmake_target' from command line to 'None'
[12.578s] Level 5:colcon.colcon_core.verb:set package 'samplepackage_turtlebot' build argument 'cmake_target_skip_unavailable' from command line to 'False'
[12.578s] Level 5:colcon.colcon_core.verb:set package 'samplepackage_turtlebot' build argument 'cmake_clean_cache' from command line to 'False'
[12.578s] Level 5:colcon.colcon_core.verb:set package 'samplepackage_turtlebot' build argument 'cmake_clean_first' from command line to 'False'
[12.578s] Level 5:colcon.colcon_core.verb:set package 'samplepackage_turtlebot' build argument 'cmake_force_configure' from command line to 'False'
[12.579s] Level 5:colcon.colcon_core.verb:set package 'samplepackage_turtlebot' build argument 'ament_cmake_args' from command line to 'None'
[12.579s] Level 5:colcon.colcon_core.verb:set package 'samplepackage_turtlebot' build argument 'catkin_cmake_args' from command line to 'None'
[12.579s] Level 5:colcon.colcon_core.verb:set package 'samplepackage_turtlebot' build argument 'catkin_skip_building_tests' from command line to 'False'
[12.580s] DEBUG:colcon.colcon_core.verb:Building package 'samplepackage_turtlebot' with the following arguments: {'ament_cmake_args': None, 'build_base': '/home/ubuntu/ros2_ws/build/samplepackage_turtlebot', 'catkin_cmake_args': None, 'catkin_skip_building_tests': False, 'cmake_args': None, 'cmake_clean_cache': False, 'cmake_clean_first': False, 'cmake_force_configure': False, 'cmake_target': None, 'cmake_target_skip_unavailable': False, 'install_base': '/home/ubuntu/ros2_ws/install/samplepackage_turtlebot', 'merge_install': False, 'path': '/home/ubuntu/ros2_ws/src/samplepackage_turtlebot', 'symlink_install': False, 'test_result_base': None}
[12.583s] Level 5:colcon.colcon_core.verb:set package 'self_test' build argument 'cmake_args' from command line to 'None'
[12.584s] Level 5:colcon.colcon_core.verb:set package 'self_test' build argument 'cmake_target' from command line to 'None'
[12.584s] Level 5:colcon.colcon_core.verb:set package 'self_test' build argument 'cmake_target_skip_unavailable' from command line to 'False'
[12.584s] Level 5:colcon.colcon_core.verb:set package 'self_test' build argument 'cmake_clean_cache' from command line to 'False'
[12.585s] Level 5:colcon.colcon_core.verb:set package 'self_test' build argument 'cmake_clean_first' from command line to 'False'
[12.585s] Level 5:colcon.colcon_core.verb:set package 'self_test' build argument 'cmake_force_configure' from command line to 'False'
[12.585s] Level 5:colcon.colcon_core.verb:set package 'self_test' build argument 'ament_cmake_args' from command line to 'None'
[12.585s] Level 5:colcon.colcon_core.verb:set package 'self_test' build argument 'catkin_cmake_args' from command line to 'None'
[12.586s] Level 5:colcon.colcon_core.verb:set package 'self_test' build argument 'catkin_skip_building_tests' from command line to 'False'
[12.586s] DEBUG:colcon.colcon_core.verb:Building package 'self_test' with the following arguments: {'ament_cmake_args': None, 'build_base': '/home/ubuntu/ros2_ws/build/self_test', 'catkin_cmake_args': None, 'catkin_skip_building_tests': False, 'cmake_args': None, 'cmake_clean_cache': False, 'cmake_clean_first': False, 'cmake_force_configure': False, 'cmake_target': None, 'cmake_target_skip_unavailable': False, 'install_base': '/home/ubuntu/ros2_ws/install/self_test', 'merge_install': False, 'path': '/home/ubuntu/ros2_ws/src/self_test', 'symlink_install': False, 'test_result_base': None}
[12.590s] Level 5:colcon.colcon_core.verb:set package 'test_package' build argument 'cmake_args' from command line to 'None'
[12.590s] Level 5:colcon.colcon_core.verb:set package 'test_package' build argument 'cmake_target' from command line to 'None'
[12.591s] Level 5:colcon.colcon_core.verb:set package 'test_package' build argument 'cmake_target_skip_unavailable' from command line to 'False'
[12.591s] Level 5:colcon.colcon_core.verb:set package 'test_package' build argument 'cmake_clean_cache' from command line to 'False'
[12.591s] Level 5:colcon.colcon_core.verb:set package 'test_package' build argument 'cmake_clean_first' from command line to 'False'
[12.592s] Level 5:colcon.colcon_core.verb:set package 'test_package' build argument 'cmake_force_configure' from command line to 'False'
[12.592s] Level 5:colcon.colcon_core.verb:set package 'test_package' build argument 'ament_cmake_args' from command line to 'None'
[12.592s] Level 5:colcon.colcon_core.verb:set package 'test_package' build argument 'catkin_cmake_args' from command line to 'None'
[12.592s] Level 5:colcon.colcon_core.verb:set package 'test_package' build argument 'catkin_skip_building_tests' from command line to 'False'
[12.593s] DEBUG:colcon.colcon_core.verb:Building package 'test_package' with the following arguments: {'ament_cmake_args': None, 'build_base': '/home/ubuntu/ros2_ws/build/test_package', 'catkin_cmake_args': None, 'catkin_skip_building_tests': False, 'cmake_args': None, 'cmake_clean_cache': False, 'cmake_clean_first': False, 'cmake_force_configure': False, 'cmake_target': None, 'cmake_target_skip_unavailable': False, 'install_base': '/home/ubuntu/ros2_ws/install/test_package', 'merge_install': False, 'path': '/home/ubuntu/ros2_ws/src/test_package', 'symlink_install': False, 'test_result_base': None}
[12.596s] Level 5:colcon.colcon_core.verb:set package 'turtlebot_test' build argument 'cmake_args' from command line to 'None'
[12.597s] Level 5:colcon.colcon_core.verb:set package 'turtlebot_test' build argument 'cmake_target' from command line to 'None'
[12.597s] Level 5:colcon.colcon_core.verb:set package 'turtlebot_test' build argument 'cmake_target_skip_unavailable' from command line to 'False'
[12.597s] Level 5:colcon.colcon_core.verb:set package 'turtlebot_test' build argument 'cmake_clean_cache' from command line to 'False'
[12.598s] Level 5:colcon.colcon_core.verb:set package 'turtlebot_test' build argument 'cmake_clean_first' from command line to 'False'
[12.598s] Level 5:colcon.colcon_core.verb:set package 'turtlebot_test' build argument 'cmake_force_configure' from command line to 'False'
[12.598s] Level 5:colcon.colcon_core.verb:set package 'turtlebot_test' build argument 'ament_cmake_args' from command line to 'None'
[12.598s] Level 5:colcon.colcon_core.verb:set package 'turtlebot_test' build argument 'catkin_cmake_args' from command line to 'None'
[12.599s] Level 5:colcon.colcon_core.verb:set package 'turtlebot_test' build argument 'catkin_skip_building_tests' from command line to 'False'
[12.599s] DEBUG:colcon.colcon_core.verb:Building package 'turtlebot_test' with the following arguments: {'ament_cmake_args': None, 'build_base': '/home/ubuntu/ros2_ws/build/turtlebot_test', 'catkin_cmake_args': None, 'catkin_skip_building_tests': False, 'cmake_args': None, 'cmake_clean_cache': False, 'cmake_clean_first': False, 'cmake_force_configure': False, 'cmake_target': None, 'cmake_target_skip_unavailable': False, 'install_base': '/home/ubuntu/ros2_ws/install/turtlebot_test', 'merge_install': False, 'path': '/home/ubuntu/ros2_ws/src/turtlebot_test', 'symlink_install': False, 'test_result_base': None}
[12.601s] INFO:colcon.colcon_core.executor:Executing jobs using 'parallel' executor
[12.608s] DEBUG:colcon.colcon_parallel_executor.executor.parallel:run_until_complete
[12.610s] INFO:colcon.colcon_ros.task.ament_cmake.build:Building ROS package in '/home/ubuntu/ros2_ws/src/camera_ros' with build type 'ament_cmake'
[12.612s] INFO:colcon.colcon_cmake.task.cmake.build:Building CMake package in '/home/ubuntu/ros2_ws/src/camera_ros'
[12.635s] INFO:colcon.colcon_core.plugin_system:Skipping extension 'colcon_core.shell.bat': Not used on non-Windows systems
[12.638s] INFO:colcon.colcon_core.shell:Skip shell extension 'powershell' for command environment: Not usable outside of PowerShell
[12.639s] DEBUG:colcon.colcon_core.shell:Skip shell extension 'dsv' for command environment
[12.696s] INFO:colcon.colcon_ros.task.ament_cmake.build:Building ROS package in '/home/ubuntu/ros2_ws/src/samplepackage_turtlebot' with build type 'ament_cmake'
[12.698s] INFO:colcon.colcon_cmake.task.cmake.build:Building CMake package in '/home/ubuntu/ros2_ws/src/samplepackage_turtlebot'
[12.701s] INFO:colcon.colcon_core.shell:Skip shell extension 'powershell' for command environment: Not usable outside of PowerShell
[12.702s] DEBUG:colcon.colcon_core.shell:Skip shell extension 'dsv' for command environment
[12.762s] INFO:colcon.colcon_core.task.python.build:Building Python package in '/home/ubuntu/ros2_ws/src/self_test'
[12.765s] INFO:colcon.colcon_core.shell:Skip shell extension 'powershell' for command environment: Not usable outside of PowerShell
[12.767s] DEBUG:colcon.colcon_core.shell:Skip shell extension 'dsv' for command environment
[12.835s] INFO:colcon.colcon_core.task.python.build:Building Python package in '/home/ubuntu/ros2_ws/src/test_package'
[12.838s] INFO:colcon.colcon_core.shell:Skip shell extension 'powershell' for command environment: Not usable outside of PowerShell
[12.839s] DEBUG:colcon.colcon_core.shell:Skip shell extension 'dsv' for command environment
[12.953s] DEBUG:colcon.colcon_core.event_handler.log_command:Invoking command in '/home/ubuntu/ros2_ws/build/camera_ros': CMAKE_PREFIX_PATH=${CMAKE_PREFIX_PATH}:/home/ubuntu/ros2_ws/install/my_package:/home/ubuntu/turtlebot3_ws/install/turtlebot3_teleop:/home/ubuntu/turtlebot3_ws/install/turtlebot3_example:/opt/ros/humble /usr/bin/cmake --build /home/ubuntu/ros2_ws/build/camera_ros -- -j4 -l4
[13.025s] DEBUG:colcon.colcon_core.event_handler.log_command:Invoking command in '/home/ubuntu/ros2_ws/build/samplepackage_turtlebot': CMAKE_PREFIX_PATH=${CMAKE_PREFIX_PATH}:/home/ubuntu/ros2_ws/install/my_package:/home/ubuntu/turtlebot3_ws/install/turtlebot3_teleop:/home/ubuntu/turtlebot3_ws/install/turtlebot3_example:/opt/ros/humble /usr/bin/cmake --build /home/ubuntu/ros2_ws/build/samplepackage_turtlebot -- -j4 -l4
[16.477s] DEBUG:colcon.colcon_core.event_handler.log_command:Invoked command in '/home/ubuntu/ros2_ws/build/samplepackage_turtlebot' returned '0': CMAKE_PREFIX_PATH=${CMAKE_PREFIX_PATH}:/home/ubuntu/ros2_ws/install/my_package:/home/ubuntu/turtlebot3_ws/install/turtlebot3_teleop:/home/ubuntu/turtlebot3_ws/install/turtlebot3_example:/opt/ros/humble /usr/bin/cmake --build /home/ubuntu/ros2_ws/build/samplepackage_turtlebot -- -j4 -l4
[16.488s] DEBUG:colcon.colcon_core.event_handler.log_command:Invoked command in '/home/ubuntu/ros2_ws/build/camera_ros' returned '0': CMAKE_PREFIX_PATH=${CMAKE_PREFIX_PATH}:/home/ubuntu/ros2_ws/install/my_package:/home/ubuntu/turtlebot3_ws/install/turtlebot3_teleop:/home/ubuntu/turtlebot3_ws/install/turtlebot3_example:/opt/ros/humble /usr/bin/cmake --build /home/ubuntu/ros2_ws/build/camera_ros -- -j4 -l4
[20.004s] DEBUG:colcon.colcon_core.event_handler.log_command:Invoking command in '/home/ubuntu/ros2_ws/build/samplepackage_turtlebot': CMAKE_PREFIX_PATH=${CMAKE_PREFIX_PATH}:/home/ubuntu/ros2_ws/install/my_package:/home/ubuntu/turtlebot3_ws/install/turtlebot3_teleop:/home/ubuntu/turtlebot3_ws/install/turtlebot3_example:/opt/ros/humble /usr/bin/cmake --install /home/ubuntu/ros2_ws/build/samplepackage_turtlebot
[20.032s] DEBUG:colcon.colcon_core.event_handler.log_command:Invoking command in '/home/ubuntu/ros2_ws/build/camera_ros': CMAKE_PREFIX_PATH=${CMAKE_PREFIX_PATH}:/home/ubuntu/ros2_ws/install/my_package:/home/ubuntu/turtlebot3_ws/install/turtlebot3_teleop:/home/ubuntu/turtlebot3_ws/install/turtlebot3_example:/opt/ros/humble /usr/bin/cmake --install /home/ubuntu/ros2_ws/build/camera_ros
[20.172s] Level 1:colcon.colcon_core.environment:create_environment_scripts_only(samplepackage_turtlebot)
[20.178s] DEBUG:colcon.colcon_core.event_handler.log_command:Invoked command in '/home/ubuntu/ros2_ws/build/samplepackage_turtlebot' returned '0': CMAKE_PREFIX_PATH=${CMAKE_PREFIX_PATH}:/home/ubuntu/ros2_ws/install/my_package:/home/ubuntu/turtlebot3_ws/install/turtlebot3_teleop:/home/ubuntu/turtlebot3_ws/install/turtlebot3_example:/opt/ros/humble /usr/bin/cmake --install /home/ubuntu/ros2_ws/build/samplepackage_turtlebot
[20.248s] Level 1:colcon.colcon_core.environment:checking '/home/ubuntu/ros2_ws/install/samplepackage_turtlebot' for CMake module files
[20.263s] Level 1:colcon.colcon_core.environment:checking '/home/ubuntu/ros2_ws/install/samplepackage_turtlebot' for CMake config files
[20.277s] Level 1:colcon.colcon_core.shell:create_environment_hook('samplepackage_turtlebot', 'cmake_prefix_path')
[20.281s] INFO:colcon.colcon_core.shell:Creating environment hook '/home/ubuntu/ros2_ws/install/samplepackage_turtlebot/share/samplepackage_turtlebot/hook/cmake_prefix_path.ps1'
[20.301s] INFO:colcon.colcon_core.shell:Creating environment descriptor '/home/ubuntu/ros2_ws/install/samplepackage_turtlebot/share/samplepackage_turtlebot/hook/cmake_prefix_path.dsv'
[20.311s] INFO:colcon.colcon_core.shell:Creating environment hook '/home/ubuntu/ros2_ws/install/samplepackage_turtlebot/share/samplepackage_turtlebot/hook/cmake_prefix_path.sh'
[20.326s] Level 1:colcon.colcon_core.environment:checking '/home/ubuntu/ros2_ws/install/samplepackage_turtlebot/bin'
[20.328s] Level 1:colcon.colcon_core.environment:checking '/home/ubuntu/ros2_ws/install/samplepackage_turtlebot/lib/pkgconfig/samplepackage_turtlebot.pc'
[20.332s] Level 1:colcon.colcon_core.environment:checking '/home/ubuntu/ros2_ws/install/samplepackage_turtlebot/lib/python3.10/site-packages'
[20.337s] Level 1:colcon.colcon_core.environment:checking '/home/ubuntu/ros2_ws/install/samplepackage_turtlebot/bin'
[20.342s] INFO:colcon.colcon_core.shell:Creating package script '/home/ubuntu/ros2_ws/install/samplepackage_turtlebot/share/samplepackage_turtlebot/package.ps1'
[20.355s] INFO:colcon.colcon_core.shell:Creating package descriptor '/home/ubuntu/ros2_ws/install/samplepackage_turtlebot/share/samplepackage_turtlebot/package.dsv'
[20.367s] INFO:colcon.colcon_core.shell:Creating package script '/home/ubuntu/ros2_ws/install/samplepackage_turtlebot/share/samplepackage_turtlebot/package.sh'
[20.384s] INFO:colcon.colcon_core.shell:Creating package script '/home/ubuntu/ros2_ws/install/samplepackage_turtlebot/share/samplepackage_turtlebot/package.bash'
[20.402s] INFO:colcon.colcon_core.shell:Creating package script '/home/ubuntu/ros2_ws/install/samplepackage_turtlebot/share/samplepackage_turtlebot/package.zsh'
[20.414s] Level 1:colcon.colcon_core.environment:create_file_with_runtime_dependencies(/home/ubuntu/ros2_ws/install/samplepackage_turtlebot/share/colcon-core/packages/samplepackage_turtlebot)
[20.451s] Level 1:colcon.colcon_core.environment:create_environment_scripts_only(camera_ros)
[20.455s] DEBUG:colcon.colcon_core.event_handler.log_command:Invoked command in '/home/ubuntu/ros2_ws/build/camera_ros' returned '0': CMAKE_PREFIX_PATH=${CMAKE_PREFIX_PATH}:/home/ubuntu/ros2_ws/install/my_package:/home/ubuntu/turtlebot3_ws/install/turtlebot3_teleop:/home/ubuntu/turtlebot3_ws/install/turtlebot3_example:/opt/ros/humble /usr/bin/cmake --install /home/ubuntu/ros2_ws/build/camera_ros
[20.461s] Level 1:colcon.colcon_core.environment:checking '/home/ubuntu/ros2_ws/install/camera_ros' for CMake module files
[20.473s] Level 1:colcon.colcon_core.environment:checking '/home/ubuntu/ros2_ws/install/camera_ros' for CMake config files
[20.495s] Level 1:colcon.colcon_core.shell:create_environment_hook('camera_ros', 'cmake_prefix_path')
[20.499s] INFO:colcon.colcon_core.shell:Creating environment hook '/home/ubuntu/ros2_ws/install/camera_ros/share/camera_ros/hook/cmake_prefix_path.ps1'
[20.523s] INFO:colcon.colcon_core.shell:Creating environment descriptor '/home/ubuntu/ros2_ws/install/camera_ros/share/camera_ros/hook/cmake_prefix_path.dsv'
[20.529s] INFO:colcon.colcon_core.shell:Creating environment hook '/home/ubuntu/ros2_ws/install/camera_ros/share/camera_ros/hook/cmake_prefix_path.sh'
[20.537s] Level 1:colcon.colcon_core.environment:checking '/home/ubuntu/ros2_ws/install/camera_ros/lib'
[20.540s] Level 1:colcon.colcon_core.shell:create_environment_hook('camera_ros', 'ld_library_path_lib')
[20.544s] INFO:colcon.colcon_core.shell:Creating environment hook '/home/ubuntu/ros2_ws/install/camera_ros/share/camera_ros/hook/ld_library_path_lib.ps1'
[20.551s] INFO:colcon.colcon_core.shell:Creating environment descriptor '/home/ubuntu/ros2_ws/install/camera_ros/share/camera_ros/hook/ld_library_path_lib.dsv'
[20.556s] INFO:colcon.colcon_core.shell:Creating environment hook '/home/ubuntu/ros2_ws/install/camera_ros/share/camera_ros/hook/ld_library_path_lib.sh'
[20.563s] Level 1:colcon.colcon_core.environment:checking '/home/ubuntu/ros2_ws/install/camera_ros/bin'
[20.565s] Level 1:colcon.colcon_core.environment:checking '/home/ubuntu/ros2_ws/install/camera_ros/lib/pkgconfig/camera_ros.pc'
[20.569s] Level 1:colcon.colcon_core.environment:checking '/home/ubuntu/ros2_ws/install/camera_ros/lib/python3.10/site-packages'
[20.574s] Level 1:colcon.colcon_core.environment:checking '/home/ubuntu/ros2_ws/install/camera_ros/bin'
[20.579s] INFO:colcon.colcon_core.shell:Creating package script '/home/ubuntu/ros2_ws/install/camera_ros/share/camera_ros/package.ps1'
[20.586s] INFO:colcon.colcon_core.shell:Creating package descriptor '/home/ubuntu/ros2_ws/install/camera_ros/share/camera_ros/package.dsv'
[20.597s] INFO:colcon.colcon_core.shell:Creating package script '/home/ubuntu/ros2_ws/install/camera_ros/share/camera_ros/package.sh'
[20.605s] INFO:colcon.colcon_core.shell:Creating package script '/home/ubuntu/ros2_ws/install/camera_ros/share/camera_ros/package.bash'
[20.610s] INFO:colcon.colcon_core.shell:Creating package script '/home/ubuntu/ros2_ws/install/camera_ros/share/camera_ros/package.zsh'
[20.616s] Level 1:colcon.colcon_core.environment:create_file_with_runtime_dependencies(/home/ubuntu/ros2_ws/install/camera_ros/share/colcon-core/packages/camera_ros)
[20.910s] Level 1:colcon.colcon_core.environment:create_environment_scripts_only(samplepackage_turtlebot)
[20.915s] Level 1:colcon.colcon_core.environment:checking '/home/ubuntu/ros2_ws/install/samplepackage_turtlebot' for CMake module files
[20.924s] Level 1:colcon.colcon_core.environment:checking '/home/ubuntu/ros2_ws/install/samplepackage_turtlebot' for CMake config files
[20.932s] Level 1:colcon.colcon_core.shell:create_environment_hook('samplepackage_turtlebot', 'cmake_prefix_path')
[20.937s] INFO:colcon.colcon_core.shell:Creating environment hook '/home/ubuntu/ros2_ws/install/samplepackage_turtlebot/share/samplepackage_turtlebot/hook/cmake_prefix_path.ps1'
[20.947s] INFO:colcon.colcon_core.shell:Creating environment descriptor '/home/ubuntu/ros2_ws/install/samplepackage_turtlebot/share/samplepackage_turtlebot/hook/cmake_prefix_path.dsv'
[20.955s] INFO:colcon.colcon_core.shell:Creating environment hook '/home/ubuntu/ros2_ws/install/samplepackage_turtlebot/share/samplepackage_turtlebot/hook/cmake_prefix_path.sh'
[20.967s] Level 1:colcon.colcon_core.environment:checking '/home/ubuntu/ros2_ws/install/samplepackage_turtlebot/bin'
[20.969s] Level 1:colcon.colcon_core.environment:checking '/home/ubuntu/ros2_ws/install/samplepackage_turtlebot/lib/pkgconfig/samplepackage_turtlebot.pc'
[20.974s] Level 1:colcon.colcon_core.environment:checking '/home/ubuntu/ros2_ws/install/samplepackage_turtlebot/lib/python3.10/site-packages'
[20.978s] Level 1:colcon.colcon_core.environment:checking '/home/ubuntu/ros2_ws/install/samplepackage_turtlebot/bin'
[20.983s] INFO:colcon.colcon_core.shell:Creating package script '/home/ubuntu/ros2_ws/install/samplepackage_turtlebot/share/samplepackage_turtlebot/package.ps1'
[20.994s] INFO:colcon.colcon_core.shell:Creating package descriptor '/home/ubuntu/ros2_ws/install/samplepackage_turtlebot/share/samplepackage_turtlebot/package.dsv'
[21.010s] INFO:colcon.colcon_core.shell:Creating package script '/home/ubuntu/ros2_ws/install/samplepackage_turtlebot/share/samplepackage_turtlebot/package.sh'
[21.021s] INFO:colcon.colcon_core.shell:Creating package script '/home/ubuntu/ros2_ws/install/samplepackage_turtlebot/share/samplepackage_turtlebot/package.bash'
[21.031s] INFO:colcon.colcon_core.shell:Creating package script '/home/ubuntu/ros2_ws/install/samplepackage_turtlebot/share/samplepackage_turtlebot/package.zsh'
[21.041s] Level 1:colcon.colcon_core.environment:create_file_with_runtime_dependencies(/home/ubuntu/ros2_ws/install/samplepackage_turtlebot/share/colcon-core/packages/samplepackage_turtlebot)
[21.057s] INFO:colcon.colcon_core.task.python.build:Building Python package in '/home/ubuntu/ros2_ws/src/turtlebot_test'
[21.064s] INFO:colcon.colcon_core.shell:Skip shell extension 'powershell' for command environment: Not usable outside of PowerShell
[21.066s] DEBUG:colcon.colcon_core.shell:Skip shell extension 'dsv' for command environment
[24.661s] Level 1:colcon.colcon_core.environment:create_environment_scripts_only(camera_ros)
[24.664s] Level 1:colcon.colcon_core.environment:checking '/home/ubuntu/ros2_ws/install/camera_ros' for CMake module files
[24.667s] DEBUG:colcon.colcon_core.event_handler.log_command:Invoking command in '/home/ubuntu/ros2_ws/src/self_test': PYTHONPATH=/home/ubuntu/ros2_ws/build/self_test/prefix_override:/home/ubuntu/ros2_ws/install/self_test/lib/python3.10/site-packages:${PYTHONPATH} /usr/bin/python3 -W ignore:setup.py install is deprecated setup.py egg_info --egg-base ../../build/self_test build --build-base /home/ubuntu/ros2_ws/build/self_test/build install --record /home/ubuntu/ros2_ws/build/self_test/install.log --single-version-externally-managed install_data
[24.673s] Level 1:colcon.colcon_core.environment:checking '/home/ubuntu/ros2_ws/install/camera_ros' for CMake config files
[24.679s] Level 1:colcon.colcon_core.shell:create_environment_hook('camera_ros', 'cmake_prefix_path')
[24.682s] INFO:colcon.colcon_core.shell:Creating environment hook '/home/ubuntu/ros2_ws/install/camera_ros/share/camera_ros/hook/cmake_prefix_path.ps1'
[24.689s] INFO:colcon.colcon_core.shell:Creating environment descriptor '/home/ubuntu/ros2_ws/install/camera_ros/share/camera_ros/hook/cmake_prefix_path.dsv'
[24.693s] INFO:colcon.colcon_core.shell:Creating environment hook '/home/ubuntu/ros2_ws/install/camera_ros/share/camera_ros/hook/cmake_prefix_path.sh'
[24.700s] Level 1:colcon.colcon_core.environment:checking '/home/ubuntu/ros2_ws/install/camera_ros/lib'
[24.701s] Level 1:colcon.colcon_core.shell:create_environment_hook('camera_ros', 'ld_library_path_lib')
[24.704s] INFO:colcon.colcon_core.shell:Creating environment hook '/home/ubuntu/ros2_ws/install/camera_ros/share/camera_ros/hook/ld_library_path_lib.ps1'
[24.708s] INFO:colcon.colcon_core.shell:Creating environment descriptor '/home/ubuntu/ros2_ws/install/camera_ros/share/camera_ros/hook/ld_library_path_lib.dsv'
[24.713s] INFO:colcon.colcon_core.shell:Creating environment hook '/home/ubuntu/ros2_ws/install/camera_ros/share/camera_ros/hook/ld_library_path_lib.sh'
[24.717s] Level 1:colcon.colcon_core.environment:checking '/home/ubuntu/ros2_ws/install/camera_ros/bin'
[24.718s] Level 1:colcon.colcon_core.environment:checking '/home/ubuntu/ros2_ws/install/camera_ros/lib/pkgconfig/camera_ros.pc'
[24.721s] Level 1:colcon.colcon_core.environment:checking '/home/ubuntu/ros2_ws/install/camera_ros/lib/python3.10/site-packages'
[24.724s] Level 1:colcon.colcon_core.environment:checking '/home/ubuntu/ros2_ws/install/camera_ros/bin'
[24.728s] INFO:colcon.colcon_core.shell:Creating package script '/home/ubuntu/ros2_ws/install/camera_ros/share/camera_ros/package.ps1'
[24.735s] INFO:colcon.colcon_core.shell:Creating package descriptor '/home/ubuntu/ros2_ws/install/camera_ros/share/camera_ros/package.dsv'
[24.742s] INFO:colcon.colcon_core.shell:Creating package script '/home/ubuntu/ros2_ws/install/camera_ros/share/camera_ros/package.sh'
[24.748s] INFO:colcon.colcon_core.shell:Creating package script '/home/ubuntu/ros2_ws/install/camera_ros/share/camera_ros/package.bash'
[24.753s] INFO:colcon.colcon_core.shell:Creating package script '/home/ubuntu/ros2_ws/install/camera_ros/share/camera_ros/package.zsh'
[24.758s] Level 1:colcon.colcon_core.environment:create_file_with_runtime_dependencies(/home/ubuntu/ros2_ws/install/camera_ros/share/colcon-core/packages/camera_ros)
[24.793s] DEBUG:colcon.colcon_core.event_handler.log_command:Invoking command in '/home/ubuntu/ros2_ws/src/test_package': PYTHONPATH=/home/ubuntu/ros2_ws/build/test_package/prefix_override:/home/ubuntu/ros2_ws/install/test_package/lib/python3.10/site-packages:${PYTHONPATH} /usr/bin/python3 -W ignore:setup.py install is deprecated setup.py egg_info --egg-base ../../build/test_package build --build-base /home/ubuntu/ros2_ws/build/test_package/build install --record /home/ubuntu/ros2_ws/build/test_package/install.log --single-version-externally-managed install_data
[31.153s] Level 1:colcon.colcon_core.environment:checking '/home/ubuntu/ros2_ws/install/self_test' for CMake module files
[31.157s] DEBUG:colcon.colcon_core.event_handler.log_command:Invoked command in '/home/ubuntu/ros2_ws/src/self_test' returned '0': PYTHONPATH=/home/ubuntu/ros2_ws/build/self_test/prefix_override:/home/ubuntu/ros2_ws/install/self_test/lib/python3.10/site-packages:${PYTHONPATH} /usr/bin/python3 -W ignore:setup.py install is deprecated setup.py egg_info --egg-base ../../build/self_test build --build-base /home/ubuntu/ros2_ws/build/self_test/build install --record /home/ubuntu/ros2_ws/build/self_test/install.log --single-version-externally-managed install_data
[31.172s] Level 1:colcon.colcon_core.environment:checking '/home/ubuntu/ros2_ws/install/self_test' for CMake config files
[31.197s] Level 1:colcon.colcon_core.environment:checking '/home/ubuntu/ros2_ws/install/self_test/lib'
[31.199s] Level 1:colcon.colcon_core.environment:checking '/home/ubuntu/ros2_ws/install/self_test/bin'
[31.201s] Level 1:colcon.colcon_core.environment:checking '/home/ubuntu/ros2_ws/install/self_test/lib/pkgconfig/self_test.pc'
[31.205s] Level 1:colcon.colcon_core.environment:checking '/home/ubuntu/ros2_ws/install/self_test/lib/python3.10/site-packages'
[31.208s] Level 1:colcon.colcon_core.shell:create_environment_hook('self_test', 'pythonpath')
[31.212s] INFO:colcon.colcon_core.shell:Creating environment hook '/home/ubuntu/ros2_ws/install/self_test/share/self_test/hook/pythonpath.ps1'
[31.218s] INFO:colcon.colcon_core.shell:Creating environment descriptor '/home/ubuntu/ros2_ws/install/self_test/share/self_test/hook/pythonpath.dsv'
[31.225s] INFO:colcon.colcon_core.shell:Creating environment hook '/home/ubuntu/ros2_ws/install/self_test/share/self_test/hook/pythonpath.sh'
[31.235s] Level 1:colcon.colcon_core.environment:checking '/home/ubuntu/ros2_ws/install/self_test/bin'
[31.236s] Level 1:colcon.colcon_core.environment:create_environment_scripts_only(self_test)
[31.241s] INFO:colcon.colcon_core.shell:Creating package script '/home/ubuntu/ros2_ws/install/self_test/share/self_test/package.ps1'
[31.248s] INFO:colcon.colcon_core.shell:Creating package descriptor '/home/ubuntu/ros2_ws/install/self_test/share/self_test/package.dsv'
[31.255s] INFO:colcon.colcon_core.shell:Creating package script '/home/ubuntu/ros2_ws/install/self_test/share/self_test/package.sh'
[31.262s] INFO:colcon.colcon_core.shell:Creating package script '/home/ubuntu/ros2_ws/install/self_test/share/self_test/package.bash'
[31.270s] INFO:colcon.colcon_core.shell:Creating package script '/home/ubuntu/ros2_ws/install/self_test/share/self_test/package.zsh'
[31.277s] Level 1:colcon.colcon_core.environment:create_file_with_runtime_dependencies(/home/ubuntu/ros2_ws/install/self_test/share/colcon-core/packages/self_test)
[31.309s] Level 1:colcon.colcon_core.environment:checking '/home/ubuntu/ros2_ws/install/test_package' for CMake module files
[31.317s] DEBUG:colcon.colcon_core.event_handler.log_command:Invoked command in '/home/ubuntu/ros2_ws/src/test_package' returned '0': PYTHONPATH=/home/ubuntu/ros2_ws/build/test_package/prefix_override:/home/ubuntu/ros2_ws/install/test_package/lib/python3.10/site-packages:${PYTHONPATH} /usr/bin/python3 -W ignore:setup.py install is deprecated setup.py egg_info --egg-base ../../build/test_package build --build-base /home/ubuntu/ros2_ws/build/test_package/build install --record /home/ubuntu/ros2_ws/build/test_package/install.log --single-version-externally-managed install_data
[31.324s] Level 1:colcon.colcon_core.environment:checking '/home/ubuntu/ros2_ws/install/test_package' for CMake config files
[31.345s] Level 1:colcon.colcon_core.environment:checking '/home/ubuntu/ros2_ws/install/test_package/lib'
[31.347s] Level 1:colcon.colcon_core.environment:checking '/home/ubuntu/ros2_ws/install/test_package/bin'
[31.348s] Level 1:colcon.colcon_core.environment:checking '/home/ubuntu/ros2_ws/install/test_package/lib/pkgconfig/test_package.pc'
[31.351s] Level 1:colcon.colcon_core.environment:checking '/home/ubuntu/ros2_ws/install/test_package/lib/python3.10/site-packages'
[31.352s] Level 1:colcon.colcon_core.shell:create_environment_hook('test_package', 'pythonpath')
[31.355s] INFO:colcon.colcon_core.shell:Creating environment hook '/home/ubuntu/ros2_ws/install/test_package/share/test_package/hook/pythonpath.ps1'
[31.360s] INFO:colcon.colcon_core.shell:Creating environment descriptor '/home/ubuntu/ros2_ws/install/test_package/share/test_package/hook/pythonpath.dsv'
[31.365s] INFO:colcon.colcon_core.shell:Creating environment hook '/home/ubuntu/ros2_ws/install/test_package/share/test_package/hook/pythonpath.sh'
[31.373s] Level 1:colcon.colcon_core.environment:checking '/home/ubuntu/ros2_ws/install/test_package/bin'
[31.374s] Level 1:colcon.colcon_core.environment:create_environment_scripts_only(test_package)
[31.378s] INFO:colcon.colcon_core.shell:Creating package script '/home/ubuntu/ros2_ws/install/test_package/share/test_package/package.ps1'
[31.383s] INFO:colcon.colcon_core.shell:Creating package descriptor '/home/ubuntu/ros2_ws/install/test_package/share/test_package/package.dsv'
[31.389s] INFO:colcon.colcon_core.shell:Creating package script '/home/ubuntu/ros2_ws/install/test_package/share/test_package/package.sh'
[31.394s] INFO:colcon.colcon_core.shell:Creating package script '/home/ubuntu/ros2_ws/install/test_package/share/test_package/package.bash'
[31.399s] INFO:colcon.colcon_core.shell:Creating package script '/home/ubuntu/ros2_ws/install/test_package/share/test_package/package.zsh'
[31.403s] Level 1:colcon.colcon_core.environment:create_file_with_runtime_dependencies(/home/ubuntu/ros2_ws/install/test_package/share/colcon-core/packages/test_package)
[31.613s] DEBUG:colcon.colcon_core.event_handler.log_command:Invoking command in '/home/ubuntu/ros2_ws/src/turtlebot_test': PYTHONPATH=/home/ubuntu/ros2_ws/build/turtlebot_test/prefix_override:/home/ubuntu/ros2_ws/install/turtlebot_test/lib/python3.10/site-packages:${PYTHONPATH} /usr/bin/python3 -W ignore:setup.py install is deprecated setup.py egg_info --egg-base ../../build/turtlebot_test build --build-base /home/ubuntu/ros2_ws/build/turtlebot_test/build install --record /home/ubuntu/ros2_ws/build/turtlebot_test/install.log --single-version-externally-managed install_data
[35.105s] Level 1:colcon.colcon_core.environment:checking '/home/ubuntu/ros2_ws/install/turtlebot_test' for CMake module files
[35.114s] DEBUG:colcon.colcon_core.event_handler.log_command:Invoked command in '/home/ubuntu/ros2_ws/src/turtlebot_test' returned '0': PYTHONPATH=/home/ubuntu/ros2_ws/build/turtlebot_test/prefix_override:/home/ubuntu/ros2_ws/install/turtlebot_test/lib/python3.10/site-packages:${PYTHONPATH} /usr/bin/python3 -W ignore:setup.py install is deprecated setup.py egg_info --egg-base ../../build/turtlebot_test build --build-base /home/ubuntu/ros2_ws/build/turtlebot_test/build install --record /home/ubuntu/ros2_ws/build/turtlebot_test/install.log --single-version-externally-managed install_data
[35.123s] Level 1:colcon.colcon_core.environment:checking '/home/ubuntu/ros2_ws/install/turtlebot_test' for CMake config files
[35.136s] Level 1:colcon.colcon_core.environment:checking '/home/ubuntu/ros2_ws/install/turtlebot_test/lib'
[35.139s] Level 1:colcon.colcon_core.environment:checking '/home/ubuntu/ros2_ws/install/turtlebot_test/bin'
[35.141s] Level 1:colcon.colcon_core.environment:checking '/home/ubuntu/ros2_ws/install/turtlebot_test/lib/pkgconfig/turtlebot_test.pc'
[35.145s] Level 1:colcon.colcon_core.environment:checking '/home/ubuntu/ros2_ws/install/turtlebot_test/lib/python3.10/site-packages'
[35.148s] Level 1:colcon.colcon_core.shell:create_environment_hook('turtlebot_test', 'pythonpath')
[35.153s] INFO:colcon.colcon_core.shell:Creating environment hook '/home/ubuntu/ros2_ws/install/turtlebot_test/share/turtlebot_test/hook/pythonpath.ps1'
[35.163s] INFO:colcon.colcon_core.shell:Creating environment descriptor '/home/ubuntu/ros2_ws/install/turtlebot_test/share/turtlebot_test/hook/pythonpath.dsv'
[35.168s] INFO:colcon.colcon_core.shell:Creating environment hook '/home/ubuntu/ros2_ws/install/turtlebot_test/share/turtlebot_test/hook/pythonpath.sh'
[35.178s] Level 1:colcon.colcon_core.environment:checking '/home/ubuntu/ros2_ws/install/turtlebot_test/bin'
[35.179s] Level 1:colcon.colcon_core.environment:create_environment_scripts_only(turtlebot_test)
[35.183s] INFO:colcon.colcon_core.shell:Creating package script '/home/ubuntu/ros2_ws/install/turtlebot_test/share/turtlebot_test/package.ps1'
[35.189s] INFO:colcon.colcon_core.shell:Creating package descriptor '/home/ubuntu/ros2_ws/install/turtlebot_test/share/turtlebot_test/package.dsv'
[35.195s] INFO:colcon.colcon_core.shell:Creating package script '/home/ubuntu/ros2_ws/install/turtlebot_test/share/turtlebot_test/package.sh'
[35.200s] INFO:colcon.colcon_core.shell:Creating package script '/home/ubuntu/ros2_ws/install/turtlebot_test/share/turtlebot_test/package.bash'
[35.204s] INFO:colcon.colcon_core.shell:Creating package script '/home/ubuntu/ros2_ws/install/turtlebot_test/share/turtlebot_test/package.zsh'
[35.209s] Level 1:colcon.colcon_core.environment:create_file_with_runtime_dependencies(/home/ubuntu/ros2_ws/install/turtlebot_test/share/colcon-core/packages/turtlebot_test)
[35.213s] DEBUG:colcon.colcon_parallel_executor.executor.parallel:closing loop
[35.217s] DEBUG:colcon.colcon_parallel_executor.executor.parallel:loop closed
[35.221s] DEBUG:colcon.colcon_parallel_executor.executor.parallel:run_until_complete finished with '0'
[35.222s] DEBUG:colcon.colcon_core.event_reactor:joining thread
[35.429s] INFO:colcon.colcon_core.plugin_system:Skipping extension 'colcon_notification.desktop_notification.notify_send': Could not find 'notify-send'
[35.430s] INFO:colcon.colcon_core.plugin_system:Skipping extension 'colcon_notification.desktop_notification.terminal_notifier': Not used on non-Darwin systems
[35.431s] INFO:colcon.colcon_core.plugin_system:Skipping extension 'colcon_notification.desktop_notification.win32': Not used on non-Windows systems
[35.432s] INFO:colcon.colcon_notification.desktop_notification:Sending desktop notification using 'notify2'
[35.440s] DEBUG:colcon.colcon_notification.desktop_notification.notify2:Failed to initialize notify2: org.freedesktop.DBus.Error.ServiceUnknown: The name org.freedesktop.Notifications was not provided by any .service files
[35.441s] DEBUG:colcon.colcon_core.event_reactor:joined thread
[35.444s] INFO:colcon.colcon_core.shell:Creating prefix script '/home/ubuntu/ros2_ws/install/local_setup.ps1'
[35.458s] INFO:colcon.colcon_core.shell:Creating prefix util module '/home/ubuntu/ros2_ws/install/_local_setup_util_ps1.py'
[35.487s] INFO:colcon.colcon_core.shell:Creating prefix chain script '/home/ubuntu/ros2_ws/install/setup.ps1'
[35.532s] INFO:colcon.colcon_core.shell:Creating prefix script '/home/ubuntu/ros2_ws/install/local_setup.sh'
[35.551s] INFO:colcon.colcon_core.shell:Creating prefix util module '/home/ubuntu/ros2_ws/install/_local_setup_util_sh.py'
[35.557s] INFO:colcon.colcon_core.shell:Creating prefix chain script '/home/ubuntu/ros2_ws/install/setup.sh'
[35.575s] INFO:colcon.colcon_core.shell:Creating prefix script '/home/ubuntu/ros2_ws/install/local_setup.bash'
[35.589s] INFO:colcon.colcon_core.shell:Creating prefix chain script '/home/ubuntu/ros2_ws/install/setup.bash'
[35.609s] INFO:colcon.colcon_core.shell:Creating prefix script '/home/ubuntu/ros2_ws/install/local_setup.zsh'
[35.621s] INFO:colcon.colcon_core.shell:Creating prefix chain script '/home/ubuntu/ros2_ws/install/setup.zsh'
