[0.007s] Invoking command in '/home/jestin/SegFault/tb_ws/build/project2': CMAKE_PREFIX_PATH=/opt/ros/humble /usr/bin/cmake /home/jestin/SegFault/tb_ws/src/project2 -DCMAKE_INSTALL_PREFIX=/home/jestin/SegFault/tb_ws/install/project2
[0.051s] -- The C compiler identification is GNU 11.4.0
[0.094s] -- The CXX compiler identification is GNU 11.4.0
[0.099s] -- Detecting C compiler ABI info
[0.164s] -- Detecting C compiler ABI info - done
[0.173s] -- Check for working C compiler: /usr/bin/cc - skipped
[0.173s] -- Detecting C compile features
[0.173s] -- Detecting C compile features - done
[0.176s] -- Detecting CXX compiler ABI info
[0.233s] -- Detecting CXX compiler ABI info - done
[0.239s] -- Check for working CXX compiler: /usr/bin/c++ - skipped
[0.239s] -- Detecting CXX compile features
[0.239s] -- Detecting CXX compile features - done
[0.242s] -- Found ament_cmake: 1.3.10 (/opt/ros/humble/share/ament_cmake/cmake)
[0.363s] -- Found Python3: /usr/bin/python3 (found version "3.10.12") found components: Interpreter 
[0.435s] -- Found ament_lint_auto: 0.12.11 (/opt/ros/humble/share/ament_lint_auto/cmake)
[0.495s] -- Added test 'cppcheck' to perform static code analysis on C / C++ code
[0.495s] -- Configured cppcheck include dirs: $<BUILD_INTERFACE:/home/jestin/SegFault/tb_ws/src/project2/include>
[0.495s] -- Configured cppcheck exclude dirs and/or files: 
[0.495s] -- Added test 'lint_cmake' to check CMake code style
[0.496s] -- Added test 'uncrustify' to check C / C++ code style
[0.496s] -- Configured uncrustify additional arguments: 
[0.496s] -- Added test 'xmllint' to check XML markup files
[0.497s] -- Configuring done
[0.499s] -- Generating done
[0.500s] -- Build files have been written to: /home/jestin/SegFault/tb_ws/build/project2
[0.503s] Invoked command in '/home/jestin/SegFault/tb_ws/build/project2' returned '0': CMAKE_PREFIX_PATH=/opt/ros/humble /usr/bin/cmake /home/jestin/SegFault/tb_ws/src/project2 -DCMAKE_INSTALL_PREFIX=/home/jestin/SegFault/tb_ws/install/project2
[0.504s] Invoking command in '/home/jestin/SegFault/tb_ws/build/project2': CMAKE_PREFIX_PATH=/opt/ros/humble /usr/bin/cmake --build /home/jestin/SegFault/tb_ws/build/project2 -- -j8 -l8
[0.545s] [ 50%] [32mBuilding CXX object CMakeFiles/robot.dir/src/robot.cpp.o[0m
[0.571s] [100%] [32m[1mLinking CXX executable robot[0m
[0.606s] [100%] Built target robot
[0.613s] Invoked command in '/home/jestin/SegFault/tb_ws/build/project2' returned '0': CMAKE_PREFIX_PATH=/opt/ros/humble /usr/bin/cmake --build /home/jestin/SegFault/tb_ws/build/project2 -- -j8 -l8
[0.640s] Invoking command in '/home/jestin/SegFault/tb_ws/build/project2': CMAKE_PREFIX_PATH=/opt/ros/humble /usr/bin/cmake --install /home/jestin/SegFault/tb_ws/build/project2
[0.646s] -- Install configuration: ""
[0.646s] -- Installing: /home/jestin/SegFault/tb_ws/install/project2/lib/project2/robot
[0.647s] -- Installing: /home/jestin/SegFault/tb_ws/install/project2/share/ament_index/resource_index/package_run_dependencies/project2
[0.647s] -- Installing: /home/jestin/SegFault/tb_ws/install/project2/share/ament_index/resource_index/parent_prefix_path/project2
[0.647s] -- Installing: /home/jestin/SegFault/tb_ws/install/project2/share/project2/environment/ament_prefix_path.sh
[0.647s] -- Installing: /home/jestin/SegFault/tb_ws/install/project2/share/project2/environment/ament_prefix_path.dsv
[0.647s] -- Installing: /home/jestin/SegFault/tb_ws/install/project2/share/project2/environment/path.sh
[0.647s] -- Installing: /home/jestin/SegFault/tb_ws/install/project2/share/project2/environment/path.dsv
[0.647s] -- Installing: /home/jestin/SegFault/tb_ws/install/project2/share/project2/local_setup.bash
[0.647s] -- Installing: /home/jestin/SegFault/tb_ws/install/project2/share/project2/local_setup.sh
[0.647s] -- Installing: /home/jestin/SegFault/tb_ws/install/project2/share/project2/local_setup.zsh
[0.647s] -- Installing: /home/jestin/SegFault/tb_ws/install/project2/share/project2/local_setup.dsv
[0.647s] -- Installing: /home/jestin/SegFault/tb_ws/install/project2/share/project2/package.dsv
[0.647s] -- Installing: /home/jestin/SegFault/tb_ws/install/project2/share/ament_index/resource_index/packages/project2
[0.647s] -- Installing: /home/jestin/SegFault/tb_ws/install/project2/share/project2/cmake/project2Config.cmake
[0.647s] -- Installing: /home/jestin/SegFault/tb_ws/install/project2/share/project2/cmake/project2Config-version.cmake
[0.648s] -- Installing: /home/jestin/SegFault/tb_ws/install/project2/share/project2/package.xml
[0.649s] Invoked command in '/home/jestin/SegFault/tb_ws/build/project2' returned '0': CMAKE_PREFIX_PATH=/opt/ros/humble /usr/bin/cmake --install /home/jestin/SegFault/tb_ws/build/project2
